
> carolina-renew-new@0.0.1 build
> astro build

20:13:52 [vite] Re-optimizing dependencies because vite config has changed
20:13:53 [content] Syncing content
20:13:53 [content] Synced content
20:13:53 [types] Generated 501ms
20:13:53 [build] output: "static"
20:13:53 [build] mode: "static"
20:13:53 [build] directory: /Users/user/Desktop/Проекты/Carolina-renew-new/dist/
20:13:53 [build] Collecting build info...
20:13:53 [build] ✓ Completed in 638ms.
20:13:56 [build] Building static entrypoints...
20:13:59 [WARN] [vite] "matchHostname", "matchPathname", "matchPort" and "matchProtocol" are imported from external module "@astrojs/internal-helpers/remote" but never used in "node_modules/astro/dist/assets/utils/remotePattern.js".
20:14:00 [vite] ✓ built in 3.68s
20:14:00 [build] ✓ Completed in 3.75s.

 generating static routes 
20:14:00 ▶ src/pages/about.astro
20:14:00   └─ /about/index.html (+27ms) 
20:14:00 ▶ src/pages/contact.astro
20:14:00   └─ /contact/index.html (+20ms) 
20:14:00 ▶ src/pages/portfolio.astro
20:14:00   └─ /portfolio/index.html (+9ms) 
20:14:00 ▶ src/pages/privacy.astro
20:14:00   └─ /privacy/index.html (+6ms) 
20:14:00 ▶ src/pages/process.astro
20:14:00   └─ /process/index.html (+7ms) 
20:14:00 ▶ src/pages/reviews.astro
20:14:00   └─ /reviews/index.html (+14ms) 
20:14:00 ▶ src/pages/service-areas.astro
20:14:00   └─ /service-areas/index.html (+10ms) 
20:14:00 ▶ src/pages/terms.astro
20:14:00   └─ /terms/index.html (+12ms) 
20:14:00 ▶ src/pages/index.astro
20:14:00   └─ /index.html (+26ms) 
20:14:00 ▶ src/pages/[...slug].astro
20:14:00   ├─ /Charlotte/index.html (+7ms) 
20:14:00   ├─ /Charlotte/cabinet-services/index.html (+6ms) 
20:14:00   ├─ /Charlotte/cabinet-services/cabinet-refinishing/index.html (+22ms) 
20:14:00   ├─ /Charlotte/cabinet-services/cabinet-painting/index.html (+9ms) 
20:14:00   ├─ /Charlotte/cabinet-services/storage-solutions/index.html (+4ms) 
20:14:00   ├─ /Charlotte/cabinet-services/countertops-backsplash/index.html (+4ms) 
20:14:00   ├─ /Charlotte/cabinet-services/uv-curing/index.html (+9ms) 
20:14:00   ├─ /Charlotte/interior-painting/index.html (+4ms) 
20:14:00   ├─ /Charlotte/interior-painting/full-interior-painting/index.html (+4ms) 
20:14:00   ├─ /Charlotte/interior-painting/ceiling-services/index.html (+5ms) 
20:14:00   ├─ /Charlotte/interior-painting/drywall-repair/index.html (+3ms) 
20:14:00   ├─ /Charlotte/interior-painting/surface-preparation/index.html (+3ms) 
20:14:00   ├─ /Charlotte/interior-painting/painter-for-a-day/index.html (+2ms) 
20:14:00   ├─ /Charlotte/exterior-painting/index.html (+6ms) 
20:14:00   ├─ /Charlotte/exterior-painting/exterior-house-painting/index.html (+5ms) 
20:14:00   ├─ /Charlotte/exterior-painting/limewash/index.html (+4ms) 
20:14:00   ├─ /Charlotte/exterior-painting/siding-repair/index.html (+6ms) 
20:14:00   ├─ /Charlotte/exterior-painting/stucco-repair/index.html (+8ms) 
20:14:00   ├─ /Charlotte/exterior-painting/deck-staining/index.html (+4ms) 
20:14:00   ├─ /Charlotte/exterior-painting/metal-painting/index.html (+5ms) 
20:14:00   ├─ /Charlotte/flooring/index.html (+4ms) 
20:14:00   ├─ /Charlotte/flooring/floor-refinishing/index.html (+4ms) 
20:14:00   ├─ /Charlotte/flooring/floor-sanding/index.html (+3ms) 
20:14:00   ├─ /Charlotte/flooring/garage-floor-coatings/index.html (+8ms) 
20:14:00   ├─ /Charlotte/flooring/concrete-flooring/index.html (+4ms) 
20:14:00   ├─ /Charlotte/commercial-services/index.html (+3ms) 
20:14:00   ├─ /Charlotte/commercial-services/commercial-painting/index.html (+4ms) 
20:14:00   ├─ /Charlotte/commercial-services/multi-family-painting/index.html (+6ms) 
20:14:00   ├─ /Charlotte/commercial-services/restoration-painting/index.html (+8ms) 
20:14:00   ├─ /Charlotte/commercial-services/holiday-lighting/index.html (+4ms) 
20:14:00   ├─ /Charlotte/Uptown/index.html (+3ms) 
20:14:00   ├─ /Charlotte/Uptown/cabinet-services/index.html (+3ms) 
20:14:00   ├─ /Charlotte/Uptown/cabinet-services/cabinet-refinishing/index.html (+6ms) 
20:14:00   ├─ /Charlotte/Uptown/cabinet-services/cabinet-painting/index.html (+3ms) 
20:14:00   ├─ /Charlotte/Uptown/cabinet-services/storage-solutions/index.html (+3ms) 
20:14:00   ├─ /Charlotte/Uptown/cabinet-services/countertops-backsplash/index.html (+3ms) 
20:14:00   ├─ /Charlotte/Uptown/cabinet-services/uv-curing/index.html (+3ms) 
20:14:00   ├─ /Charlotte/Uptown/interior-painting/index.html (+10ms) 
20:14:00   ├─ /Charlotte/Uptown/interior-painting/full-interior-painting/index.html (+5ms) 
20:14:00   ├─ /Charlotte/Uptown/interior-painting/ceiling-services/index.html (+7ms) 
20:14:00   ├─ /Charlotte/Uptown/interior-painting/drywall-repair/index.html (+6ms) 
20:14:00   ├─ /Charlotte/Uptown/interior-painting/surface-preparation/index.html (+3ms) 
20:14:00   ├─ /Charlotte/Uptown/interior-painting/painter-for-a-day/index.html (+3ms) 
20:14:00   ├─ /Charlotte/Uptown/exterior-painting/index.html (+3ms) 
20:14:00   ├─ /Charlotte/Uptown/exterior-painting/exterior-house-painting/index.html (+3ms) 
20:14:00   ├─ /Charlotte/Uptown/exterior-painting/limewash/index.html (+3ms) 
20:14:00   ├─ /Charlotte/Uptown/exterior-painting/siding-repair/index.html (+3ms) 
20:14:00   ├─ /Charlotte/Uptown/exterior-painting/stucco-repair/index.html (+3ms) 
20:14:00   ├─ /Charlotte/Uptown/exterior-painting/deck-staining/index.html (+5ms) 
20:14:00   ├─ /Charlotte/Uptown/exterior-painting/metal-painting/index.html (+5ms) 
20:14:00   ├─ /Charlotte/Uptown/flooring/index.html (+3ms) 
20:14:00   ├─ /Charlotte/Uptown/flooring/floor-refinishing/index.html (+2ms) 
20:14:00   ├─ /Charlotte/Uptown/flooring/floor-sanding/index.html (+4ms) 
20:14:00   ├─ /Charlotte/Uptown/flooring/garage-floor-coatings/index.html (+7ms) 
20:14:00   ├─ /Charlotte/Uptown/flooring/concrete-flooring/index.html (+3ms) 
20:14:00   ├─ /Charlotte/Uptown/commercial-services/index.html (+3ms) 
20:14:00   ├─ /Charlotte/Uptown/commercial-services/commercial-painting/index.html (+5ms) 
20:14:00   ├─ /Charlotte/Uptown/commercial-services/multi-family-painting/index.html (+2ms) 
20:14:00   ├─ /Charlotte/Uptown/commercial-services/restoration-painting/index.html (+2ms) 
20:14:00   ├─ /Charlotte/Uptown/commercial-services/holiday-lighting/index.html (+2ms) 
20:14:00   ├─ /Charlotte/Fourth-Ward/index.html (+2ms) 
20:14:00   ├─ /Charlotte/Fourth-Ward/cabinet-services/index.html (+2ms) 
20:14:00   ├─ /Charlotte/Fourth-Ward/cabinet-services/cabinet-refinishing/index.html (+3ms) 
20:14:00   ├─ /Charlotte/Fourth-Ward/cabinet-services/cabinet-painting/index.html (+3ms) 
20:14:00   ├─ /Charlotte/Fourth-Ward/cabinet-services/storage-solutions/index.html (+3ms) 
20:14:00   ├─ /Charlotte/Fourth-Ward/cabinet-services/countertops-backsplash/index.html (+3ms) 
20:14:00   ├─ /Charlotte/Fourth-Ward/cabinet-services/uv-curing/index.html (+2ms) 
20:14:00   ├─ /Charlotte/Fourth-Ward/interior-painting/index.html (+5ms) 
20:14:00   ├─ /Charlotte/Fourth-Ward/interior-painting/full-interior-painting/index.html (+4ms) 
20:14:00   ├─ /Charlotte/Fourth-Ward/interior-painting/ceiling-services/index.html (+5ms) 
20:14:00   ├─ /Charlotte/Fourth-Ward/interior-painting/drywall-repair/index.html (+3ms) 
20:14:00   ├─ /Charlotte/Fourth-Ward/interior-painting/surface-preparation/index.html (+3ms) 
20:14:00   ├─ /Charlotte/Fourth-Ward/interior-painting/painter-for-a-day/index.html (+3ms) 
20:14:00   ├─ /Charlotte/Fourth-Ward/exterior-painting/index.html (+3ms) 
20:14:00   ├─ /Charlotte/Fourth-Ward/exterior-painting/exterior-house-painting/index.html (+3ms) 
20:14:00   ├─ /Charlotte/Fourth-Ward/exterior-painting/limewash/index.html (+3ms) 
20:14:00   ├─ /Charlotte/Fourth-Ward/exterior-painting/siding-repair/index.html (+4ms) 
20:14:00   ├─ /Charlotte/Fourth-Ward/exterior-painting/stucco-repair/index.html (+4ms) 
20:14:00   ├─ /Charlotte/Fourth-Ward/exterior-painting/deck-staining/index.html (+3ms) 
20:14:00   ├─ /Charlotte/Fourth-Ward/exterior-painting/metal-painting/index.html (+4ms) 
20:14:00   ├─ /Charlotte/Fourth-Ward/flooring/index.html (+6ms) 
20:14:00   ├─ /Charlotte/Fourth-Ward/flooring/floor-refinishing/index.html (+3ms) 
20:14:00   ├─ /Charlotte/Fourth-Ward/flooring/floor-sanding/index.html (+3ms) 
20:14:00   ├─ /Charlotte/Fourth-Ward/flooring/garage-floor-coatings/index.html (+3ms) 
20:14:00   ├─ /Charlotte/Fourth-Ward/flooring/concrete-flooring/index.html (+3ms) 
20:14:00   ├─ /Charlotte/Fourth-Ward/commercial-services/index.html (+5ms) 
20:14:00   ├─ /Charlotte/Fourth-Ward/commercial-services/commercial-painting/index.html (+3ms) 
20:14:00   ├─ /Charlotte/Fourth-Ward/commercial-services/multi-family-painting/index.html (+2ms) 
20:14:00   ├─ /Charlotte/Fourth-Ward/commercial-services/restoration-painting/index.html (+3ms) 
20:14:00   ├─ /Charlotte/Fourth-Ward/commercial-services/holiday-lighting/index.html (+3ms) 
20:14:00   ├─ /Charlotte/South-End/index.html (+3ms) 
20:14:00   ├─ /Charlotte/South-End/cabinet-services/index.html (+3ms) 
20:14:00   ├─ /Charlotte/South-End/cabinet-services/cabinet-refinishing/index.html (+3ms) 
20:14:00   ├─ /Charlotte/South-End/cabinet-services/cabinet-painting/index.html (+3ms) 
20:14:00   ├─ /Charlotte/South-End/cabinet-services/storage-solutions/index.html (+3ms) 
20:14:00   ├─ /Charlotte/South-End/cabinet-services/countertops-backsplash/index.html (+7ms) 
20:14:00   ├─ /Charlotte/South-End/cabinet-services/uv-curing/index.html (+4ms) 
20:14:00   ├─ /Charlotte/South-End/interior-painting/index.html (+3ms) 
20:14:00   ├─ /Charlotte/South-End/interior-painting/full-interior-painting/index.html (+3ms) 
20:14:00   ├─ /Charlotte/South-End/interior-painting/ceiling-services/index.html (+3ms) 
20:14:00   ├─ /Charlotte/South-End/interior-painting/drywall-repair/index.html (+2ms) 
20:14:00   ├─ /Charlotte/South-End/interior-painting/surface-preparation/index.html (+2ms) 
20:14:00   ├─ /Charlotte/South-End/interior-painting/painter-for-a-day/index.html (+3ms) 
20:14:00   ├─ /Charlotte/South-End/exterior-painting/index.html (+3ms) 
20:14:00   ├─ /Charlotte/South-End/exterior-painting/exterior-house-painting/index.html (+6ms) 
20:14:00   ├─ /Charlotte/South-End/exterior-painting/limewash/index.html (+2ms) 
20:14:00   ├─ /Charlotte/South-End/exterior-painting/siding-repair/index.html (+2ms) 
20:14:00   ├─ /Charlotte/South-End/exterior-painting/stucco-repair/index.html (+2ms) 
20:14:00   ├─ /Charlotte/South-End/exterior-painting/deck-staining/index.html (+2ms) 
20:14:00   ├─ /Charlotte/South-End/exterior-painting/metal-painting/index.html (+2ms) 
20:14:00   ├─ /Charlotte/South-End/flooring/index.html (+2ms) 
20:14:00   ├─ /Charlotte/South-End/flooring/floor-refinishing/index.html (+2ms) 
20:14:00   ├─ /Charlotte/South-End/flooring/floor-sanding/index.html (+2ms) 
20:14:00   ├─ /Charlotte/South-End/flooring/garage-floor-coatings/index.html (+2ms) 
20:14:00   ├─ /Charlotte/South-End/flooring/concrete-flooring/index.html (+2ms) 
20:14:00   ├─ /Charlotte/South-End/commercial-services/index.html (+3ms) 
20:14:00   ├─ /Charlotte/South-End/commercial-services/commercial-painting/index.html (+3ms) 
20:14:00   ├─ /Charlotte/South-End/commercial-services/multi-family-painting/index.html (+4ms) 
20:14:00   ├─ /Charlotte/South-End/commercial-services/restoration-painting/index.html (+2ms) 
20:14:00   ├─ /Charlotte/South-End/commercial-services/holiday-lighting/index.html (+2ms) 
20:14:00   ├─ /Charlotte/Dilworth/index.html (+2ms) 
20:14:00   ├─ /Charlotte/Dilworth/cabinet-services/index.html (+2ms) 
20:14:00   ├─ /Charlotte/Dilworth/cabinet-services/cabinet-refinishing/index.html (+2ms) 
20:14:00   ├─ /Charlotte/Dilworth/cabinet-services/cabinet-painting/index.html (+2ms) 
20:14:00   ├─ /Charlotte/Dilworth/cabinet-services/storage-solutions/index.html (+2ms) 
20:14:00   ├─ /Charlotte/Dilworth/cabinet-services/countertops-backsplash/index.html (+2ms) 
20:14:00   ├─ /Charlotte/Dilworth/cabinet-services/uv-curing/index.html (+2ms) 
20:14:00   ├─ /Charlotte/Dilworth/interior-painting/index.html (+2ms) 
20:14:00   ├─ /Charlotte/Dilworth/interior-painting/full-interior-painting/index.html (+4ms) 
20:14:00   ├─ /Charlotte/Dilworth/interior-painting/ceiling-services/index.html (+2ms) 
20:14:00   ├─ /Charlotte/Dilworth/interior-painting/drywall-repair/index.html (+2ms) 
20:14:00   ├─ /Charlotte/Dilworth/interior-painting/surface-preparation/index.html (+2ms) 
20:14:00   ├─ /Charlotte/Dilworth/interior-painting/painter-for-a-day/index.html (+2ms) 
20:14:00   ├─ /Charlotte/Dilworth/exterior-painting/index.html (+2ms) 
20:14:00   ├─ /Charlotte/Dilworth/exterior-painting/exterior-house-painting/index.html (+2ms) 
20:14:00   ├─ /Charlotte/Dilworth/exterior-painting/limewash/index.html (+2ms) 
20:14:00   ├─ /Charlotte/Dilworth/exterior-painting/siding-repair/index.html (+2ms) 
20:14:00   ├─ /Charlotte/Dilworth/exterior-painting/stucco-repair/index.html (+2ms) 
20:14:00   ├─ /Charlotte/Dilworth/exterior-painting/deck-staining/index.html (+2ms) 
20:14:00   ├─ /Charlotte/Dilworth/exterior-painting/metal-painting/index.html (+3ms) 
20:14:00   ├─ /Charlotte/Dilworth/flooring/index.html (+3ms) 
20:14:00   ├─ /Charlotte/Dilworth/flooring/floor-refinishing/index.html (+3ms) 
20:14:00   ├─ /Charlotte/Dilworth/flooring/floor-sanding/index.html (+3ms) 
20:14:00   ├─ /Charlotte/Dilworth/flooring/garage-floor-coatings/index.html (+3ms) 
20:14:00   ├─ /Charlotte/Dilworth/flooring/concrete-flooring/index.html (+2ms) 
20:14:00   ├─ /Charlotte/Dilworth/commercial-services/index.html (+2ms) 
20:14:00   ├─ /Charlotte/Dilworth/commercial-services/commercial-painting/index.html (+3ms) 
20:14:00   ├─ /Charlotte/Dilworth/commercial-services/multi-family-painting/index.html (+3ms) 
20:14:00   ├─ /Charlotte/Dilworth/commercial-services/restoration-painting/index.html (+3ms) 
20:14:00   ├─ /Charlotte/Dilworth/commercial-services/holiday-lighting/index.html (+2ms) 
20:14:01   ├─ /Charlotte/Elizabeth/index.html (+3ms) 
20:14:01   ├─ /Charlotte/Elizabeth/cabinet-services/index.html (+3ms) 
20:14:01   ├─ /Charlotte/Elizabeth/cabinet-services/cabinet-refinishing/index.html (+5ms) 
20:14:01   ├─ /Charlotte/Elizabeth/cabinet-services/cabinet-painting/index.html (+3ms) 
20:14:01   ├─ /Charlotte/Elizabeth/cabinet-services/storage-solutions/index.html (+3ms) 
20:14:01   ├─ /Charlotte/Elizabeth/cabinet-services/countertops-backsplash/index.html (+3ms) 
20:14:01   ├─ /Charlotte/Elizabeth/cabinet-services/uv-curing/index.html (+12ms) 
20:14:01   ├─ /Charlotte/Elizabeth/interior-painting/index.html (+5ms) 
20:14:01   ├─ /Charlotte/Elizabeth/interior-painting/full-interior-painting/index.html (+5ms) 
20:14:01   ├─ /Charlotte/Elizabeth/interior-painting/ceiling-services/index.html (+2ms) 
20:14:01   ├─ /Charlotte/Elizabeth/interior-painting/drywall-repair/index.html (+5ms) 
20:14:01   ├─ /Charlotte/Elizabeth/interior-painting/surface-preparation/index.html (+2ms) 
20:14:01   ├─ /Charlotte/Elizabeth/interior-painting/painter-for-a-day/index.html (+2ms) 
20:14:01   ├─ /Charlotte/Elizabeth/exterior-painting/index.html (+3ms) 
20:14:01   ├─ /Charlotte/Elizabeth/exterior-painting/exterior-house-painting/index.html (+2ms) 
20:14:01   ├─ /Charlotte/Elizabeth/exterior-painting/limewash/index.html (+2ms) 
20:14:01   ├─ /Charlotte/Elizabeth/exterior-painting/siding-repair/index.html (+2ms) 
20:14:01   ├─ /Charlotte/Elizabeth/exterior-painting/stucco-repair/index.html (+2ms) 
20:14:01   ├─ /Charlotte/Elizabeth/exterior-painting/deck-staining/index.html (+2ms) 
20:14:01   ├─ /Charlotte/Elizabeth/exterior-painting/metal-painting/index.html (+2ms) 
20:14:01   ├─ /Charlotte/Elizabeth/flooring/index.html (+2ms) 
20:14:01   ├─ /Charlotte/Elizabeth/flooring/floor-refinishing/index.html (+2ms) 
20:14:01   ├─ /Charlotte/Elizabeth/flooring/floor-sanding/index.html (+2ms) 
20:14:01   ├─ /Charlotte/Elizabeth/flooring/garage-floor-coatings/index.html (+3ms) 
20:14:01   ├─ /Charlotte/Elizabeth/flooring/concrete-flooring/index.html (+2ms) 
20:14:01   ├─ /Charlotte/Elizabeth/commercial-services/index.html (+3ms) 
20:14:01   ├─ /Charlotte/Elizabeth/commercial-services/commercial-painting/index.html (+3ms) 
20:14:01   ├─ /Charlotte/Elizabeth/commercial-services/multi-family-painting/index.html (+5ms) 
20:14:01   ├─ /Charlotte/Elizabeth/commercial-services/restoration-painting/index.html (+2ms) 
20:14:01   ├─ /Charlotte/Elizabeth/commercial-services/holiday-lighting/index.html (+2ms) 
20:14:01   ├─ /Charlotte/Plaza-Midwood/index.html (+2ms) 
20:14:01   ├─ /Charlotte/Plaza-Midwood/cabinet-services/index.html (+4ms) 
20:14:01   ├─ /Charlotte/Plaza-Midwood/cabinet-services/cabinet-refinishing/index.html (+2ms) 
20:14:01   ├─ /Charlotte/Plaza-Midwood/cabinet-services/cabinet-painting/index.html (+3ms) 
20:14:01   ├─ /Charlotte/Plaza-Midwood/cabinet-services/storage-solutions/index.html (+4ms) 
20:14:01   ├─ /Charlotte/Plaza-Midwood/cabinet-services/countertops-backsplash/index.html (+3ms) 
20:14:01   ├─ /Charlotte/Plaza-Midwood/cabinet-services/uv-curing/index.html (+2ms) 
20:14:01   ├─ /Charlotte/Plaza-Midwood/interior-painting/index.html (+2ms) 
20:14:01   ├─ /Charlotte/Plaza-Midwood/interior-painting/full-interior-painting/index.html (+5ms) 
20:14:01   ├─ /Charlotte/Plaza-Midwood/interior-painting/ceiling-services/index.html (+3ms) 
20:14:01   ├─ /Charlotte/Plaza-Midwood/interior-painting/drywall-repair/index.html (+2ms) 
20:14:01   ├─ /Charlotte/Plaza-Midwood/interior-painting/surface-preparation/index.html (+2ms) 
20:14:01   ├─ /Charlotte/Plaza-Midwood/interior-painting/painter-for-a-day/index.html (+2ms) 
20:14:01   ├─ /Charlotte/Plaza-Midwood/exterior-painting/index.html (+2ms) 
20:14:01   ├─ /Charlotte/Plaza-Midwood/exterior-painting/exterior-house-painting/index.html (+2ms) 
20:14:01   ├─ /Charlotte/Plaza-Midwood/exterior-painting/limewash/index.html (+4ms) 
20:14:01   ├─ /Charlotte/Plaza-Midwood/exterior-painting/siding-repair/index.html (+2ms) 
20:14:01   ├─ /Charlotte/Plaza-Midwood/exterior-painting/stucco-repair/index.html (+4ms) 
20:14:01   ├─ /Charlotte/Plaza-Midwood/exterior-painting/deck-staining/index.html (+3ms) 
20:14:01   ├─ /Charlotte/Plaza-Midwood/exterior-painting/metal-painting/index.html (+2ms) 
20:14:01   ├─ /Charlotte/Plaza-Midwood/flooring/index.html (+4ms) 
20:14:01   ├─ /Charlotte/Plaza-Midwood/flooring/floor-refinishing/index.html (+3ms) 
20:14:01   ├─ /Charlotte/Plaza-Midwood/flooring/floor-sanding/index.html (+4ms) 
20:14:01   ├─ /Charlotte/Plaza-Midwood/flooring/garage-floor-coatings/index.html (+2ms) 
20:14:01   ├─ /Charlotte/Plaza-Midwood/flooring/concrete-flooring/index.html (+2ms) 
20:14:01   ├─ /Charlotte/Plaza-Midwood/commercial-services/index.html (+2ms) 
20:14:01   ├─ /Charlotte/Plaza-Midwood/commercial-services/commercial-painting/index.html (+3ms) 
20:14:01   ├─ /Charlotte/Plaza-Midwood/commercial-services/multi-family-painting/index.html (+3ms) 
20:14:01   ├─ /Charlotte/Plaza-Midwood/commercial-services/restoration-painting/index.html (+2ms) 
20:14:01   ├─ /Charlotte/Plaza-Midwood/commercial-services/holiday-lighting/index.html (+4ms) 
20:14:01   ├─ /Charlotte/NoDa/index.html (+3ms) 
20:14:01   ├─ /Charlotte/NoDa/cabinet-services/index.html (+3ms) 
20:14:01   ├─ /Charlotte/NoDa/cabinet-services/cabinet-refinishing/index.html (+2ms) 
20:14:01   ├─ /Charlotte/NoDa/cabinet-services/cabinet-painting/index.html (+2ms) 
20:14:01   ├─ /Charlotte/NoDa/cabinet-services/storage-solutions/index.html (+7ms) 
20:14:01   ├─ /Charlotte/NoDa/cabinet-services/countertops-backsplash/index.html (+4ms) 
20:14:01   ├─ /Charlotte/NoDa/cabinet-services/uv-curing/index.html (+4ms) 
20:14:01   ├─ /Charlotte/NoDa/interior-painting/index.html (+8ms) 
20:14:01   ├─ /Charlotte/NoDa/interior-painting/full-interior-painting/index.html (+8ms) 
20:14:01   ├─ /Charlotte/NoDa/interior-painting/ceiling-services/index.html (+15ms) 
20:14:01   ├─ /Charlotte/NoDa/interior-painting/drywall-repair/index.html (+4ms) 
20:14:01   ├─ /Charlotte/NoDa/interior-painting/surface-preparation/index.html (+3ms) 
20:14:01   ├─ /Charlotte/NoDa/interior-painting/painter-for-a-day/index.html (+7ms) 
20:14:01   ├─ /Charlotte/NoDa/exterior-painting/index.html (+4ms) 
20:14:01   ├─ /Charlotte/NoDa/exterior-painting/exterior-house-painting/index.html (+2ms) 
20:14:01   ├─ /Charlotte/NoDa/exterior-painting/limewash/index.html (+3ms) 
20:14:01   ├─ /Charlotte/NoDa/exterior-painting/siding-repair/index.html (+3ms) 
20:14:01   ├─ /Charlotte/NoDa/exterior-painting/stucco-repair/index.html (+7ms) 
20:14:01   ├─ /Charlotte/NoDa/exterior-painting/deck-staining/index.html (+4ms) 
20:14:01   ├─ /Charlotte/NoDa/exterior-painting/metal-painting/index.html (+4ms) 
20:14:01   ├─ /Charlotte/NoDa/flooring/index.html (+4ms) 
20:14:01   ├─ /Charlotte/NoDa/flooring/floor-refinishing/index.html (+5ms) 
20:14:01   ├─ /Charlotte/NoDa/flooring/floor-sanding/index.html (+3ms) 
20:14:01   ├─ /Charlotte/NoDa/flooring/garage-floor-coatings/index.html (+2ms) 
20:14:01   ├─ /Charlotte/NoDa/flooring/concrete-flooring/index.html (+2ms) 
20:14:01   ├─ /Charlotte/NoDa/commercial-services/index.html (+2ms) 
20:14:01   ├─ /Charlotte/NoDa/commercial-services/commercial-painting/index.html (+2ms) 
20:14:01   ├─ /Charlotte/NoDa/commercial-services/multi-family-painting/index.html (+2ms) 
20:14:01   ├─ /Charlotte/NoDa/commercial-services/restoration-painting/index.html (+2ms) 
20:14:01   ├─ /Charlotte/NoDa/commercial-services/holiday-lighting/index.html (+2ms) 
20:14:01   ├─ /Charlotte/Myers-Park/index.html (+2ms) 
20:14:01   ├─ /Charlotte/Myers-Park/cabinet-services/index.html (+4ms) 
20:14:01   ├─ /Charlotte/Myers-Park/cabinet-services/cabinet-refinishing/index.html (+3ms) 
20:14:01   ├─ /Charlotte/Myers-Park/cabinet-services/cabinet-painting/index.html (+2ms) 
20:14:01   ├─ /Charlotte/Myers-Park/cabinet-services/storage-solutions/index.html (+3ms) 
20:14:01   ├─ /Charlotte/Myers-Park/cabinet-services/countertops-backsplash/index.html (+2ms) 
20:14:01   ├─ /Charlotte/Myers-Park/cabinet-services/uv-curing/index.html (+3ms) 
20:14:01   ├─ /Charlotte/Myers-Park/interior-painting/index.html (+2ms) 
20:14:01   ├─ /Charlotte/Myers-Park/interior-painting/full-interior-painting/index.html (+2ms) 
20:14:01   ├─ /Charlotte/Myers-Park/interior-painting/ceiling-services/index.html (+2ms) 
20:14:01   ├─ /Charlotte/Myers-Park/interior-painting/drywall-repair/index.html (+3ms) 
20:14:01   ├─ /Charlotte/Myers-Park/interior-painting/surface-preparation/index.html (+3ms) 
20:14:01   ├─ /Charlotte/Myers-Park/interior-painting/painter-for-a-day/index.html (+8ms) 
20:14:01   ├─ /Charlotte/Myers-Park/exterior-painting/index.html (+4ms) 
20:14:01   ├─ /Charlotte/Myers-Park/exterior-painting/exterior-house-painting/index.html (+6ms) 
20:14:01   ├─ /Charlotte/Myers-Park/exterior-painting/limewash/index.html (+5ms) 
20:14:01   ├─ /Charlotte/Myers-Park/exterior-painting/siding-repair/index.html (+9ms) 
20:14:01   ├─ /Charlotte/Myers-Park/exterior-painting/stucco-repair/index.html (+6ms) 
20:14:01   ├─ /Charlotte/Myers-Park/exterior-painting/deck-staining/index.html (+6ms) 
20:14:01   ├─ /Charlotte/Myers-Park/exterior-painting/metal-painting/index.html (+4ms) 
20:14:01   ├─ /Charlotte/Myers-Park/flooring/index.html (+3ms) 
20:14:01   ├─ /Charlotte/Myers-Park/flooring/floor-refinishing/index.html (+3ms) 
20:14:01   ├─ /Charlotte/Myers-Park/flooring/floor-sanding/index.html (+2ms) 
20:14:01   ├─ /Charlotte/Myers-Park/flooring/garage-floor-coatings/index.html (+4ms) 
20:14:01   ├─ /Charlotte/Myers-Park/flooring/concrete-flooring/index.html (+3ms) 
20:14:01   ├─ /Charlotte/Myers-Park/commercial-services/index.html (+2ms) 
20:14:01   ├─ /Charlotte/Myers-Park/commercial-services/commercial-painting/index.html (+2ms) 
20:14:01   ├─ /Charlotte/Myers-Park/commercial-services/multi-family-painting/index.html (+2ms) 
20:14:01   ├─ /Charlotte/Myers-Park/commercial-services/restoration-painting/index.html (+2ms) 
20:14:01   ├─ /Charlotte/Myers-Park/commercial-services/holiday-lighting/index.html (+2ms) 
20:14:01   ├─ /Charlotte/Eastover/index.html (+4ms) 
20:14:01   ├─ /Charlotte/Eastover/cabinet-services/index.html (+3ms) 
20:14:01   ├─ /Charlotte/Eastover/cabinet-services/cabinet-refinishing/index.html (+2ms) 
20:14:01   ├─ /Charlotte/Eastover/cabinet-services/cabinet-painting/index.html (+2ms) 
20:14:01   ├─ /Charlotte/Eastover/cabinet-services/storage-solutions/index.html (+3ms) 
20:14:01   ├─ /Charlotte/Eastover/cabinet-services/countertops-backsplash/index.html (+4ms) 
20:14:01   ├─ /Charlotte/Eastover/cabinet-services/uv-curing/index.html (+3ms) 
20:14:01   ├─ /Charlotte/Eastover/interior-painting/index.html (+5ms) 
20:14:01   ├─ /Charlotte/Eastover/interior-painting/full-interior-painting/index.html (+3ms) 
20:14:01   ├─ /Charlotte/Eastover/interior-painting/ceiling-services/index.html (+2ms) 
20:14:01   ├─ /Charlotte/Eastover/interior-painting/drywall-repair/index.html (+3ms) 
20:14:01   ├─ /Charlotte/Eastover/interior-painting/surface-preparation/index.html (+4ms) 
20:14:01   ├─ /Charlotte/Eastover/interior-painting/painter-for-a-day/index.html (+2ms) 
20:14:01   ├─ /Charlotte/Eastover/exterior-painting/index.html (+2ms) 
20:14:01   ├─ /Charlotte/Eastover/exterior-painting/exterior-house-painting/index.html (+2ms) 
20:14:01   ├─ /Charlotte/Eastover/exterior-painting/limewash/index.html (+2ms) 
20:14:01   ├─ /Charlotte/Eastover/exterior-painting/siding-repair/index.html (+2ms) 
20:14:01   ├─ /Charlotte/Eastover/exterior-painting/stucco-repair/index.html (+3ms) 
20:14:01   ├─ /Charlotte/Eastover/exterior-painting/deck-staining/index.html (+4ms) 
20:14:01   ├─ /Charlotte/Eastover/exterior-painting/metal-painting/index.html (+3ms) 
20:14:01   ├─ /Charlotte/Eastover/flooring/index.html (+3ms) 
20:14:01   ├─ /Charlotte/Eastover/flooring/floor-refinishing/index.html (+3ms) 
20:14:01   ├─ /Charlotte/Eastover/flooring/floor-sanding/index.html (+6ms) 
20:14:01   ├─ /Charlotte/Eastover/flooring/garage-floor-coatings/index.html (+5ms) 
20:14:01   ├─ /Charlotte/Eastover/flooring/concrete-flooring/index.html (+6ms) 
20:14:01   ├─ /Charlotte/Eastover/commercial-services/index.html (+6ms) 
20:14:01   ├─ /Charlotte/Eastover/commercial-services/commercial-painting/index.html (+6ms) 
20:14:01   ├─ /Charlotte/Eastover/commercial-services/multi-family-painting/index.html (+6ms) 
20:14:01   ├─ /Charlotte/Eastover/commercial-services/restoration-painting/index.html (+8ms) 
20:14:01   ├─ /Charlotte/Eastover/commercial-services/holiday-lighting/index.html (+8ms) 
20:14:01   ├─ /Charlotte/SouthPark/index.html (+5ms) 
20:14:01   ├─ /Charlotte/SouthPark/cabinet-services/index.html (+5ms) 
20:14:01   ├─ /Charlotte/SouthPark/cabinet-services/cabinet-refinishing/index.html (+24ms) 
20:14:01   ├─ /Charlotte/SouthPark/cabinet-services/cabinet-painting/index.html (+2ms) 
20:14:01   ├─ /Charlotte/SouthPark/cabinet-services/storage-solutions/index.html (+4ms) 
20:14:01   ├─ /Charlotte/SouthPark/cabinet-services/countertops-backsplash/index.html (+9ms) 
20:14:01   ├─ /Charlotte/SouthPark/cabinet-services/uv-curing/index.html (+6ms) 
20:14:01   ├─ /Charlotte/SouthPark/interior-painting/index.html (+5ms) 
20:14:01   ├─ /Charlotte/SouthPark/interior-painting/full-interior-painting/index.html (+4ms) 
20:14:01   ├─ /Charlotte/SouthPark/interior-painting/ceiling-services/index.html (+11ms) 
20:14:01   ├─ /Charlotte/SouthPark/interior-painting/drywall-repair/index.html (+7ms) 
20:14:01   ├─ /Charlotte/SouthPark/interior-painting/surface-preparation/index.html (+7ms) 
20:14:01   ├─ /Charlotte/SouthPark/interior-painting/painter-for-a-day/index.html (+12ms) 
20:14:01   ├─ /Charlotte/SouthPark/exterior-painting/index.html (+5ms) 
20:14:01   ├─ /Charlotte/SouthPark/exterior-painting/exterior-house-painting/index.html (+13ms) 
20:14:01   ├─ /Charlotte/SouthPark/exterior-painting/limewash/index.html (+9ms) 
20:14:01   ├─ /Charlotte/SouthPark/exterior-painting/siding-repair/index.html (+5ms) 
20:14:01   ├─ /Charlotte/SouthPark/exterior-painting/stucco-repair/index.html (+11ms) 
20:14:01   ├─ /Charlotte/SouthPark/exterior-painting/deck-staining/index.html (+4ms) 
20:14:01   ├─ /Charlotte/SouthPark/exterior-painting/metal-painting/index.html (+3ms) 
20:14:01   ├─ /Charlotte/SouthPark/flooring/index.html (+5ms) 
20:14:01   ├─ /Charlotte/SouthPark/flooring/floor-refinishing/index.html (+9ms) 
20:14:01   ├─ /Charlotte/SouthPark/flooring/floor-sanding/index.html (+3ms) 
20:14:01   ├─ /Charlotte/SouthPark/flooring/garage-floor-coatings/index.html (+6ms) 
20:14:01   ├─ /Charlotte/SouthPark/flooring/concrete-flooring/index.html (+4ms) 
20:14:01   ├─ /Charlotte/SouthPark/commercial-services/index.html (+6ms) 
20:14:01   ├─ /Charlotte/SouthPark/commercial-services/commercial-painting/index.html (+3ms) 
20:14:01   ├─ /Charlotte/SouthPark/commercial-services/multi-family-painting/index.html (+7ms) 
20:14:01   ├─ /Charlotte/SouthPark/commercial-services/restoration-painting/index.html (+3ms) 
20:14:01   ├─ /Charlotte/SouthPark/commercial-services/holiday-lighting/index.html (+2ms) 
20:14:01   ├─ /Charlotte/Cotswold/index.html (+2ms) 
20:14:01   ├─ /Charlotte/Cotswold/cabinet-services/index.html (+3ms) 
20:14:01   ├─ /Charlotte/Cotswold/cabinet-services/cabinet-refinishing/index.html (+3ms) 
20:14:01   ├─ /Charlotte/Cotswold/cabinet-services/cabinet-painting/index.html (+4ms) 
20:14:01   ├─ /Charlotte/Cotswold/cabinet-services/storage-solutions/index.html (+2ms) 
20:14:01   ├─ /Charlotte/Cotswold/cabinet-services/countertops-backsplash/index.html (+2ms) 
20:14:01   ├─ /Charlotte/Cotswold/cabinet-services/uv-curing/index.html (+2ms) 
20:14:01   ├─ /Charlotte/Cotswold/interior-painting/index.html (+2ms) 
20:14:01   ├─ /Charlotte/Cotswold/interior-painting/full-interior-painting/index.html (+3ms) 
20:14:01   ├─ /Charlotte/Cotswold/interior-painting/ceiling-services/index.html (+2ms) 
20:14:01   ├─ /Charlotte/Cotswold/interior-painting/drywall-repair/index.html (+2ms) 
20:14:01   ├─ /Charlotte/Cotswold/interior-painting/surface-preparation/index.html (+2ms) 
20:14:01   ├─ /Charlotte/Cotswold/interior-painting/painter-for-a-day/index.html (+2ms) 
20:14:01   ├─ /Charlotte/Cotswold/exterior-painting/index.html (+2ms) 
20:14:01   ├─ /Charlotte/Cotswold/exterior-painting/exterior-house-painting/index.html (+2ms) 
20:14:01   ├─ /Charlotte/Cotswold/exterior-painting/limewash/index.html (+2ms) 
20:14:01   ├─ /Charlotte/Cotswold/exterior-painting/siding-repair/index.html (+7ms) 
20:14:01   ├─ /Charlotte/Cotswold/exterior-painting/stucco-repair/index.html (+3ms) 
20:14:01   ├─ /Charlotte/Cotswold/exterior-painting/deck-staining/index.html (+3ms) 
20:14:01   ├─ /Charlotte/Cotswold/exterior-painting/metal-painting/index.html (+3ms) 
20:14:01   ├─ /Charlotte/Cotswold/flooring/index.html (+3ms) 
20:14:01   ├─ /Charlotte/Cotswold/flooring/floor-refinishing/index.html (+3ms) 
20:14:01   ├─ /Charlotte/Cotswold/flooring/floor-sanding/index.html (+6ms) 
20:14:01   ├─ /Charlotte/Cotswold/flooring/garage-floor-coatings/index.html (+3ms) 
20:14:01   ├─ /Charlotte/Cotswold/flooring/concrete-flooring/index.html (+3ms) 
20:14:01   ├─ /Charlotte/Cotswold/commercial-services/index.html (+3ms) 
20:14:01   ├─ /Charlotte/Cotswold/commercial-services/commercial-painting/index.html (+3ms) 
20:14:01   ├─ /Charlotte/Cotswold/commercial-services/multi-family-painting/index.html (+5ms) 
20:14:01   ├─ /Charlotte/Cotswold/commercial-services/restoration-painting/index.html (+3ms) 
20:14:01   ├─ /Charlotte/Cotswold/commercial-services/holiday-lighting/index.html (+5ms) 
20:14:01   ├─ /Charlotte/East-Charlotte/index.html (+3ms) 
20:14:01   ├─ /Charlotte/East-Charlotte/cabinet-services/index.html (+4ms) 
20:14:01   ├─ /Charlotte/East-Charlotte/cabinet-services/cabinet-refinishing/index.html (+2ms) 
20:14:01   ├─ /Charlotte/East-Charlotte/cabinet-services/cabinet-painting/index.html (+2ms) 
20:14:01   ├─ /Charlotte/East-Charlotte/cabinet-services/storage-solutions/index.html (+2ms) 
20:14:01   ├─ /Charlotte/East-Charlotte/cabinet-services/countertops-backsplash/index.html (+2ms) 
20:14:01   ├─ /Charlotte/East-Charlotte/cabinet-services/uv-curing/index.html (+2ms) 
20:14:01   ├─ /Charlotte/East-Charlotte/interior-painting/index.html (+3ms) 
20:14:01   ├─ /Charlotte/East-Charlotte/interior-painting/full-interior-painting/index.html (+2ms) 
20:14:01   ├─ /Charlotte/East-Charlotte/interior-painting/ceiling-services/index.html (+2ms) 
20:14:01   ├─ /Charlotte/East-Charlotte/interior-painting/drywall-repair/index.html (+3ms) 
20:14:01   ├─ /Charlotte/East-Charlotte/interior-painting/surface-preparation/index.html (+2ms) 
20:14:01   ├─ /Charlotte/East-Charlotte/interior-painting/painter-for-a-day/index.html (+3ms) 
20:14:01   ├─ /Charlotte/East-Charlotte/exterior-painting/index.html (+3ms) 
20:14:01   ├─ /Charlotte/East-Charlotte/exterior-painting/exterior-house-painting/index.html (+3ms) 
20:14:01   ├─ /Charlotte/East-Charlotte/exterior-painting/limewash/index.html (+6ms) 
20:14:01   ├─ /Charlotte/East-Charlotte/exterior-painting/siding-repair/index.html (+3ms) 
20:14:01   ├─ /Charlotte/East-Charlotte/exterior-painting/stucco-repair/index.html (+5ms) 
20:14:01   ├─ /Charlotte/East-Charlotte/exterior-painting/deck-staining/index.html (+2ms) 
20:14:01   ├─ /Charlotte/East-Charlotte/exterior-painting/metal-painting/index.html (+2ms) 
20:14:01   ├─ /Charlotte/East-Charlotte/flooring/index.html (+2ms) 
20:14:01   ├─ /Charlotte/East-Charlotte/flooring/floor-refinishing/index.html (+2ms) 
20:14:01   ├─ /Charlotte/East-Charlotte/flooring/floor-sanding/index.html (+2ms) 
20:14:01   ├─ /Charlotte/East-Charlotte/flooring/garage-floor-coatings/index.html (+2ms) 
20:14:01   ├─ /Charlotte/East-Charlotte/flooring/concrete-flooring/index.html (+2ms) 
20:14:01   ├─ /Charlotte/East-Charlotte/commercial-services/index.html (+2ms) 
20:14:01   ├─ /Charlotte/East-Charlotte/commercial-services/commercial-painting/index.html (+2ms) 
20:14:01   ├─ /Charlotte/East-Charlotte/commercial-services/multi-family-painting/index.html (+2ms) 
20:14:01   ├─ /Charlotte/East-Charlotte/commercial-services/restoration-painting/index.html (+2ms) 
20:14:01   ├─ /Charlotte/East-Charlotte/commercial-services/holiday-lighting/index.html (+2ms) 
20:14:01   ├─ /Charlotte/University-City/index.html (+2ms) 
20:14:01   ├─ /Charlotte/University-City/cabinet-services/index.html (+2ms) 
20:14:01   ├─ /Charlotte/University-City/cabinet-services/cabinet-refinishing/index.html (+2ms) 
20:14:01   ├─ /Charlotte/University-City/cabinet-services/cabinet-painting/index.html (+2ms) 
20:14:01   ├─ /Charlotte/University-City/cabinet-services/storage-solutions/index.html (+3ms) 
20:14:01   ├─ /Charlotte/University-City/cabinet-services/countertops-backsplash/index.html (+2ms) 
20:14:01   ├─ /Charlotte/University-City/cabinet-services/uv-curing/index.html (+3ms) 
20:14:01   ├─ /Charlotte/University-City/interior-painting/index.html (+3ms) 
20:14:01   ├─ /Charlotte/University-City/interior-painting/full-interior-painting/index.html (+6ms) 
20:14:01   ├─ /Charlotte/University-City/interior-painting/ceiling-services/index.html (+2ms) 
20:14:01   ├─ /Charlotte/University-City/interior-painting/drywall-repair/index.html (+2ms) 
20:14:01   ├─ /Charlotte/University-City/interior-painting/surface-preparation/index.html (+2ms) 
20:14:01   ├─ /Charlotte/University-City/interior-painting/painter-for-a-day/index.html (+4ms) 
20:14:01   ├─ /Charlotte/University-City/exterior-painting/index.html (+2ms) 
20:14:01   ├─ /Charlotte/University-City/exterior-painting/exterior-house-painting/index.html (+2ms) 
20:14:01   ├─ /Charlotte/University-City/exterior-painting/limewash/index.html (+2ms) 
20:14:01   ├─ /Charlotte/University-City/exterior-painting/siding-repair/index.html (+2ms) 
20:14:01   ├─ /Charlotte/University-City/exterior-painting/stucco-repair/index.html (+2ms) 
20:14:01   ├─ /Charlotte/University-City/exterior-painting/deck-staining/index.html (+2ms) 
20:14:01   ├─ /Charlotte/University-City/exterior-painting/metal-painting/index.html (+2ms) 
20:14:01   ├─ /Charlotte/University-City/flooring/index.html (+5ms) 
20:14:01   ├─ /Charlotte/University-City/flooring/floor-refinishing/index.html (+5ms) 
20:14:01   ├─ /Charlotte/University-City/flooring/floor-sanding/index.html (+2ms) 
20:14:01   ├─ /Charlotte/University-City/flooring/garage-floor-coatings/index.html (+2ms) 
20:14:01   ├─ /Charlotte/University-City/flooring/concrete-flooring/index.html (+1ms) 
20:14:01   ├─ /Charlotte/University-City/commercial-services/index.html (+2ms) 
20:14:01   ├─ /Charlotte/University-City/commercial-services/commercial-painting/index.html (+2ms) 
20:14:01   ├─ /Charlotte/University-City/commercial-services/multi-family-painting/index.html (+2ms) 
20:14:01   ├─ /Charlotte/University-City/commercial-services/restoration-painting/index.html (+2ms) 
20:14:01   ├─ /Charlotte/University-City/commercial-services/holiday-lighting/index.html (+2ms) 
20:14:01   ├─ /Charlotte/Mountain-Island-Lake/index.html (+4ms) 
20:14:01   ├─ /Charlotte/Mountain-Island-Lake/cabinet-services/index.html (+2ms) 
20:14:01   ├─ /Charlotte/Mountain-Island-Lake/cabinet-services/cabinet-refinishing/index.html (+2ms) 
20:14:01   ├─ /Charlotte/Mountain-Island-Lake/cabinet-services/cabinet-painting/index.html (+2ms) 
20:14:01   ├─ /Charlotte/Mountain-Island-Lake/cabinet-services/storage-solutions/index.html (+3ms) 
20:14:01   ├─ /Charlotte/Mountain-Island-Lake/cabinet-services/countertops-backsplash/index.html (+2ms) 
20:14:01   ├─ /Charlotte/Mountain-Island-Lake/cabinet-services/uv-curing/index.html (+3ms) 
20:14:01   ├─ /Charlotte/Mountain-Island-Lake/interior-painting/index.html (+11ms) 
20:14:02   ├─ /Charlotte/Mountain-Island-Lake/interior-painting/full-interior-painting/index.html (+2ms) 
20:14:02   ├─ /Charlotte/Mountain-Island-Lake/interior-painting/ceiling-services/index.html (+2ms) 
20:14:02   ├─ /Charlotte/Mountain-Island-Lake/interior-painting/drywall-repair/index.html (+2ms) 
20:14:02   ├─ /Charlotte/Mountain-Island-Lake/interior-painting/surface-preparation/index.html (+2ms) 
20:14:02   ├─ /Charlotte/Mountain-Island-Lake/interior-painting/painter-for-a-day/index.html (+2ms) 
20:14:02   ├─ /Charlotte/Mountain-Island-Lake/exterior-painting/index.html (+2ms) 
20:14:02   ├─ /Charlotte/Mountain-Island-Lake/exterior-painting/exterior-house-painting/index.html (+2ms) 
20:14:02   ├─ /Charlotte/Mountain-Island-Lake/exterior-painting/limewash/index.html (+2ms) 
20:14:02   ├─ /Charlotte/Mountain-Island-Lake/exterior-painting/siding-repair/index.html (+2ms) 
20:14:02   ├─ /Charlotte/Mountain-Island-Lake/exterior-painting/stucco-repair/index.html (+3ms) 
20:14:02   ├─ /Charlotte/Mountain-Island-Lake/exterior-painting/deck-staining/index.html (+2ms) 
20:14:02   ├─ /Charlotte/Mountain-Island-Lake/exterior-painting/metal-painting/index.html (+2ms) 
20:14:02   ├─ /Charlotte/Mountain-Island-Lake/flooring/index.html (+2ms) 
20:14:02   ├─ /Charlotte/Mountain-Island-Lake/flooring/floor-refinishing/index.html (+2ms) 
20:14:02   ├─ /Charlotte/Mountain-Island-Lake/flooring/floor-sanding/index.html (+2ms) 
20:14:02   ├─ /Charlotte/Mountain-Island-Lake/flooring/garage-floor-coatings/index.html (+2ms) 
20:14:02   ├─ /Charlotte/Mountain-Island-Lake/flooring/concrete-flooring/index.html (+4ms) 
20:14:02   ├─ /Charlotte/Mountain-Island-Lake/commercial-services/index.html (+3ms) 
20:14:02   ├─ /Charlotte/Mountain-Island-Lake/commercial-services/commercial-painting/index.html (+2ms) 
20:14:02   ├─ /Charlotte/Mountain-Island-Lake/commercial-services/multi-family-painting/index.html (+2ms) 
20:14:02   ├─ /Charlotte/Mountain-Island-Lake/commercial-services/restoration-painting/index.html (+2ms) 
20:14:02   ├─ /Charlotte/Mountain-Island-Lake/commercial-services/holiday-lighting/index.html (+4ms) 
20:14:02   ├─ /Charlotte/Northeast-Charlotte/index.html (+2ms) 
20:14:02   ├─ /Charlotte/Northeast-Charlotte/cabinet-services/index.html (+2ms) 
20:14:02   ├─ /Charlotte/Northeast-Charlotte/cabinet-services/cabinet-refinishing/index.html (+4ms) 
20:14:02   ├─ /Charlotte/Northeast-Charlotte/cabinet-services/cabinet-painting/index.html (+3ms) 
20:14:02   ├─ /Charlotte/Northeast-Charlotte/cabinet-services/storage-solutions/index.html (+2ms) 
20:14:02   ├─ /Charlotte/Northeast-Charlotte/cabinet-services/countertops-backsplash/index.html (+2ms) 
20:14:02   ├─ /Charlotte/Northeast-Charlotte/cabinet-services/uv-curing/index.html (+1ms) 
20:14:02   ├─ /Charlotte/Northeast-Charlotte/interior-painting/index.html (+1ms) 
20:14:02   ├─ /Charlotte/Northeast-Charlotte/interior-painting/full-interior-painting/index.html (+3ms) 
20:14:02   ├─ /Charlotte/Northeast-Charlotte/interior-painting/ceiling-services/index.html (+3ms) 
20:14:02   ├─ /Charlotte/Northeast-Charlotte/interior-painting/drywall-repair/index.html (+3ms) 
20:14:02   ├─ /Charlotte/Northeast-Charlotte/interior-painting/surface-preparation/index.html (+3ms) 
20:14:02   ├─ /Charlotte/Northeast-Charlotte/interior-painting/painter-for-a-day/index.html (+2ms) 
20:14:02   ├─ /Charlotte/Northeast-Charlotte/exterior-painting/index.html (+2ms) 
20:14:02   ├─ /Charlotte/Northeast-Charlotte/exterior-painting/exterior-house-painting/index.html (+2ms) 
20:14:02   ├─ /Charlotte/Northeast-Charlotte/exterior-painting/limewash/index.html (+1ms) 
20:14:02   ├─ /Charlotte/Northeast-Charlotte/exterior-painting/siding-repair/index.html (+2ms) 
20:14:02   ├─ /Charlotte/Northeast-Charlotte/exterior-painting/stucco-repair/index.html (+2ms) 
20:14:02   ├─ /Charlotte/Northeast-Charlotte/exterior-painting/deck-staining/index.html (+1ms) 
20:14:02   ├─ /Charlotte/Northeast-Charlotte/exterior-painting/metal-painting/index.html (+2ms) 
20:14:02   ├─ /Charlotte/Northeast-Charlotte/flooring/index.html (+2ms) 
20:14:02   ├─ /Charlotte/Northeast-Charlotte/flooring/floor-refinishing/index.html (+1ms) 
20:14:02   ├─ /Charlotte/Northeast-Charlotte/flooring/floor-sanding/index.html (+1ms) 
20:14:02   ├─ /Charlotte/Northeast-Charlotte/flooring/garage-floor-coatings/index.html (+1ms) 
20:14:02   ├─ /Charlotte/Northeast-Charlotte/flooring/concrete-flooring/index.html (+2ms) 
20:14:02   ├─ /Charlotte/Northeast-Charlotte/commercial-services/index.html (+4ms) 
20:14:02   ├─ /Charlotte/Northeast-Charlotte/commercial-services/commercial-painting/index.html (+2ms) 
20:14:02   ├─ /Charlotte/Northeast-Charlotte/commercial-services/multi-family-painting/index.html (+6ms) 
20:14:02   ├─ /Charlotte/Northeast-Charlotte/commercial-services/restoration-painting/index.html (+2ms) 
20:14:02   ├─ /Charlotte/Northeast-Charlotte/commercial-services/holiday-lighting/index.html (+2ms) 
20:14:02   ├─ /Charlotte/Northwest-Charlotte/index.html (+2ms) 
20:14:02   ├─ /Charlotte/Northwest-Charlotte/cabinet-services/index.html (+2ms) 
20:14:02   ├─ /Charlotte/Northwest-Charlotte/cabinet-services/cabinet-refinishing/index.html (+2ms) 
20:14:02   ├─ /Charlotte/Northwest-Charlotte/cabinet-services/cabinet-painting/index.html (+2ms) 
20:14:02   ├─ /Charlotte/Northwest-Charlotte/cabinet-services/storage-solutions/index.html (+3ms) 
20:14:02   ├─ /Charlotte/Northwest-Charlotte/cabinet-services/countertops-backsplash/index.html (+2ms) 
20:14:02   ├─ /Charlotte/Northwest-Charlotte/cabinet-services/uv-curing/index.html (+2ms) 
20:14:02   ├─ /Charlotte/Northwest-Charlotte/interior-painting/index.html (+2ms) 
20:14:02   ├─ /Charlotte/Northwest-Charlotte/interior-painting/full-interior-painting/index.html (+2ms) 
20:14:02   ├─ /Charlotte/Northwest-Charlotte/interior-painting/ceiling-services/index.html (+1ms) 
20:14:02   ├─ /Charlotte/Northwest-Charlotte/interior-painting/drywall-repair/index.html (+2ms) 
20:14:02   ├─ /Charlotte/Northwest-Charlotte/interior-painting/surface-preparation/index.html (+3ms) 
20:14:02   ├─ /Charlotte/Northwest-Charlotte/interior-painting/painter-for-a-day/index.html (+5ms) 
20:14:02   ├─ /Charlotte/Northwest-Charlotte/exterior-painting/index.html (+4ms) 
20:14:02   ├─ /Charlotte/Northwest-Charlotte/exterior-painting/exterior-house-painting/index.html (+2ms) 
20:14:02   ├─ /Charlotte/Northwest-Charlotte/exterior-painting/limewash/index.html (+2ms) 
20:14:02   ├─ /Charlotte/Northwest-Charlotte/exterior-painting/siding-repair/index.html (+2ms) 
20:14:02   ├─ /Charlotte/Northwest-Charlotte/exterior-painting/stucco-repair/index.html (+2ms) 
20:14:02   ├─ /Charlotte/Northwest-Charlotte/exterior-painting/deck-staining/index.html (+2ms) 
20:14:02   ├─ /Charlotte/Northwest-Charlotte/exterior-painting/metal-painting/index.html (+2ms) 
20:14:02   ├─ /Charlotte/Northwest-Charlotte/flooring/index.html (+2ms) 
20:14:02   ├─ /Charlotte/Northwest-Charlotte/flooring/floor-refinishing/index.html (+3ms) 
20:14:02   ├─ /Charlotte/Northwest-Charlotte/flooring/floor-sanding/index.html (+12ms) 
20:14:02   ├─ /Charlotte/Northwest-Charlotte/flooring/garage-floor-coatings/index.html (+2ms) 
20:14:02   ├─ /Charlotte/Northwest-Charlotte/flooring/concrete-flooring/index.html (+2ms) 
20:14:02   ├─ /Charlotte/Northwest-Charlotte/commercial-services/index.html (+2ms) 
20:14:02   ├─ /Charlotte/Northwest-Charlotte/commercial-services/commercial-painting/index.html (+2ms) 
20:14:02   ├─ /Charlotte/Northwest-Charlotte/commercial-services/multi-family-painting/index.html (+2ms) 
20:14:02   ├─ /Charlotte/Northwest-Charlotte/commercial-services/restoration-painting/index.html (+2ms) 
20:14:02   ├─ /Charlotte/Northwest-Charlotte/commercial-services/holiday-lighting/index.html (+2ms) 
20:14:02   ├─ /Charlotte/Airport-area/index.html (+2ms) 
20:14:02   ├─ /Charlotte/Airport-area/cabinet-services/index.html (+2ms) 
20:14:02   ├─ /Charlotte/Airport-area/cabinet-services/cabinet-refinishing/index.html (+3ms) 
20:14:02   ├─ /Charlotte/Airport-area/cabinet-services/cabinet-painting/index.html (+2ms) 
20:14:02   ├─ /Charlotte/Airport-area/cabinet-services/storage-solutions/index.html (+2ms) 
20:14:02   ├─ /Charlotte/Airport-area/cabinet-services/countertops-backsplash/index.html (+2ms) 
20:14:02   ├─ /Charlotte/Airport-area/cabinet-services/uv-curing/index.html (+2ms) 
20:14:02   ├─ /Charlotte/Airport-area/interior-painting/index.html (+3ms) 
20:14:02   ├─ /Charlotte/Airport-area/interior-painting/full-interior-painting/index.html (+3ms) 
20:14:02   ├─ /Charlotte/Airport-area/interior-painting/ceiling-services/index.html (+2ms) 
20:14:02   ├─ /Charlotte/Airport-area/interior-painting/drywall-repair/index.html (+2ms) 
20:14:02   ├─ /Charlotte/Airport-area/interior-painting/surface-preparation/index.html (+4ms) 
20:14:02   ├─ /Charlotte/Airport-area/interior-painting/painter-for-a-day/index.html (+2ms) 
20:14:02   ├─ /Charlotte/Airport-area/exterior-painting/index.html (+2ms) 
20:14:02   ├─ /Charlotte/Airport-area/exterior-painting/exterior-house-painting/index.html (+2ms) 
20:14:02   ├─ /Charlotte/Airport-area/exterior-painting/limewash/index.html (+2ms) 
20:14:02   ├─ /Charlotte/Airport-area/exterior-painting/siding-repair/index.html (+2ms) 
20:14:02   ├─ /Charlotte/Airport-area/exterior-painting/stucco-repair/index.html (+6ms) 
20:14:02   ├─ /Charlotte/Airport-area/exterior-painting/deck-staining/index.html (+4ms) 
20:14:02   ├─ /Charlotte/Airport-area/exterior-painting/metal-painting/index.html (+2ms) 
20:14:02   ├─ /Charlotte/Airport-area/flooring/index.html (+2ms) 
20:14:02   ├─ /Charlotte/Airport-area/flooring/floor-refinishing/index.html (+3ms) 
20:14:02   ├─ /Charlotte/Airport-area/flooring/floor-sanding/index.html (+2ms) 
20:14:02   ├─ /Charlotte/Airport-area/flooring/garage-floor-coatings/index.html (+2ms) 
20:14:02   ├─ /Charlotte/Airport-area/flooring/concrete-flooring/index.html (+6ms) 
20:14:02   ├─ /Charlotte/Airport-area/commercial-services/index.html (+3ms) 
20:14:02   ├─ /Charlotte/Airport-area/commercial-services/commercial-painting/index.html (+2ms) 
20:14:02   ├─ /Charlotte/Airport-area/commercial-services/multi-family-painting/index.html (+7ms) 
20:14:02   ├─ /Charlotte/Airport-area/commercial-services/restoration-painting/index.html (+2ms) 
20:14:02   ├─ /Charlotte/Airport-area/commercial-services/holiday-lighting/index.html (+2ms) 
20:14:02   ├─ /Charlotte/Arrowood/index.html (+3ms) 
20:14:02   ├─ /Charlotte/Arrowood/cabinet-services/index.html (+2ms) 
20:14:02   ├─ /Charlotte/Arrowood/cabinet-services/cabinet-refinishing/index.html (+2ms) 
20:14:02   ├─ /Charlotte/Arrowood/cabinet-services/cabinet-painting/index.html (+5ms) 
20:14:02   ├─ /Charlotte/Arrowood/cabinet-services/storage-solutions/index.html (+2ms) 
20:14:02   ├─ /Charlotte/Arrowood/cabinet-services/countertops-backsplash/index.html (+2ms) 
20:14:02   ├─ /Charlotte/Arrowood/cabinet-services/uv-curing/index.html (+2ms) 
20:14:02   ├─ /Charlotte/Arrowood/interior-painting/index.html (+2ms) 
20:14:02   ├─ /Charlotte/Arrowood/interior-painting/full-interior-painting/index.html (+2ms) 
20:14:02   ├─ /Charlotte/Arrowood/interior-painting/ceiling-services/index.html (+4ms) 
20:14:02   ├─ /Charlotte/Arrowood/interior-painting/drywall-repair/index.html (+2ms) 
20:14:02   ├─ /Charlotte/Arrowood/interior-painting/surface-preparation/index.html (+1ms) 
20:14:02   ├─ /Charlotte/Arrowood/interior-painting/painter-for-a-day/index.html (+5ms) 
20:14:02   ├─ /Charlotte/Arrowood/exterior-painting/index.html (+2ms) 
20:14:02   ├─ /Charlotte/Arrowood/exterior-painting/exterior-house-painting/index.html (+2ms) 
20:14:02   ├─ /Charlotte/Arrowood/exterior-painting/limewash/index.html (+2ms) 
20:14:02   ├─ /Charlotte/Arrowood/exterior-painting/siding-repair/index.html (+2ms) 
20:14:02   ├─ /Charlotte/Arrowood/exterior-painting/stucco-repair/index.html (+2ms) 
20:14:02   ├─ /Charlotte/Arrowood/exterior-painting/deck-staining/index.html (+5ms) 
20:14:02   ├─ /Charlotte/Arrowood/exterior-painting/metal-painting/index.html (+6ms) 
20:14:02   ├─ /Charlotte/Arrowood/flooring/index.html (+5ms) 
20:14:02   ├─ /Charlotte/Arrowood/flooring/floor-refinishing/index.html (+7ms) 
20:14:02   ├─ /Charlotte/Arrowood/flooring/floor-sanding/index.html (+4ms) 
20:14:02   ├─ /Charlotte/Arrowood/flooring/garage-floor-coatings/index.html (+4ms) 
20:14:02   ├─ /Charlotte/Arrowood/flooring/concrete-flooring/index.html (+2ms) 
20:14:02   ├─ /Charlotte/Arrowood/commercial-services/index.html (+12ms) 
20:14:02   ├─ /Charlotte/Arrowood/commercial-services/commercial-painting/index.html (+7ms) 
20:14:02   ├─ /Charlotte/Arrowood/commercial-services/multi-family-painting/index.html (+4ms) 
20:14:02   ├─ /Charlotte/Arrowood/commercial-services/restoration-painting/index.html (+4ms) 
20:14:02   ├─ /Charlotte/Arrowood/commercial-services/holiday-lighting/index.html (+6ms) 
20:14:02   ├─ /Charlotte/Providence-area/index.html (+4ms) 
20:14:02   ├─ /Charlotte/Providence-area/cabinet-services/index.html (+5ms) 
20:14:02   ├─ /Charlotte/Providence-area/cabinet-services/cabinet-refinishing/index.html (+4ms) 
20:14:02   ├─ /Charlotte/Providence-area/cabinet-services/cabinet-painting/index.html (+6ms) 
20:14:02   ├─ /Charlotte/Providence-area/cabinet-services/storage-solutions/index.html (+5ms) 
20:14:02   ├─ /Charlotte/Providence-area/cabinet-services/countertops-backsplash/index.html (+4ms) 
20:14:02   ├─ /Charlotte/Providence-area/cabinet-services/uv-curing/index.html (+4ms) 
20:14:02   ├─ /Charlotte/Providence-area/interior-painting/index.html (+13ms) 
20:14:02   ├─ /Charlotte/Providence-area/interior-painting/full-interior-painting/index.html (+4ms) 
20:14:02   ├─ /Charlotte/Providence-area/interior-painting/ceiling-services/index.html (+4ms) 
20:14:02   ├─ /Charlotte/Providence-area/interior-painting/drywall-repair/index.html (+8ms) 
20:14:02   ├─ /Charlotte/Providence-area/interior-painting/surface-preparation/index.html (+7ms) 
20:14:02   ├─ /Charlotte/Providence-area/interior-painting/painter-for-a-day/index.html (+21ms) 
20:14:02   ├─ /Charlotte/Providence-area/exterior-painting/index.html (+5ms) 
20:14:02   ├─ /Charlotte/Providence-area/exterior-painting/exterior-house-painting/index.html (+10ms) 
20:14:02   ├─ /Charlotte/Providence-area/exterior-painting/limewash/index.html (+4ms) 
20:14:02   ├─ /Charlotte/Providence-area/exterior-painting/siding-repair/index.html (+6ms) 
20:14:02   ├─ /Charlotte/Providence-area/exterior-painting/stucco-repair/index.html (+4ms) 
20:14:02   ├─ /Charlotte/Providence-area/exterior-painting/deck-staining/index.html (+4ms) 
20:14:02   ├─ /Charlotte/Providence-area/exterior-painting/metal-painting/index.html (+3ms) 
20:14:02   ├─ /Charlotte/Providence-area/flooring/index.html (+7ms) 
20:14:02   ├─ /Charlotte/Providence-area/flooring/floor-refinishing/index.html (+5ms) 
20:14:02   ├─ /Charlotte/Providence-area/flooring/floor-sanding/index.html (+4ms) 
20:14:02   ├─ /Charlotte/Providence-area/flooring/garage-floor-coatings/index.html (+9ms) 
20:14:02   ├─ /Charlotte/Providence-area/flooring/concrete-flooring/index.html (+5ms) 
20:14:02   ├─ /Charlotte/Providence-area/commercial-services/index.html (+8ms) 
20:14:02   ├─ /Charlotte/Providence-area/commercial-services/commercial-painting/index.html (+10ms) 
20:14:02   ├─ /Charlotte/Providence-area/commercial-services/multi-family-painting/index.html (+6ms) 
20:14:02   ├─ /Charlotte/Providence-area/commercial-services/restoration-painting/index.html (+4ms) 
20:14:02   ├─ /Charlotte/Providence-area/commercial-services/holiday-lighting/index.html (+14ms) 
20:14:02   ├─ /Charlotte/Arboretum/index.html (+8ms) 
20:14:02   ├─ /Charlotte/Arboretum/cabinet-services/index.html (+7ms) 
20:14:02   ├─ /Charlotte/Arboretum/cabinet-services/cabinet-refinishing/index.html (+17ms) 
20:14:02   ├─ /Charlotte/Arboretum/cabinet-services/cabinet-painting/index.html (+4ms) 
20:14:02   ├─ /Charlotte/Arboretum/cabinet-services/storage-solutions/index.html (+10ms) 
20:14:02   ├─ /Charlotte/Arboretum/cabinet-services/countertops-backsplash/index.html (+14ms) 
20:14:02   ├─ /Charlotte/Arboretum/cabinet-services/uv-curing/index.html (+10ms) 
20:14:02   ├─ /Charlotte/Arboretum/interior-painting/index.html (+10ms) 
20:14:02   ├─ /Charlotte/Arboretum/interior-painting/full-interior-painting/index.html (+5ms) 
20:14:02   ├─ /Charlotte/Arboretum/interior-painting/ceiling-services/index.html (+10ms) 
20:14:02   ├─ /Charlotte/Arboretum/interior-painting/drywall-repair/index.html (+7ms) 
20:14:02   ├─ /Charlotte/Arboretum/interior-painting/surface-preparation/index.html (+5ms) 
20:14:02   ├─ /Charlotte/Arboretum/interior-painting/painter-for-a-day/index.html (+8ms) 
20:14:02   ├─ /Charlotte/Arboretum/exterior-painting/index.html (+4ms) 
20:14:02   ├─ /Charlotte/Arboretum/exterior-painting/exterior-house-painting/index.html (+8ms) 
20:14:02   ├─ /Charlotte/Arboretum/exterior-painting/limewash/index.html (+8ms) 
20:14:02   ├─ /Charlotte/Arboretum/exterior-painting/siding-repair/index.html (+4ms) 
20:14:02   ├─ /Charlotte/Arboretum/exterior-painting/stucco-repair/index.html (+7ms) 
20:14:02   ├─ /Charlotte/Arboretum/exterior-painting/deck-staining/index.html (+4ms) 
20:14:02   ├─ /Charlotte/Arboretum/exterior-painting/metal-painting/index.html (+5ms) 
20:14:02   ├─ /Charlotte/Arboretum/flooring/index.html (+8ms) 
20:14:02   ├─ /Charlotte/Arboretum/flooring/floor-refinishing/index.html (+4ms) 
20:14:02   ├─ /Charlotte/Arboretum/flooring/floor-sanding/index.html (+8ms) 
20:14:02   ├─ /Charlotte/Arboretum/flooring/garage-floor-coatings/index.html (+8ms) 
20:14:02   ├─ /Charlotte/Arboretum/flooring/concrete-flooring/index.html (+8ms) 
20:14:02   ├─ /Charlotte/Arboretum/commercial-services/index.html (+8ms) 
20:14:02   ├─ /Charlotte/Arboretum/commercial-services/commercial-painting/index.html (+10ms) 
20:14:02   ├─ /Charlotte/Arboretum/commercial-services/multi-family-painting/index.html (+11ms) 
20:14:02   ├─ /Charlotte/Arboretum/commercial-services/restoration-painting/index.html (+4ms) 
20:14:02   ├─ /Charlotte/Arboretum/commercial-services/holiday-lighting/index.html (+8ms) 
20:14:02   ├─ /Charlotte/Southeast-Charlotte/index.html (+5ms) 
20:14:02   ├─ /Charlotte/Southeast-Charlotte/cabinet-services/index.html (+6ms) 
20:14:02   ├─ /Charlotte/Southeast-Charlotte/cabinet-services/cabinet-refinishing/index.html (+4ms) 
20:14:02   ├─ /Charlotte/Southeast-Charlotte/cabinet-services/cabinet-painting/index.html (+7ms) 
20:14:02   ├─ /Charlotte/Southeast-Charlotte/cabinet-services/storage-solutions/index.html (+4ms) 
20:14:02   ├─ /Charlotte/Southeast-Charlotte/cabinet-services/countertops-backsplash/index.html (+3ms) 
20:14:02   ├─ /Charlotte/Southeast-Charlotte/cabinet-services/uv-curing/index.html (+6ms) 
20:14:02   ├─ /Charlotte/Southeast-Charlotte/interior-painting/index.html (+4ms) 
20:14:02   ├─ /Charlotte/Southeast-Charlotte/interior-painting/full-interior-painting/index.html (+4ms) 
20:14:02   ├─ /Charlotte/Southeast-Charlotte/interior-painting/ceiling-services/index.html (+8ms) 
20:14:02   ├─ /Charlotte/Southeast-Charlotte/interior-painting/drywall-repair/index.html (+6ms) 
20:14:02   ├─ /Charlotte/Southeast-Charlotte/interior-painting/surface-preparation/index.html (+5ms) 
20:14:02   ├─ /Charlotte/Southeast-Charlotte/interior-painting/painter-for-a-day/index.html (+7ms) 
20:14:02   ├─ /Charlotte/Southeast-Charlotte/exterior-painting/index.html (+5ms) 
20:14:02   ├─ /Charlotte/Southeast-Charlotte/exterior-painting/exterior-house-painting/index.html (+6ms) 
20:14:02   ├─ /Charlotte/Southeast-Charlotte/exterior-painting/limewash/index.html (+10ms) 
20:14:02   ├─ /Charlotte/Southeast-Charlotte/exterior-painting/siding-repair/index.html (+9ms) 
20:14:02   ├─ /Charlotte/Southeast-Charlotte/exterior-painting/stucco-repair/index.html (+10ms) 
20:14:02   ├─ /Charlotte/Southeast-Charlotte/exterior-painting/deck-staining/index.html (+6ms) 
20:14:02   ├─ /Charlotte/Southeast-Charlotte/exterior-painting/metal-painting/index.html (+5ms) 
20:14:02   ├─ /Charlotte/Southeast-Charlotte/flooring/index.html (+6ms) 
20:14:02   ├─ /Charlotte/Southeast-Charlotte/flooring/floor-refinishing/index.html (+5ms) 
20:14:02   ├─ /Charlotte/Southeast-Charlotte/flooring/floor-sanding/index.html (+11ms) 
20:14:02   ├─ /Charlotte/Southeast-Charlotte/flooring/garage-floor-coatings/index.html (+3ms) 
20:14:02   ├─ /Charlotte/Southeast-Charlotte/flooring/concrete-flooring/index.html (+3ms) 
20:14:02   ├─ /Charlotte/Southeast-Charlotte/commercial-services/index.html (+5ms) 
20:14:02   ├─ /Charlotte/Southeast-Charlotte/commercial-services/commercial-painting/index.html (+4ms) 
20:14:02   ├─ /Charlotte/Southeast-Charlotte/commercial-services/multi-family-painting/index.html (+7ms) 
20:14:03   ├─ /Charlotte/Southeast-Charlotte/commercial-services/restoration-painting/index.html (+5ms) 
20:14:03   ├─ /Charlotte/Southeast-Charlotte/commercial-services/holiday-lighting/index.html (+8ms) 
20:14:03   ├─ /Charlotte/Steele-Creek/index.html (+6ms) 
20:14:03   ├─ /Charlotte/Steele-Creek/cabinet-services/index.html (+6ms) 
20:14:03   ├─ /Charlotte/Steele-Creek/cabinet-services/cabinet-refinishing/index.html (+6ms) 
20:14:03   ├─ /Charlotte/Steele-Creek/cabinet-services/cabinet-painting/index.html (+7ms) 
20:14:03   ├─ /Charlotte/Steele-Creek/cabinet-services/storage-solutions/index.html (+5ms) 
20:14:03   ├─ /Charlotte/Steele-Creek/cabinet-services/countertops-backsplash/index.html (+3ms) 
20:14:03   ├─ /Charlotte/Steele-Creek/cabinet-services/uv-curing/index.html (+5ms) 
20:14:03   ├─ /Charlotte/Steele-Creek/interior-painting/index.html (+4ms) 
20:14:03   ├─ /Charlotte/Steele-Creek/interior-painting/full-interior-painting/index.html (+6ms) 
20:14:03   ├─ /Charlotte/Steele-Creek/interior-painting/ceiling-services/index.html (+7ms) 
20:14:03   ├─ /Charlotte/Steele-Creek/interior-painting/drywall-repair/index.html (+6ms) 
20:14:03   ├─ /Charlotte/Steele-Creek/interior-painting/surface-preparation/index.html (+4ms) 
20:14:03   ├─ /Charlotte/Steele-Creek/interior-painting/painter-for-a-day/index.html (+5ms) 
20:14:03   ├─ /Charlotte/Steele-Creek/exterior-painting/index.html (+8ms) 
20:14:03   ├─ /Charlotte/Steele-Creek/exterior-painting/exterior-house-painting/index.html (+5ms) 
20:14:03   ├─ /Charlotte/Steele-Creek/exterior-painting/limewash/index.html (+12ms) 
20:14:03   ├─ /Charlotte/Steele-Creek/exterior-painting/siding-repair/index.html (+5ms) 
20:14:03   ├─ /Charlotte/Steele-Creek/exterior-painting/stucco-repair/index.html (+9ms) 
20:14:03   ├─ /Charlotte/Steele-Creek/exterior-painting/deck-staining/index.html (+7ms) 
20:14:03   ├─ /Charlotte/Steele-Creek/exterior-painting/metal-painting/index.html (+7ms) 
20:14:03   ├─ /Charlotte/Steele-Creek/flooring/index.html (+8ms) 
20:14:03   ├─ /Charlotte/Steele-Creek/flooring/floor-refinishing/index.html (+8ms) 
20:14:03   ├─ /Charlotte/Steele-Creek/flooring/floor-sanding/index.html (+5ms) 
20:14:03   ├─ /Charlotte/Steele-Creek/flooring/garage-floor-coatings/index.html (+7ms) 
20:14:03   ├─ /Charlotte/Steele-Creek/flooring/concrete-flooring/index.html (+9ms) 
20:14:03   ├─ /Charlotte/Steele-Creek/commercial-services/index.html (+9ms) 
20:14:03   ├─ /Charlotte/Steele-Creek/commercial-services/commercial-painting/index.html (+3ms) 
20:14:03   ├─ /Charlotte/Steele-Creek/commercial-services/multi-family-painting/index.html (+5ms) 
20:14:03   ├─ /Charlotte/Steele-Creek/commercial-services/restoration-painting/index.html (+6ms) 
20:14:03   ├─ /Charlotte/Steele-Creek/commercial-services/holiday-lighting/index.html (+5ms) 
20:14:03   ├─ /Charlotte/Ballantyne/index.html (+6ms) 
20:14:03   ├─ /Charlotte/Ballantyne/cabinet-services/index.html (+9ms) 
20:14:03   ├─ /Charlotte/Ballantyne/cabinet-services/cabinet-refinishing/index.html (+8ms) 
20:14:03   ├─ /Charlotte/Ballantyne/cabinet-services/cabinet-painting/index.html (+6ms) 
20:14:03   ├─ /Charlotte/Ballantyne/cabinet-services/storage-solutions/index.html (+7ms) 
20:14:03   ├─ /Charlotte/Ballantyne/cabinet-services/countertops-backsplash/index.html (+5ms) 
20:14:03   ├─ /Charlotte/Ballantyne/cabinet-services/uv-curing/index.html (+9ms) 
20:14:03   ├─ /Charlotte/Ballantyne/interior-painting/index.html (+11ms) 
20:14:03   ├─ /Charlotte/Ballantyne/interior-painting/full-interior-painting/index.html (+12ms) 
20:14:03   ├─ /Charlotte/Ballantyne/interior-painting/ceiling-services/index.html (+11ms) 
20:14:03   ├─ /Charlotte/Ballantyne/interior-painting/drywall-repair/index.html (+5ms) 
20:14:03   ├─ /Charlotte/Ballantyne/interior-painting/surface-preparation/index.html (+9ms) 
20:14:03   ├─ /Charlotte/Ballantyne/interior-painting/painter-for-a-day/index.html (+17ms) 
20:14:03   ├─ /Charlotte/Ballantyne/exterior-painting/index.html (+5ms) 
20:14:03   ├─ /Charlotte/Ballantyne/exterior-painting/exterior-house-painting/index.html (+4ms) 
20:14:03   ├─ /Charlotte/Ballantyne/exterior-painting/limewash/index.html (+7ms) 
20:14:03   ├─ /Charlotte/Ballantyne/exterior-painting/siding-repair/index.html (+6ms) 
20:14:03   ├─ /Charlotte/Ballantyne/exterior-painting/stucco-repair/index.html (+4ms) 
20:14:03   ├─ /Charlotte/Ballantyne/exterior-painting/deck-staining/index.html (+3ms) 
20:14:03   ├─ /Charlotte/Ballantyne/exterior-painting/metal-painting/index.html (+7ms) 
20:14:03   ├─ /Charlotte/Ballantyne/flooring/index.html (+5ms) 
20:14:03   ├─ /Charlotte/Ballantyne/flooring/floor-refinishing/index.html (+4ms) 
20:14:03   ├─ /Charlotte/Ballantyne/flooring/floor-sanding/index.html (+3ms) 
20:14:03   ├─ /Charlotte/Ballantyne/flooring/garage-floor-coatings/index.html (+81ms) 
20:14:03   ├─ /Charlotte/Ballantyne/flooring/concrete-flooring/index.html (+87ms) 
20:14:03   ├─ /Charlotte/Ballantyne/commercial-services/index.html (+42ms) 
20:14:03   ├─ /Charlotte/Ballantyne/commercial-services/commercial-painting/index.html (+10ms) 
20:14:03   ├─ /Charlotte/Ballantyne/commercial-services/multi-family-painting/index.html (+8ms) 
20:14:03   ├─ /Charlotte/Ballantyne/commercial-services/restoration-painting/index.html (+4ms) 
20:14:03   ├─ /Charlotte/Ballantyne/commercial-services/holiday-lighting/index.html (+14ms) 
20:14:03   ├─ /Charlotte/Blakeney/index.html (+8ms) 
20:14:03   ├─ /Charlotte/Blakeney/cabinet-services/index.html (+18ms) 
20:14:03   ├─ /Charlotte/Blakeney/cabinet-services/cabinet-refinishing/index.html (+11ms) 
20:14:03   ├─ /Charlotte/Blakeney/cabinet-services/cabinet-painting/index.html (+70ms) 
20:14:03   ├─ /Charlotte/Blakeney/cabinet-services/storage-solutions/index.html (+7ms) 
20:14:03   ├─ /Charlotte/Blakeney/cabinet-services/countertops-backsplash/index.html (+15ms) 
20:14:03   ├─ /Charlotte/Blakeney/cabinet-services/uv-curing/index.html (+13ms) 
20:14:03   ├─ /Charlotte/Blakeney/interior-painting/index.html (+29ms) 
20:14:03   ├─ /Charlotte/Blakeney/interior-painting/full-interior-painting/index.html (+4ms) 
20:14:03   ├─ /Charlotte/Blakeney/interior-painting/ceiling-services/index.html (+12ms) 
20:14:03   ├─ /Charlotte/Blakeney/interior-painting/drywall-repair/index.html (+10ms) 
20:14:03   ├─ /Charlotte/Blakeney/interior-painting/surface-preparation/index.html (+5ms) 
20:14:03   ├─ /Charlotte/Blakeney/interior-painting/painter-for-a-day/index.html (+4ms) 
20:14:03   ├─ /Charlotte/Blakeney/exterior-painting/index.html (+4ms) 
20:14:03   ├─ /Charlotte/Blakeney/exterior-painting/exterior-house-painting/index.html (+20ms) 
20:14:03   ├─ /Charlotte/Blakeney/exterior-painting/limewash/index.html (+20ms) 
20:14:03   ├─ /Charlotte/Blakeney/exterior-painting/siding-repair/index.html (+8ms) 
20:14:03   ├─ /Charlotte/Blakeney/exterior-painting/stucco-repair/index.html (+8ms) 
20:14:03   ├─ /Charlotte/Blakeney/exterior-painting/deck-staining/index.html (+9ms) 
20:14:03   ├─ /Charlotte/Blakeney/exterior-painting/metal-painting/index.html (+5ms) 
20:14:03   ├─ /Charlotte/Blakeney/flooring/index.html (+13ms) 
20:14:03   ├─ /Charlotte/Blakeney/flooring/floor-refinishing/index.html (+11ms) 
20:14:03   ├─ /Charlotte/Blakeney/flooring/floor-sanding/index.html (+7ms) 
20:14:03   ├─ /Charlotte/Blakeney/flooring/garage-floor-coatings/index.html (+13ms) 
20:14:03   ├─ /Charlotte/Blakeney/flooring/concrete-flooring/index.html (+10ms) 
20:14:03   ├─ /Charlotte/Blakeney/commercial-services/index.html (+12ms) 
20:14:03   ├─ /Charlotte/Blakeney/commercial-services/commercial-painting/index.html (+10ms) 
20:14:03   ├─ /Charlotte/Blakeney/commercial-services/multi-family-painting/index.html (+11ms) 
20:14:03   ├─ /Charlotte/Blakeney/commercial-services/restoration-painting/index.html (+8ms) 
20:14:03   ├─ /Charlotte/Blakeney/commercial-services/holiday-lighting/index.html (+17ms) 
20:14:04   ├─ /Charlotte/Lake-Wylie-area/index.html (+14ms) 
20:14:04   ├─ /Charlotte/Lake-Wylie-area/cabinet-services/index.html (+12ms) 
20:14:04   ├─ /Charlotte/Lake-Wylie-area/cabinet-services/cabinet-refinishing/index.html (+17ms) 
20:14:04   ├─ /Charlotte/Lake-Wylie-area/cabinet-services/cabinet-painting/index.html (+4ms) 
20:14:04   ├─ /Charlotte/Lake-Wylie-area/cabinet-services/storage-solutions/index.html (+4ms) 
20:14:04   ├─ /Charlotte/Lake-Wylie-area/cabinet-services/countertops-backsplash/index.html (+6ms) 
20:14:04   ├─ /Charlotte/Lake-Wylie-area/cabinet-services/uv-curing/index.html (+7ms) 
20:14:04   ├─ /Charlotte/Lake-Wylie-area/interior-painting/index.html (+9ms) 
20:14:04   ├─ /Charlotte/Lake-Wylie-area/interior-painting/full-interior-painting/index.html (+4ms) 
20:14:04   ├─ /Charlotte/Lake-Wylie-area/interior-painting/ceiling-services/index.html (+9ms) 
20:14:04   ├─ /Charlotte/Lake-Wylie-area/interior-painting/drywall-repair/index.html (+5ms) 
20:14:04   ├─ /Charlotte/Lake-Wylie-area/interior-painting/surface-preparation/index.html (+19ms) 
20:14:04   ├─ /Charlotte/Lake-Wylie-area/interior-painting/painter-for-a-day/index.html (+7ms) 
20:14:04   ├─ /Charlotte/Lake-Wylie-area/exterior-painting/index.html (+9ms) 
20:14:04   ├─ /Charlotte/Lake-Wylie-area/exterior-painting/exterior-house-painting/index.html (+4ms) 
20:14:04   ├─ /Charlotte/Lake-Wylie-area/exterior-painting/limewash/index.html (+5ms) 
20:14:04   ├─ /Charlotte/Lake-Wylie-area/exterior-painting/siding-repair/index.html (+6ms) 
20:14:04   ├─ /Charlotte/Lake-Wylie-area/exterior-painting/stucco-repair/index.html (+5ms) 
20:14:04   ├─ /Charlotte/Lake-Wylie-area/exterior-painting/deck-staining/index.html (+5ms) 
20:14:04   ├─ /Charlotte/Lake-Wylie-area/exterior-painting/metal-painting/index.html (+11ms) 
20:14:04   ├─ /Charlotte/Lake-Wylie-area/flooring/index.html (+7ms) 
20:14:04   ├─ /Charlotte/Lake-Wylie-area/flooring/floor-refinishing/index.html (+6ms) 
20:14:04   ├─ /Charlotte/Lake-Wylie-area/flooring/floor-sanding/index.html (+3ms) 
20:14:04   ├─ /Charlotte/Lake-Wylie-area/flooring/garage-floor-coatings/index.html (+5ms) 
20:14:04   ├─ /Charlotte/Lake-Wylie-area/flooring/concrete-flooring/index.html (+12ms) 
20:14:04   ├─ /Charlotte/Lake-Wylie-area/commercial-services/index.html (+7ms) 
20:14:04   ├─ /Charlotte/Lake-Wylie-area/commercial-services/commercial-painting/index.html (+9ms) 
20:14:04   ├─ /Charlotte/Lake-Wylie-area/commercial-services/multi-family-painting/index.html (+15ms) 
20:14:04   ├─ /Charlotte/Lake-Wylie-area/commercial-services/restoration-painting/index.html (+10ms) 
20:14:04   ├─ /Charlotte/Lake-Wylie-area/commercial-services/holiday-lighting/index.html (+7ms) 
20:14:04   ├─ /Charlotte/Mint-Hill/index.html (+10ms) 
20:14:04   ├─ /Charlotte/Mint-Hill/cabinet-services/index.html (+11ms) 
20:14:04   ├─ /Charlotte/Mint-Hill/cabinet-services/cabinet-refinishing/index.html (+7ms) 
20:14:04   ├─ /Charlotte/Mint-Hill/cabinet-services/cabinet-painting/index.html (+10ms) 
20:14:04   ├─ /Charlotte/Mint-Hill/cabinet-services/storage-solutions/index.html (+6ms) 
20:14:04   ├─ /Charlotte/Mint-Hill/cabinet-services/countertops-backsplash/index.html (+13ms) 
20:14:04   ├─ /Charlotte/Mint-Hill/cabinet-services/uv-curing/index.html (+7ms) 
20:14:04   ├─ /Charlotte/Mint-Hill/interior-painting/index.html (+8ms) 
20:14:04   ├─ /Charlotte/Mint-Hill/interior-painting/full-interior-painting/index.html (+8ms) 
20:14:04   ├─ /Charlotte/Mint-Hill/interior-painting/ceiling-services/index.html (+13ms) 
20:14:04   ├─ /Charlotte/Mint-Hill/interior-painting/drywall-repair/index.html (+11ms) 
20:14:04   ├─ /Charlotte/Mint-Hill/interior-painting/surface-preparation/index.html (+7ms) 
20:14:04   ├─ /Charlotte/Mint-Hill/interior-painting/painter-for-a-day/index.html (+6ms) 
20:14:04   ├─ /Charlotte/Mint-Hill/exterior-painting/index.html (+5ms) 
20:14:04   ├─ /Charlotte/Mint-Hill/exterior-painting/exterior-house-painting/index.html (+4ms) 
20:14:04   ├─ /Charlotte/Mint-Hill/exterior-painting/limewash/index.html (+4ms) 
20:14:04   ├─ /Charlotte/Mint-Hill/exterior-painting/siding-repair/index.html (+7ms) 
20:14:04   ├─ /Charlotte/Mint-Hill/exterior-painting/stucco-repair/index.html (+6ms) 
20:14:04   ├─ /Charlotte/Mint-Hill/exterior-painting/deck-staining/index.html (+4ms) 
20:14:04   ├─ /Charlotte/Mint-Hill/exterior-painting/metal-painting/index.html (+4ms) 
20:14:04   ├─ /Charlotte/Mint-Hill/flooring/index.html (+6ms) 
20:14:04   ├─ /Charlotte/Mint-Hill/flooring/floor-refinishing/index.html (+8ms) 
20:14:04   ├─ /Charlotte/Mint-Hill/flooring/floor-sanding/index.html (+7ms) 
20:14:04   ├─ /Charlotte/Mint-Hill/flooring/garage-floor-coatings/index.html (+16ms) 
20:14:04   ├─ /Charlotte/Mint-Hill/flooring/concrete-flooring/index.html (+5ms) 
20:14:04   ├─ /Charlotte/Mint-Hill/commercial-services/index.html (+6ms) 
20:14:04   ├─ /Charlotte/Mint-Hill/commercial-services/commercial-painting/index.html (+4ms) 
20:14:04   ├─ /Charlotte/Mint-Hill/commercial-services/multi-family-painting/index.html (+15ms) 
20:14:04   ├─ /Charlotte/Mint-Hill/commercial-services/restoration-painting/index.html (+6ms) 
20:14:04   ├─ /Charlotte/Mint-Hill/commercial-services/holiday-lighting/index.html (+8ms) 
20:14:04   ├─ /Charlotte/University-City/index.html (+4ms) 
20:14:04   ├─ /Charlotte/University-City/cabinet-services/index.html (+5ms) 
20:14:04   ├─ /Charlotte/University-City/cabinet-services/cabinet-refinishing/index.html (+6ms) 
20:14:04   ├─ /Charlotte/University-City/cabinet-services/cabinet-painting/index.html (+5ms) 
20:14:04   ├─ /Charlotte/University-City/cabinet-services/storage-solutions/index.html (+5ms) 
20:14:04   ├─ /Charlotte/University-City/cabinet-services/countertops-backsplash/index.html (+8ms) 
20:14:04   ├─ /Charlotte/University-City/cabinet-services/uv-curing/index.html (+6ms) 
20:14:04   ├─ /Charlotte/University-City/interior-painting/index.html (+5ms) 
20:14:04   ├─ /Charlotte/University-City/interior-painting/full-interior-painting/index.html (+6ms) 
20:14:04   ├─ /Charlotte/University-City/interior-painting/ceiling-services/index.html (+7ms) 
20:14:04   ├─ /Charlotte/University-City/interior-painting/drywall-repair/index.html (+7ms) 
20:14:04   ├─ /Charlotte/University-City/interior-painting/surface-preparation/index.html (+7ms) 
20:14:04   ├─ /Charlotte/University-City/interior-painting/painter-for-a-day/index.html (+4ms) 
20:14:04   ├─ /Charlotte/University-City/exterior-painting/index.html (+4ms) 
20:14:04   ├─ /Charlotte/University-City/exterior-painting/exterior-house-painting/index.html (+5ms) 
20:14:04   ├─ /Charlotte/University-City/exterior-painting/limewash/index.html (+12ms) 
20:14:04   ├─ /Charlotte/University-City/exterior-painting/siding-repair/index.html (+5ms) 
20:14:04   ├─ /Charlotte/University-City/exterior-painting/stucco-repair/index.html (+4ms) 
20:14:04   ├─ /Charlotte/University-City/exterior-painting/deck-staining/index.html (+11ms) 
20:14:04   ├─ /Charlotte/University-City/exterior-painting/metal-painting/index.html (+4ms) 
20:14:04   ├─ /Charlotte/University-City/flooring/index.html (+4ms) 
20:14:04   ├─ /Charlotte/University-City/flooring/floor-refinishing/index.html (+3ms) 
20:14:04   ├─ /Charlotte/University-City/flooring/floor-sanding/index.html (+4ms) 
20:14:04   ├─ /Charlotte/University-City/flooring/garage-floor-coatings/index.html (+4ms) 
20:14:04   ├─ /Charlotte/University-City/flooring/concrete-flooring/index.html (+4ms) 
20:14:04   ├─ /Charlotte/University-City/commercial-services/index.html (+4ms) 
20:14:04   ├─ /Charlotte/University-City/commercial-services/commercial-painting/index.html (+3ms) 
20:14:04   ├─ /Charlotte/University-City/commercial-services/multi-family-painting/index.html (+3ms) 
20:14:04   ├─ /Charlotte/University-City/commercial-services/restoration-painting/index.html (+4ms) 
20:14:04   ├─ /Charlotte/University-City/commercial-services/holiday-lighting/index.html (+3ms) 
20:14:04   ├─ /Charlotte/Steele-Creek/index.html (+3ms) 
20:14:04   ├─ /Charlotte/Steele-Creek/cabinet-services/index.html (+3ms) 
20:14:04   ├─ /Charlotte/Steele-Creek/cabinet-services/cabinet-refinishing/index.html (+3ms) 
20:14:04   ├─ /Charlotte/Steele-Creek/cabinet-services/cabinet-painting/index.html (+3ms) 
20:14:04   ├─ /Charlotte/Steele-Creek/cabinet-services/storage-solutions/index.html (+6ms) 
20:14:04   ├─ /Charlotte/Steele-Creek/cabinet-services/countertops-backsplash/index.html (+5ms) 
20:14:04   ├─ /Charlotte/Steele-Creek/cabinet-services/uv-curing/index.html (+3ms) 
20:14:04   ├─ /Charlotte/Steele-Creek/interior-painting/index.html (+3ms) 
20:14:04   ├─ /Charlotte/Steele-Creek/interior-painting/full-interior-painting/index.html (+4ms) 
20:14:04   ├─ /Charlotte/Steele-Creek/interior-painting/ceiling-services/index.html (+5ms) 
20:14:04   ├─ /Charlotte/Steele-Creek/interior-painting/drywall-repair/index.html (+5ms) 
20:14:04   ├─ /Charlotte/Steele-Creek/interior-painting/surface-preparation/index.html (+6ms) 
20:14:04   ├─ /Charlotte/Steele-Creek/interior-painting/painter-for-a-day/index.html (+12ms) 
20:14:04   ├─ /Charlotte/Steele-Creek/exterior-painting/index.html (+9ms) 
20:14:04   ├─ /Charlotte/Steele-Creek/exterior-painting/exterior-house-painting/index.html (+3ms) 
20:14:04   ├─ /Charlotte/Steele-Creek/exterior-painting/limewash/index.html (+5ms) 
20:14:04   ├─ /Charlotte/Steele-Creek/exterior-painting/siding-repair/index.html (+4ms) 
20:14:04   ├─ /Charlotte/Steele-Creek/exterior-painting/stucco-repair/index.html (+4ms) 
20:14:04   ├─ /Charlotte/Steele-Creek/exterior-painting/deck-staining/index.html (+5ms) 
20:14:04   ├─ /Charlotte/Steele-Creek/exterior-painting/metal-painting/index.html (+4ms) 
20:14:04   ├─ /Charlotte/Steele-Creek/flooring/index.html (+5ms) 
20:14:04   ├─ /Charlotte/Steele-Creek/flooring/floor-refinishing/index.html (+3ms) 
20:14:04   ├─ /Charlotte/Steele-Creek/flooring/floor-sanding/index.html (+4ms) 
20:14:04   ├─ /Charlotte/Steele-Creek/flooring/garage-floor-coatings/index.html (+4ms) 
20:14:04   ├─ /Charlotte/Steele-Creek/flooring/concrete-flooring/index.html (+4ms) 
20:14:04   ├─ /Charlotte/Steele-Creek/commercial-services/index.html (+4ms) 
20:14:04   ├─ /Charlotte/Steele-Creek/commercial-services/commercial-painting/index.html (+4ms) 
20:14:04   ├─ /Charlotte/Steele-Creek/commercial-services/multi-family-painting/index.html (+3ms) 
20:14:04   ├─ /Charlotte/Steele-Creek/commercial-services/restoration-painting/index.html (+4ms) 
20:14:04   ├─ /Charlotte/Steele-Creek/commercial-services/holiday-lighting/index.html (+4ms) 
20:14:04   ├─ /Charlotte/Ballantyne/index.html (+5ms) 
20:14:04   ├─ /Charlotte/Ballantyne/cabinet-services/index.html (+5ms) 
20:14:04   ├─ /Charlotte/Ballantyne/cabinet-services/cabinet-refinishing/index.html (+5ms) 
20:14:04   ├─ /Charlotte/Ballantyne/cabinet-services/cabinet-painting/index.html (+5ms) 
20:14:04   ├─ /Charlotte/Ballantyne/cabinet-services/storage-solutions/index.html (+6ms) 
20:14:04   ├─ /Charlotte/Ballantyne/cabinet-services/countertops-backsplash/index.html (+4ms) 
20:14:04   ├─ /Charlotte/Ballantyne/cabinet-services/uv-curing/index.html (+4ms) 
20:14:04   ├─ /Charlotte/Ballantyne/interior-painting/index.html (+4ms) 
20:14:04   ├─ /Charlotte/Ballantyne/interior-painting/full-interior-painting/index.html (+8ms) 
20:14:04   ├─ /Charlotte/Ballantyne/interior-painting/ceiling-services/index.html (+5ms) 
20:14:04   ├─ /Charlotte/Ballantyne/interior-painting/drywall-repair/index.html (+4ms) 
20:14:04   ├─ /Charlotte/Ballantyne/interior-painting/surface-preparation/index.html (+7ms) 
20:14:04   ├─ /Charlotte/Ballantyne/interior-painting/painter-for-a-day/index.html (+5ms) 
20:14:04   ├─ /Charlotte/Ballantyne/exterior-painting/index.html (+5ms) 
20:14:04   ├─ /Charlotte/Ballantyne/exterior-painting/exterior-house-painting/index.html (+3ms) 
20:14:04   ├─ /Charlotte/Ballantyne/exterior-painting/limewash/index.html (+3ms) 
20:14:04   ├─ /Charlotte/Ballantyne/exterior-painting/siding-repair/index.html (+3ms) 
20:14:04   ├─ /Charlotte/Ballantyne/exterior-painting/stucco-repair/index.html (+3ms) 
20:14:04   ├─ /Charlotte/Ballantyne/exterior-painting/deck-staining/index.html (+4ms) 
20:14:04   ├─ /Charlotte/Ballantyne/exterior-painting/metal-painting/index.html (+44ms) 
20:14:04   ├─ /Charlotte/Ballantyne/flooring/index.html (+20ms) 
20:14:04   ├─ /Charlotte/Ballantyne/flooring/floor-refinishing/index.html (+4ms) 
20:14:04   ├─ /Charlotte/Ballantyne/flooring/floor-sanding/index.html (+2ms) 
20:14:04   ├─ /Charlotte/Ballantyne/flooring/garage-floor-coatings/index.html (+3ms) 
20:14:04   ├─ /Charlotte/Ballantyne/flooring/concrete-flooring/index.html (+7ms) 
20:14:04   ├─ /Charlotte/Ballantyne/commercial-services/index.html (+4ms) 
20:14:04   ├─ /Charlotte/Ballantyne/commercial-services/commercial-painting/index.html (+3ms) 
20:14:04   ├─ /Charlotte/Ballantyne/commercial-services/multi-family-painting/index.html (+3ms) 
20:14:04   ├─ /Charlotte/Ballantyne/commercial-services/restoration-painting/index.html (+2ms) 
20:14:04   ├─ /Charlotte/Ballantyne/commercial-services/holiday-lighting/index.html (+3ms) 
20:14:04   ├─ /Charlotte/28202/index.html (+5ms) 
20:14:04   ├─ /Charlotte/28202/cabinet-services/index.html (+6ms) 
20:14:04   ├─ /Charlotte/28202/cabinet-services/cabinet-refinishing/index.html (+4ms) 
20:14:04   ├─ /Charlotte/28202/cabinet-services/cabinet-painting/index.html (+9ms) 
20:14:05   ├─ /Charlotte/28202/cabinet-services/storage-solutions/index.html (+4ms) 
20:14:05   ├─ /Charlotte/28202/cabinet-services/countertops-backsplash/index.html (+3ms) 
20:14:05   ├─ /Charlotte/28202/cabinet-services/uv-curing/index.html (+4ms) 
20:14:05   ├─ /Charlotte/28202/interior-painting/index.html (+4ms) 
20:14:05   ├─ /Charlotte/28202/interior-painting/full-interior-painting/index.html (+10ms) 
20:14:05   ├─ /Charlotte/28202/interior-painting/ceiling-services/index.html (+8ms) 
20:14:05   ├─ /Charlotte/28202/interior-painting/drywall-repair/index.html (+4ms) 
20:14:05   ├─ /Charlotte/28202/interior-painting/surface-preparation/index.html (+6ms) 
20:14:05   ├─ /Charlotte/28202/interior-painting/painter-for-a-day/index.html (+8ms) 
20:14:05   ├─ /Charlotte/28202/exterior-painting/index.html (+5ms) 
20:14:05   ├─ /Charlotte/28202/exterior-painting/exterior-house-painting/index.html (+6ms) 
20:14:05   ├─ /Charlotte/28202/exterior-painting/limewash/index.html (+4ms) 
20:14:05   ├─ /Charlotte/28202/exterior-painting/siding-repair/index.html (+3ms) 
20:14:05   ├─ /Charlotte/28202/exterior-painting/stucco-repair/index.html (+2ms) 
20:14:05   ├─ /Charlotte/28202/exterior-painting/deck-staining/index.html (+2ms) 
20:14:05   ├─ /Charlotte/28202/exterior-painting/metal-painting/index.html (+2ms) 
20:14:05   ├─ /Charlotte/28202/flooring/index.html (+3ms) 
20:14:05   ├─ /Charlotte/28202/flooring/floor-refinishing/index.html (+2ms) 
20:14:05   ├─ /Charlotte/28202/flooring/floor-sanding/index.html (+3ms) 
20:14:05   ├─ /Charlotte/28202/flooring/garage-floor-coatings/index.html (+5ms) 
20:14:05   ├─ /Charlotte/28202/flooring/concrete-flooring/index.html (+4ms) 
20:14:05   ├─ /Charlotte/28202/commercial-services/index.html (+3ms) 
20:14:05   ├─ /Charlotte/28202/commercial-services/commercial-painting/index.html (+4ms) 
20:14:05   ├─ /Charlotte/28202/commercial-services/multi-family-painting/index.html (+4ms) 
20:14:05   ├─ /Charlotte/28202/commercial-services/restoration-painting/index.html (+6ms) 
20:14:05   ├─ /Charlotte/28202/commercial-services/holiday-lighting/index.html (+4ms) 
20:14:05   ├─ /Charlotte/28203/index.html (+17ms) 
20:14:05   ├─ /Charlotte/28203/cabinet-services/index.html (+8ms) 
20:14:05   ├─ /Charlotte/28203/cabinet-services/cabinet-refinishing/index.html (+7ms) 
20:14:05   ├─ /Charlotte/28203/cabinet-services/cabinet-painting/index.html (+8ms) 
20:14:05   ├─ /Charlotte/28203/cabinet-services/storage-solutions/index.html (+11ms) 
20:14:05   ├─ /Charlotte/28203/cabinet-services/countertops-backsplash/index.html (+9ms) 
20:14:05   ├─ /Charlotte/28203/cabinet-services/uv-curing/index.html (+9ms) 
20:14:05   ├─ /Charlotte/28203/interior-painting/index.html (+7ms) 
20:14:05   ├─ /Charlotte/28203/interior-painting/full-interior-painting/index.html (+7ms) 
20:14:05   ├─ /Charlotte/28203/interior-painting/ceiling-services/index.html (+15ms) 
20:14:05   ├─ /Charlotte/28203/interior-painting/drywall-repair/index.html (+13ms) 
20:14:05   ├─ /Charlotte/28203/interior-painting/surface-preparation/index.html (+13ms) 
20:14:05   ├─ /Charlotte/28203/interior-painting/painter-for-a-day/index.html (+10ms) 
20:14:05   ├─ /Charlotte/28203/exterior-painting/index.html (+22ms) 
20:14:05   ├─ /Charlotte/28203/exterior-painting/exterior-house-painting/index.html (+7ms) 
20:14:05   ├─ /Charlotte/28203/exterior-painting/limewash/index.html (+7ms) 
20:14:05   ├─ /Charlotte/28203/exterior-painting/siding-repair/index.html (+21ms) 
20:14:05   ├─ /Charlotte/28203/exterior-painting/stucco-repair/index.html (+7ms) 
20:14:05   ├─ /Charlotte/28203/exterior-painting/deck-staining/index.html (+5ms) 
20:14:05   ├─ /Charlotte/28203/exterior-painting/metal-painting/index.html (+3ms) 
20:14:05   ├─ /Charlotte/28203/flooring/index.html (+6ms) 
20:14:05   ├─ /Charlotte/28203/flooring/floor-refinishing/index.html (+4ms) 
20:14:05   ├─ /Charlotte/28203/flooring/floor-sanding/index.html (+10ms) 
20:14:05   ├─ /Charlotte/28203/flooring/garage-floor-coatings/index.html (+15ms) 
20:14:05   ├─ /Charlotte/28203/flooring/concrete-flooring/index.html (+11ms) 
20:14:05   ├─ /Charlotte/28203/commercial-services/index.html (+5ms) 
20:14:05   ├─ /Charlotte/28203/commercial-services/commercial-painting/index.html (+3ms) 
20:14:05   ├─ /Charlotte/28203/commercial-services/multi-family-painting/index.html (+13ms) 
20:14:05   ├─ /Charlotte/28203/commercial-services/restoration-painting/index.html (+12ms) 
20:14:05   ├─ /Charlotte/28203/commercial-services/holiday-lighting/index.html (+5ms) 
20:14:05   ├─ /Charlotte/28204/index.html (+5ms) 
20:14:05   ├─ /Charlotte/28204/cabinet-services/index.html (+12ms) 
20:14:05   ├─ /Charlotte/28204/cabinet-services/cabinet-refinishing/index.html (+6ms) 
20:14:05   ├─ /Charlotte/28204/cabinet-services/cabinet-painting/index.html (+7ms) 
20:14:05   ├─ /Charlotte/28204/cabinet-services/storage-solutions/index.html (+8ms) 
20:14:05   ├─ /Charlotte/28204/cabinet-services/countertops-backsplash/index.html (+10ms) 
20:14:05   ├─ /Charlotte/28204/cabinet-services/uv-curing/index.html (+5ms) 
20:14:05   ├─ /Charlotte/28204/interior-painting/index.html (+7ms) 
20:14:05   ├─ /Charlotte/28204/interior-painting/full-interior-painting/index.html (+7ms) 
20:14:05   ├─ /Charlotte/28204/interior-painting/ceiling-services/index.html (+5ms) 
20:14:05   ├─ /Charlotte/28204/interior-painting/drywall-repair/index.html (+3ms) 
20:14:05   ├─ /Charlotte/28204/interior-painting/surface-preparation/index.html (+6ms) 
20:14:05   ├─ /Charlotte/28204/interior-painting/painter-for-a-day/index.html (+4ms) 
20:14:05   ├─ /Charlotte/28204/exterior-painting/index.html (+9ms) 
20:14:05   ├─ /Charlotte/28204/exterior-painting/exterior-house-painting/index.html (+4ms) 
20:14:05   ├─ /Charlotte/28204/exterior-painting/limewash/index.html (+4ms) 
20:14:05   ├─ /Charlotte/28204/exterior-painting/siding-repair/index.html (+4ms) 
20:14:05   ├─ /Charlotte/28204/exterior-painting/stucco-repair/index.html (+9ms) 
20:14:05   ├─ /Charlotte/28204/exterior-painting/deck-staining/index.html (+4ms) 
20:14:05   ├─ /Charlotte/28204/exterior-painting/metal-painting/index.html (+3ms) 
20:14:05   ├─ /Charlotte/28204/flooring/index.html (+4ms) 
20:14:05   ├─ /Charlotte/28204/flooring/floor-refinishing/index.html (+7ms) 
20:14:05   ├─ /Charlotte/28204/flooring/floor-sanding/index.html (+6ms) 
20:14:05   ├─ /Charlotte/28204/flooring/garage-floor-coatings/index.html (+8ms) 
20:14:05   ├─ /Charlotte/28204/flooring/concrete-flooring/index.html (+3ms) 
20:14:05   ├─ /Charlotte/28204/commercial-services/index.html (+3ms) 
20:14:05   ├─ /Charlotte/28204/commercial-services/commercial-painting/index.html (+3ms) 
20:14:05   ├─ /Charlotte/28204/commercial-services/multi-family-painting/index.html (+4ms) 
20:14:05   ├─ /Charlotte/28204/commercial-services/restoration-painting/index.html (+4ms) 
20:14:05   ├─ /Charlotte/28204/commercial-services/holiday-lighting/index.html (+3ms) 
20:14:05   ├─ /Charlotte/28205/index.html (+5ms) 
20:14:05   ├─ /Charlotte/28205/cabinet-services/index.html (+5ms) 
20:14:05   ├─ /Charlotte/28205/cabinet-services/cabinet-refinishing/index.html (+3ms) 
20:14:05   ├─ /Charlotte/28205/cabinet-services/cabinet-painting/index.html (+3ms) 
20:14:05   ├─ /Charlotte/28205/cabinet-services/storage-solutions/index.html (+7ms) 
20:14:05   ├─ /Charlotte/28205/cabinet-services/countertops-backsplash/index.html (+16ms) 
20:14:05   ├─ /Charlotte/28205/cabinet-services/uv-curing/index.html (+5ms) 
20:14:05   ├─ /Charlotte/28205/interior-painting/index.html (+3ms) 
20:14:05   ├─ /Charlotte/28205/interior-painting/full-interior-painting/index.html (+3ms) 
20:14:05   ├─ /Charlotte/28205/interior-painting/ceiling-services/index.html (+3ms) 
20:14:05   ├─ /Charlotte/28205/interior-painting/drywall-repair/index.html (+4ms) 
20:14:05   ├─ /Charlotte/28205/interior-painting/surface-preparation/index.html (+4ms) 
20:14:05   ├─ /Charlotte/28205/interior-painting/painter-for-a-day/index.html (+6ms) 
20:14:05   ├─ /Charlotte/28205/exterior-painting/index.html (+3ms) 
20:14:05   ├─ /Charlotte/28205/exterior-painting/exterior-house-painting/index.html (+3ms) 
20:14:05   ├─ /Charlotte/28205/exterior-painting/limewash/index.html (+3ms) 
20:14:05   ├─ /Charlotte/28205/exterior-painting/siding-repair/index.html (+4ms) 
20:14:05   ├─ /Charlotte/28205/exterior-painting/stucco-repair/index.html (+3ms) 
20:14:05   ├─ /Charlotte/28205/exterior-painting/deck-staining/index.html (+3ms) 
20:14:05   ├─ /Charlotte/28205/exterior-painting/metal-painting/index.html (+5ms) 
20:14:05   ├─ /Charlotte/28205/flooring/index.html (+3ms) 
20:14:05   ├─ /Charlotte/28205/flooring/floor-refinishing/index.html (+3ms) 
20:14:05   ├─ /Charlotte/28205/flooring/floor-sanding/index.html (+3ms) 
20:14:05   ├─ /Charlotte/28205/flooring/garage-floor-coatings/index.html (+3ms) 
20:14:05   ├─ /Charlotte/28205/flooring/concrete-flooring/index.html (+4ms) 
20:14:05   ├─ /Charlotte/28205/commercial-services/index.html (+4ms) 
20:14:05   ├─ /Charlotte/28205/commercial-services/commercial-painting/index.html (+2ms) 
20:14:05   ├─ /Charlotte/28205/commercial-services/multi-family-painting/index.html (+2ms) 
20:14:05   ├─ /Charlotte/28205/commercial-services/restoration-painting/index.html (+3ms) 
20:14:05   ├─ /Charlotte/28205/commercial-services/holiday-lighting/index.html (+2ms) 
20:14:05   ├─ /Charlotte/28207/index.html (+3ms) 
20:14:05   ├─ /Charlotte/28207/cabinet-services/index.html (+2ms) 
20:14:05   ├─ /Charlotte/28207/cabinet-services/cabinet-refinishing/index.html (+2ms) 
20:14:05   ├─ /Charlotte/28207/cabinet-services/cabinet-painting/index.html (+2ms) 
20:14:05   ├─ /Charlotte/28207/cabinet-services/storage-solutions/index.html (+2ms) 
20:14:05   ├─ /Charlotte/28207/cabinet-services/countertops-backsplash/index.html (+4ms) 
20:14:05   ├─ /Charlotte/28207/cabinet-services/uv-curing/index.html (+2ms) 
20:14:05   ├─ /Charlotte/28207/interior-painting/index.html (+2ms) 
20:14:05   ├─ /Charlotte/28207/interior-painting/full-interior-painting/index.html (+3ms) 
20:14:05   ├─ /Charlotte/28207/interior-painting/ceiling-services/index.html (+3ms) 
20:14:05   ├─ /Charlotte/28207/interior-painting/drywall-repair/index.html (+3ms) 
20:14:05   ├─ /Charlotte/28207/interior-painting/surface-preparation/index.html (+2ms) 
20:14:05   ├─ /Charlotte/28207/interior-painting/painter-for-a-day/index.html (+2ms) 
20:14:05   ├─ /Charlotte/28207/exterior-painting/index.html (+2ms) 
20:14:05   ├─ /Charlotte/28207/exterior-painting/exterior-house-painting/index.html (+2ms) 
20:14:05   ├─ /Charlotte/28207/exterior-painting/limewash/index.html (+5ms) 
20:14:05   ├─ /Charlotte/28207/exterior-painting/siding-repair/index.html (+2ms) 
20:14:05   ├─ /Charlotte/28207/exterior-painting/stucco-repair/index.html (+2ms) 
20:14:05   ├─ /Charlotte/28207/exterior-painting/deck-staining/index.html (+3ms) 
20:14:05   ├─ /Charlotte/28207/exterior-painting/metal-painting/index.html (+3ms) 
20:14:05   ├─ /Charlotte/28207/flooring/index.html (+3ms) 
20:14:05   ├─ /Charlotte/28207/flooring/floor-refinishing/index.html (+4ms) 
20:14:05   ├─ /Charlotte/28207/flooring/floor-sanding/index.html (+3ms) 
20:14:05   ├─ /Charlotte/28207/flooring/garage-floor-coatings/index.html (+3ms) 
20:14:05   ├─ /Charlotte/28207/flooring/concrete-flooring/index.html (+2ms) 
20:14:05   ├─ /Charlotte/28207/commercial-services/index.html (+3ms) 
20:14:05   ├─ /Charlotte/28207/commercial-services/commercial-painting/index.html (+2ms) 
20:14:05   ├─ /Charlotte/28207/commercial-services/multi-family-painting/index.html (+2ms) 
20:14:05   ├─ /Charlotte/28207/commercial-services/restoration-painting/index.html (+2ms) 
20:14:05   ├─ /Charlotte/28207/commercial-services/holiday-lighting/index.html (+2ms) 
20:14:05   ├─ /Charlotte/28209/index.html (+3ms) 
20:14:05   ├─ /Charlotte/28209/cabinet-services/index.html (+3ms) 
20:14:05   ├─ /Charlotte/28209/cabinet-services/cabinet-refinishing/index.html (+3ms) 
20:14:05   ├─ /Charlotte/28209/cabinet-services/cabinet-painting/index.html (+3ms) 
20:14:05   ├─ /Charlotte/28209/cabinet-services/storage-solutions/index.html (+2ms) 
20:14:05   ├─ /Charlotte/28209/cabinet-services/countertops-backsplash/index.html (+3ms) 
20:14:05   ├─ /Charlotte/28209/cabinet-services/uv-curing/index.html (+2ms) 
20:14:05   ├─ /Charlotte/28209/interior-painting/index.html (+2ms) 
20:14:05   ├─ /Charlotte/28209/interior-painting/full-interior-painting/index.html (+3ms) 
20:14:05   ├─ /Charlotte/28209/interior-painting/ceiling-services/index.html (+2ms) 
20:14:05   ├─ /Charlotte/28209/interior-painting/drywall-repair/index.html (+2ms) 
20:14:05   ├─ /Charlotte/28209/interior-painting/surface-preparation/index.html (+4ms) 
20:14:05   ├─ /Charlotte/28209/interior-painting/painter-for-a-day/index.html (+2ms) 
20:14:05   ├─ /Charlotte/28209/exterior-painting/index.html (+2ms) 
20:14:05   ├─ /Charlotte/28209/exterior-painting/exterior-house-painting/index.html (+2ms) 
20:14:05   ├─ /Charlotte/28209/exterior-painting/limewash/index.html (+2ms) 
20:14:05   ├─ /Charlotte/28209/exterior-painting/siding-repair/index.html (+2ms) 
20:14:05   ├─ /Charlotte/28209/exterior-painting/stucco-repair/index.html (+2ms) 
20:14:05   ├─ /Charlotte/28209/exterior-painting/deck-staining/index.html (+2ms) 
20:14:05   ├─ /Charlotte/28209/exterior-painting/metal-painting/index.html (+2ms) 
20:14:05   ├─ /Charlotte/28209/flooring/index.html (+2ms) 
20:14:05   ├─ /Charlotte/28209/flooring/floor-refinishing/index.html (+2ms) 
20:14:05   ├─ /Charlotte/28209/flooring/floor-sanding/index.html (+2ms) 
20:14:05   ├─ /Charlotte/28209/flooring/garage-floor-coatings/index.html (+2ms) 
20:14:05   ├─ /Charlotte/28209/flooring/concrete-flooring/index.html (+2ms) 
20:14:05   ├─ /Charlotte/28209/commercial-services/index.html (+2ms) 
20:14:05   ├─ /Charlotte/28209/commercial-services/commercial-painting/index.html (+2ms) 
20:14:05   ├─ /Charlotte/28209/commercial-services/multi-family-painting/index.html (+2ms) 
20:14:05   ├─ /Charlotte/28209/commercial-services/restoration-painting/index.html (+2ms) 
20:14:05   ├─ /Charlotte/28209/commercial-services/holiday-lighting/index.html (+2ms) 
20:14:05   ├─ /Charlotte/28210/index.html (+2ms) 
20:14:05   ├─ /Charlotte/28210/cabinet-services/index.html (+2ms) 
20:14:05   ├─ /Charlotte/28210/cabinet-services/cabinet-refinishing/index.html (+4ms) 
20:14:05   ├─ /Charlotte/28210/cabinet-services/cabinet-painting/index.html (+3ms) 
20:14:05   ├─ /Charlotte/28210/cabinet-services/storage-solutions/index.html (+3ms) 
20:14:05   ├─ /Charlotte/28210/cabinet-services/countertops-backsplash/index.html (+3ms) 
20:14:05   ├─ /Charlotte/28210/cabinet-services/uv-curing/index.html (+2ms) 
20:14:05   ├─ /Charlotte/28210/interior-painting/index.html (+6ms) 
20:14:05   ├─ /Charlotte/28210/interior-painting/full-interior-painting/index.html (+2ms) 
20:14:05   ├─ /Charlotte/28210/interior-painting/ceiling-services/index.html (+3ms) 
20:14:05   ├─ /Charlotte/28210/interior-painting/drywall-repair/index.html (+3ms) 
20:14:05   ├─ /Charlotte/28210/interior-painting/surface-preparation/index.html (+2ms) 
20:14:05   ├─ /Charlotte/28210/interior-painting/painter-for-a-day/index.html (+3ms) 
20:14:05   ├─ /Charlotte/28210/exterior-painting/index.html (+2ms) 
20:14:05   ├─ /Charlotte/28210/exterior-painting/exterior-house-painting/index.html (+2ms) 
20:14:05   ├─ /Charlotte/28210/exterior-painting/limewash/index.html (+2ms) 
20:14:05   ├─ /Charlotte/28210/exterior-painting/siding-repair/index.html (+2ms) 
20:14:05   ├─ /Charlotte/28210/exterior-painting/stucco-repair/index.html (+3ms) 
20:14:05   ├─ /Charlotte/28210/exterior-painting/deck-staining/index.html (+3ms) 
20:14:05   ├─ /Charlotte/28210/exterior-painting/metal-painting/index.html (+3ms) 
20:14:05   ├─ /Charlotte/28210/flooring/index.html (+2ms) 
20:14:05   ├─ /Charlotte/28210/flooring/floor-refinishing/index.html (+2ms) 
20:14:05   ├─ /Charlotte/28210/flooring/floor-sanding/index.html (+2ms) 
20:14:05   ├─ /Charlotte/28210/flooring/garage-floor-coatings/index.html (+2ms) 
20:14:05   ├─ /Charlotte/28210/flooring/concrete-flooring/index.html (+2ms) 
20:14:05   ├─ /Charlotte/28210/commercial-services/index.html (+2ms) 
20:14:05   ├─ /Charlotte/28210/commercial-services/commercial-painting/index.html (+2ms) 
20:14:05   ├─ /Charlotte/28210/commercial-services/multi-family-painting/index.html (+2ms) 
20:14:05   ├─ /Charlotte/28210/commercial-services/restoration-painting/index.html (+2ms) 
20:14:05   ├─ /Charlotte/28210/commercial-services/holiday-lighting/index.html (+2ms) 
20:14:05   ├─ /Charlotte/28211/index.html (+3ms) 
20:14:05   ├─ /Charlotte/28211/cabinet-services/index.html (+4ms) 
20:14:05   ├─ /Charlotte/28211/cabinet-services/cabinet-refinishing/index.html (+4ms) 
20:14:05   ├─ /Charlotte/28211/cabinet-services/cabinet-painting/index.html (+8ms) 
20:14:05   ├─ /Charlotte/28211/cabinet-services/storage-solutions/index.html (+3ms) 
20:14:05   ├─ /Charlotte/28211/cabinet-services/countertops-backsplash/index.html (+2ms) 
20:14:05   ├─ /Charlotte/28211/cabinet-services/uv-curing/index.html (+2ms) 
20:14:05   ├─ /Charlotte/28211/interior-painting/index.html (+2ms) 
20:14:05   ├─ /Charlotte/28211/interior-painting/full-interior-painting/index.html (+2ms) 
20:14:05   ├─ /Charlotte/28211/interior-painting/ceiling-services/index.html (+2ms) 
20:14:05   ├─ /Charlotte/28211/interior-painting/drywall-repair/index.html (+3ms) 
20:14:05   ├─ /Charlotte/28211/interior-painting/surface-preparation/index.html (+3ms) 
20:14:05   ├─ /Charlotte/28211/interior-painting/painter-for-a-day/index.html (+3ms) 
20:14:05   ├─ /Charlotte/28211/exterior-painting/index.html (+4ms) 
20:14:05   ├─ /Charlotte/28211/exterior-painting/exterior-house-painting/index.html (+3ms) 
20:14:05   ├─ /Charlotte/28211/exterior-painting/limewash/index.html (+3ms) 
20:14:05   ├─ /Charlotte/28211/exterior-painting/siding-repair/index.html (+3ms) 
20:14:05   ├─ /Charlotte/28211/exterior-painting/stucco-repair/index.html (+3ms) 
20:14:05   ├─ /Charlotte/28211/exterior-painting/deck-staining/index.html (+3ms) 
20:14:05   ├─ /Charlotte/28211/exterior-painting/metal-painting/index.html (+3ms) 
20:14:05   ├─ /Charlotte/28211/flooring/index.html (+3ms) 
20:14:05   ├─ /Charlotte/28211/flooring/floor-refinishing/index.html (+3ms) 
20:14:06   ├─ /Charlotte/28211/flooring/floor-sanding/index.html (+3ms) 
20:14:06   ├─ /Charlotte/28211/flooring/garage-floor-coatings/index.html (+2ms) 
20:14:06   ├─ /Charlotte/28211/flooring/concrete-flooring/index.html (+3ms) 
20:14:06   ├─ /Charlotte/28211/commercial-services/index.html (+3ms) 
20:14:06   ├─ /Charlotte/28211/commercial-services/commercial-painting/index.html (+2ms) 
20:14:06   ├─ /Charlotte/28211/commercial-services/multi-family-painting/index.html (+3ms) 
20:14:06   ├─ /Charlotte/28211/commercial-services/restoration-painting/index.html (+3ms) 
20:14:06   ├─ /Charlotte/28211/commercial-services/holiday-lighting/index.html (+2ms) 
20:14:06   ├─ /Charlotte/28212/index.html (+5ms) 
20:14:06   ├─ /Charlotte/28212/cabinet-services/index.html (+3ms) 
20:14:06   ├─ /Charlotte/28212/cabinet-services/cabinet-refinishing/index.html (+2ms) 
20:14:06   ├─ /Charlotte/28212/cabinet-services/cabinet-painting/index.html (+2ms) 
20:14:06   ├─ /Charlotte/28212/cabinet-services/storage-solutions/index.html (+2ms) 
20:14:06   ├─ /Charlotte/28212/cabinet-services/countertops-backsplash/index.html (+2ms) 
20:14:06   ├─ /Charlotte/28212/cabinet-services/uv-curing/index.html (+4ms) 
20:14:06   ├─ /Charlotte/28212/interior-painting/index.html (+4ms) 
20:14:06   ├─ /Charlotte/28212/interior-painting/full-interior-painting/index.html (+2ms) 
20:14:06   ├─ /Charlotte/28212/interior-painting/ceiling-services/index.html (+2ms) 
20:14:06   ├─ /Charlotte/28212/interior-painting/drywall-repair/index.html (+2ms) 
20:14:06   ├─ /Charlotte/28212/interior-painting/surface-preparation/index.html (+3ms) 
20:14:06   ├─ /Charlotte/28212/interior-painting/painter-for-a-day/index.html (+4ms) 
20:14:06   ├─ /Charlotte/28212/exterior-painting/index.html (+2ms) 
20:14:06   ├─ /Charlotte/28212/exterior-painting/exterior-house-painting/index.html (+2ms) 
20:14:06   ├─ /Charlotte/28212/exterior-painting/limewash/index.html (+2ms) 
20:14:06   ├─ /Charlotte/28212/exterior-painting/siding-repair/index.html (+2ms) 
20:14:06   ├─ /Charlotte/28212/exterior-painting/stucco-repair/index.html (+2ms) 
20:14:06   ├─ /Charlotte/28212/exterior-painting/deck-staining/index.html (+3ms) 
20:14:06   ├─ /Charlotte/28212/exterior-painting/metal-painting/index.html (+2ms) 
20:14:06   ├─ /Charlotte/28212/flooring/index.html (+2ms) 
20:14:06   ├─ /Charlotte/28212/flooring/floor-refinishing/index.html (+2ms) 
20:14:06   ├─ /Charlotte/28212/flooring/floor-sanding/index.html (+2ms) 
20:14:06   ├─ /Charlotte/28212/flooring/garage-floor-coatings/index.html (+2ms) 
20:14:06   ├─ /Charlotte/28212/flooring/concrete-flooring/index.html (+2ms) 
20:14:06   ├─ /Charlotte/28212/commercial-services/index.html (+2ms) 
20:14:06   ├─ /Charlotte/28212/commercial-services/commercial-painting/index.html (+2ms) 
20:14:06   ├─ /Charlotte/28212/commercial-services/multi-family-painting/index.html (+10ms) 
20:14:06   ├─ /Charlotte/28212/commercial-services/restoration-painting/index.html (+2ms) 
20:14:06   ├─ /Charlotte/28212/commercial-services/holiday-lighting/index.html (+2ms) 
20:14:06   ├─ /Charlotte/28213/index.html (+3ms) 
20:14:06   ├─ /Charlotte/28213/cabinet-services/index.html (+2ms) 
20:14:06   ├─ /Charlotte/28213/cabinet-services/cabinet-refinishing/index.html (+2ms) 
20:14:06   ├─ /Charlotte/28213/cabinet-services/cabinet-painting/index.html (+3ms) 
20:14:06   ├─ /Charlotte/28213/cabinet-services/storage-solutions/index.html (+2ms) 
20:14:06   ├─ /Charlotte/28213/cabinet-services/countertops-backsplash/index.html (+2ms) 
20:14:06   ├─ /Charlotte/28213/cabinet-services/uv-curing/index.html (+3ms) 
20:14:06   ├─ /Charlotte/28213/interior-painting/index.html (+3ms) 
20:14:06   ├─ /Charlotte/28213/interior-painting/full-interior-painting/index.html (+4ms) 
20:14:06   ├─ /Charlotte/28213/interior-painting/ceiling-services/index.html (+4ms) 
20:14:06   ├─ /Charlotte/28213/interior-painting/drywall-repair/index.html (+2ms) 
20:14:06   ├─ /Charlotte/28213/interior-painting/surface-preparation/index.html (+2ms) 
20:14:06   ├─ /Charlotte/28213/interior-painting/painter-for-a-day/index.html (+2ms) 
20:14:06   ├─ /Charlotte/28213/exterior-painting/index.html (+2ms) 
20:14:06   ├─ /Charlotte/28213/exterior-painting/exterior-house-painting/index.html (+2ms) 
20:14:06   ├─ /Charlotte/28213/exterior-painting/limewash/index.html (+2ms) 
20:14:06   ├─ /Charlotte/28213/exterior-painting/siding-repair/index.html (+2ms) 
20:14:06   ├─ /Charlotte/28213/exterior-painting/stucco-repair/index.html (+3ms) 
20:14:06   ├─ /Charlotte/28213/exterior-painting/deck-staining/index.html (+3ms) 
20:14:06   ├─ /Charlotte/28213/exterior-painting/metal-painting/index.html (+3ms) 
20:14:06   ├─ /Charlotte/28213/flooring/index.html (+3ms) 
20:14:06   ├─ /Charlotte/28213/flooring/floor-refinishing/index.html (+2ms) 
20:14:06   ├─ /Charlotte/28213/flooring/floor-sanding/index.html (+2ms) 
20:14:06   ├─ /Charlotte/28213/flooring/garage-floor-coatings/index.html (+4ms) 
20:14:06   ├─ /Charlotte/28213/flooring/concrete-flooring/index.html (+2ms) 
20:14:06   ├─ /Charlotte/28213/commercial-services/index.html (+3ms) 
20:14:06   ├─ /Charlotte/28213/commercial-services/commercial-painting/index.html (+2ms) 
20:14:06   ├─ /Charlotte/28213/commercial-services/multi-family-painting/index.html (+2ms) 
20:14:06   ├─ /Charlotte/28213/commercial-services/restoration-painting/index.html (+3ms) 
20:14:06   ├─ /Charlotte/28213/commercial-services/holiday-lighting/index.html (+2ms) 
20:14:06   ├─ /Charlotte/28214/index.html (+3ms) 
20:14:06   ├─ /Charlotte/28214/cabinet-services/index.html (+3ms) 
20:14:06   ├─ /Charlotte/28214/cabinet-services/cabinet-refinishing/index.html (+2ms) 
20:14:06   ├─ /Charlotte/28214/cabinet-services/cabinet-painting/index.html (+2ms) 
20:14:06   ├─ /Charlotte/28214/cabinet-services/storage-solutions/index.html (+2ms) 
20:14:06   ├─ /Charlotte/28214/cabinet-services/countertops-backsplash/index.html (+3ms) 
20:14:06   ├─ /Charlotte/28214/cabinet-services/uv-curing/index.html (+2ms) 
20:14:06   ├─ /Charlotte/28214/interior-painting/index.html (+3ms) 
20:14:06   ├─ /Charlotte/28214/interior-painting/full-interior-painting/index.html (+3ms) 
20:14:06   ├─ /Charlotte/28214/interior-painting/ceiling-services/index.html (+3ms) 
20:14:06   ├─ /Charlotte/28214/interior-painting/drywall-repair/index.html (+2ms) 
20:14:06   ├─ /Charlotte/28214/interior-painting/surface-preparation/index.html (+2ms) 
20:14:06   ├─ /Charlotte/28214/interior-painting/painter-for-a-day/index.html (+2ms) 
20:14:06   ├─ /Charlotte/28214/exterior-painting/index.html (+3ms) 
20:14:06   ├─ /Charlotte/28214/exterior-painting/exterior-house-painting/index.html (+2ms) 
20:14:06   ├─ /Charlotte/28214/exterior-painting/limewash/index.html (+3ms) 
20:14:06   ├─ /Charlotte/28214/exterior-painting/siding-repair/index.html (+5ms) 
20:14:06   ├─ /Charlotte/28214/exterior-painting/stucco-repair/index.html (+4ms) 
20:14:06   ├─ /Charlotte/28214/exterior-painting/deck-staining/index.html (+2ms) 
20:14:06   ├─ /Charlotte/28214/exterior-painting/metal-painting/index.html (+11ms) 
20:14:06   ├─ /Charlotte/28214/flooring/index.html (+5ms) 
20:14:06   ├─ /Charlotte/28214/flooring/floor-refinishing/index.html (+5ms) 
20:14:06   ├─ /Charlotte/28214/flooring/floor-sanding/index.html (+4ms) 
20:14:06   ├─ /Charlotte/28214/flooring/garage-floor-coatings/index.html (+2ms) 
20:14:06   ├─ /Charlotte/28214/flooring/concrete-flooring/index.html (+3ms) 
20:14:06   ├─ /Charlotte/28214/commercial-services/index.html (+3ms) 
20:14:06   ├─ /Charlotte/28214/commercial-services/commercial-painting/index.html (+2ms) 
20:14:06   ├─ /Charlotte/28214/commercial-services/multi-family-painting/index.html (+2ms) 
20:14:06   ├─ /Charlotte/28214/commercial-services/restoration-painting/index.html (+2ms) 
20:14:06   ├─ /Charlotte/28214/commercial-services/holiday-lighting/index.html (+2ms) 
20:14:06   ├─ /Charlotte/28215/index.html (+3ms) 
20:14:06   ├─ /Charlotte/28215/cabinet-services/index.html (+2ms) 
20:14:06   ├─ /Charlotte/28215/cabinet-services/cabinet-refinishing/index.html (+2ms) 
20:14:06   ├─ /Charlotte/28215/cabinet-services/cabinet-painting/index.html (+2ms) 
20:14:06   ├─ /Charlotte/28215/cabinet-services/storage-solutions/index.html (+2ms) 
20:14:06   ├─ /Charlotte/28215/cabinet-services/countertops-backsplash/index.html (+5ms) 
20:14:06   ├─ /Charlotte/28215/cabinet-services/uv-curing/index.html (+3ms) 
20:14:06   ├─ /Charlotte/28215/interior-painting/index.html (+2ms) 
20:14:06   ├─ /Charlotte/28215/interior-painting/full-interior-painting/index.html (+2ms) 
20:14:06   ├─ /Charlotte/28215/interior-painting/ceiling-services/index.html (+2ms) 
20:14:06   ├─ /Charlotte/28215/interior-painting/drywall-repair/index.html (+3ms) 
20:14:06   ├─ /Charlotte/28215/interior-painting/surface-preparation/index.html (+2ms) 
20:14:06   ├─ /Charlotte/28215/interior-painting/painter-for-a-day/index.html (+2ms) 
20:14:06   ├─ /Charlotte/28215/exterior-painting/index.html (+3ms) 
20:14:06   ├─ /Charlotte/28215/exterior-painting/exterior-house-painting/index.html (+3ms) 
20:14:06   ├─ /Charlotte/28215/exterior-painting/limewash/index.html (+7ms) 
20:14:06   ├─ /Charlotte/28215/exterior-painting/siding-repair/index.html (+3ms) 
20:14:06   ├─ /Charlotte/28215/exterior-painting/stucco-repair/index.html (+3ms) 
20:14:06   ├─ /Charlotte/28215/exterior-painting/deck-staining/index.html (+3ms) 
20:14:06   ├─ /Charlotte/28215/exterior-painting/metal-painting/index.html (+3ms) 
20:14:06   ├─ /Charlotte/28215/flooring/index.html (+3ms) 
20:14:06   ├─ /Charlotte/28215/flooring/floor-refinishing/index.html (+2ms) 
20:14:06   ├─ /Charlotte/28215/flooring/floor-sanding/index.html (+3ms) 
20:14:06   ├─ /Charlotte/28215/flooring/garage-floor-coatings/index.html (+3ms) 
20:14:06   ├─ /Charlotte/28215/flooring/concrete-flooring/index.html (+3ms) 
20:14:06   ├─ /Charlotte/28215/commercial-services/index.html (+5ms) 
20:14:06   ├─ /Charlotte/28215/commercial-services/commercial-painting/index.html (+3ms) 
20:14:06   ├─ /Charlotte/28215/commercial-services/multi-family-painting/index.html (+3ms) 
20:14:06   ├─ /Charlotte/28215/commercial-services/restoration-painting/index.html (+2ms) 
20:14:06   ├─ /Charlotte/28215/commercial-services/holiday-lighting/index.html (+2ms) 
20:14:06   ├─ /Charlotte/28216/index.html (+3ms) 
20:14:06   ├─ /Charlotte/28216/cabinet-services/index.html (+3ms) 
20:14:06   ├─ /Charlotte/28216/cabinet-services/cabinet-refinishing/index.html (+3ms) 
20:14:06   ├─ /Charlotte/28216/cabinet-services/cabinet-painting/index.html (+5ms) 
20:14:06   ├─ /Charlotte/28216/cabinet-services/storage-solutions/index.html (+7ms) 
20:14:06   ├─ /Charlotte/28216/cabinet-services/countertops-backsplash/index.html (+10ms) 
20:14:06   ├─ /Charlotte/28216/cabinet-services/uv-curing/index.html (+6ms) 
20:14:06   ├─ /Charlotte/28216/interior-painting/index.html (+6ms) 
20:14:06   ├─ /Charlotte/28216/interior-painting/full-interior-painting/index.html (+5ms) 
20:14:06   ├─ /Charlotte/28216/interior-painting/ceiling-services/index.html (+6ms) 
20:14:06   ├─ /Charlotte/28216/interior-painting/drywall-repair/index.html (+6ms) 
20:14:06   ├─ /Charlotte/28216/interior-painting/surface-preparation/index.html (+7ms) 
20:14:06   ├─ /Charlotte/28216/interior-painting/painter-for-a-day/index.html (+4ms) 
20:14:06   ├─ /Charlotte/28216/exterior-painting/index.html (+6ms) 
20:14:06   ├─ /Charlotte/28216/exterior-painting/exterior-house-painting/index.html (+5ms) 
20:14:06   ├─ /Charlotte/28216/exterior-painting/limewash/index.html (+3ms) 
20:14:06   ├─ /Charlotte/28216/exterior-painting/siding-repair/index.html (+3ms) 
20:14:06   ├─ /Charlotte/28216/exterior-painting/stucco-repair/index.html (+4ms) 
20:14:06   ├─ /Charlotte/28216/exterior-painting/deck-staining/index.html (+6ms) 
20:14:06   ├─ /Charlotte/28216/exterior-painting/metal-painting/index.html (+3ms) 
20:14:06   ├─ /Charlotte/28216/flooring/index.html (+3ms) 
20:14:06   ├─ /Charlotte/28216/flooring/floor-refinishing/index.html (+3ms) 
20:14:06   ├─ /Charlotte/28216/flooring/floor-sanding/index.html (+4ms) 
20:14:06   ├─ /Charlotte/28216/flooring/garage-floor-coatings/index.html (+10ms) 
20:14:06   ├─ /Charlotte/28216/flooring/concrete-flooring/index.html (+5ms) 
20:14:06   ├─ /Charlotte/28216/commercial-services/index.html (+4ms) 
20:14:06   ├─ /Charlotte/28216/commercial-services/commercial-painting/index.html (+5ms) 
20:14:06   ├─ /Charlotte/28216/commercial-services/multi-family-painting/index.html (+4ms) 
20:14:06   ├─ /Charlotte/28216/commercial-services/restoration-painting/index.html (+4ms) 
20:14:06   ├─ /Charlotte/28216/commercial-services/holiday-lighting/index.html (+4ms) 
20:14:06   ├─ /Charlotte/28217/index.html (+4ms) 
20:14:06   ├─ /Charlotte/28217/cabinet-services/index.html (+3ms) 
20:14:06   ├─ /Charlotte/28217/cabinet-services/cabinet-refinishing/index.html (+3ms) 
20:14:06   ├─ /Charlotte/28217/cabinet-services/cabinet-painting/index.html (+4ms) 
20:14:06   ├─ /Charlotte/28217/cabinet-services/storage-solutions/index.html (+3ms) 
20:14:06   ├─ /Charlotte/28217/cabinet-services/countertops-backsplash/index.html (+3ms) 
20:14:06   ├─ /Charlotte/28217/cabinet-services/uv-curing/index.html (+4ms) 
20:14:06   ├─ /Charlotte/28217/interior-painting/index.html (+6ms) 
20:14:06   ├─ /Charlotte/28217/interior-painting/full-interior-painting/index.html (+3ms) 
20:14:06   ├─ /Charlotte/28217/interior-painting/ceiling-services/index.html (+4ms) 
20:14:06   ├─ /Charlotte/28217/interior-painting/drywall-repair/index.html (+4ms) 
20:14:06   ├─ /Charlotte/28217/interior-painting/surface-preparation/index.html (+6ms) 
20:14:06   ├─ /Charlotte/28217/interior-painting/painter-for-a-day/index.html (+7ms) 
20:14:06   ├─ /Charlotte/28217/exterior-painting/index.html (+5ms) 
20:14:06   ├─ /Charlotte/28217/exterior-painting/exterior-house-painting/index.html (+4ms) 
20:14:06   ├─ /Charlotte/28217/exterior-painting/limewash/index.html (+3ms) 
20:14:06   ├─ /Charlotte/28217/exterior-painting/siding-repair/index.html (+3ms) 
20:14:06   ├─ /Charlotte/28217/exterior-painting/stucco-repair/index.html (+4ms) 
20:14:06   ├─ /Charlotte/28217/exterior-painting/deck-staining/index.html (+4ms) 
20:14:06   ├─ /Charlotte/28217/exterior-painting/metal-painting/index.html (+3ms) 
20:14:06   ├─ /Charlotte/28217/flooring/index.html (+2ms) 
20:14:06   ├─ /Charlotte/28217/flooring/floor-refinishing/index.html (+3ms) 
20:14:06   ├─ /Charlotte/28217/flooring/floor-sanding/index.html (+7ms) 
20:14:06   ├─ /Charlotte/28217/flooring/garage-floor-coatings/index.html (+12ms) 
20:14:06   ├─ /Charlotte/28217/flooring/concrete-flooring/index.html (+4ms) 
20:14:06   ├─ /Charlotte/28217/commercial-services/index.html (+4ms) 
20:14:06   ├─ /Charlotte/28217/commercial-services/commercial-painting/index.html (+4ms) 
20:14:06   ├─ /Charlotte/28217/commercial-services/multi-family-painting/index.html (+4ms) 
20:14:06   ├─ /Charlotte/28217/commercial-services/restoration-painting/index.html (+3ms) 
20:14:06   ├─ /Charlotte/28217/commercial-services/holiday-lighting/index.html (+3ms) 
20:14:06   ├─ /Charlotte/28226/index.html (+4ms) 
20:14:06   ├─ /Charlotte/28226/cabinet-services/index.html (+5ms) 
20:14:06   ├─ /Charlotte/28226/cabinet-services/cabinet-refinishing/index.html (+3ms) 
20:14:06   ├─ /Charlotte/28226/cabinet-services/cabinet-painting/index.html (+8ms) 
20:14:06   ├─ /Charlotte/28226/cabinet-services/storage-solutions/index.html (+3ms) 
20:14:06   ├─ /Charlotte/28226/cabinet-services/countertops-backsplash/index.html (+10ms) 
20:14:06   ├─ /Charlotte/28226/cabinet-services/uv-curing/index.html (+4ms) 
20:14:06   ├─ /Charlotte/28226/interior-painting/index.html (+3ms) 
20:14:06   ├─ /Charlotte/28226/interior-painting/full-interior-painting/index.html (+2ms) 
20:14:06   ├─ /Charlotte/28226/interior-painting/ceiling-services/index.html (+3ms) 
20:14:06   ├─ /Charlotte/28226/interior-painting/drywall-repair/index.html (+3ms) 
20:14:06   ├─ /Charlotte/28226/interior-painting/surface-preparation/index.html (+2ms) 
20:14:06   ├─ /Charlotte/28226/interior-painting/painter-for-a-day/index.html (+2ms) 
20:14:06   ├─ /Charlotte/28226/exterior-painting/index.html (+2ms) 
20:14:06   ├─ /Charlotte/28226/exterior-painting/exterior-house-painting/index.html (+2ms) 
20:14:06   ├─ /Charlotte/28226/exterior-painting/limewash/index.html (+2ms) 
20:14:06   ├─ /Charlotte/28226/exterior-painting/siding-repair/index.html (+2ms) 
20:14:06   ├─ /Charlotte/28226/exterior-painting/stucco-repair/index.html (+3ms) 
20:14:06   ├─ /Charlotte/28226/exterior-painting/deck-staining/index.html (+2ms) 
20:14:06   ├─ /Charlotte/28226/exterior-painting/metal-painting/index.html (+2ms) 
20:14:06   ├─ /Charlotte/28226/flooring/index.html (+2ms) 
20:14:06   ├─ /Charlotte/28226/flooring/floor-refinishing/index.html (+3ms) 
20:14:06   ├─ /Charlotte/28226/flooring/floor-sanding/index.html (+3ms) 
20:14:06   ├─ /Charlotte/28226/flooring/garage-floor-coatings/index.html (+3ms) 
20:14:06   ├─ /Charlotte/28226/flooring/concrete-flooring/index.html (+3ms) 
20:14:06   ├─ /Charlotte/28226/commercial-services/index.html (+6ms) 
20:14:06   ├─ /Charlotte/28226/commercial-services/commercial-painting/index.html (+2ms) 
20:14:06   ├─ /Charlotte/28226/commercial-services/multi-family-painting/index.html (+2ms) 
20:14:06   ├─ /Charlotte/28226/commercial-services/restoration-painting/index.html (+2ms) 
20:14:06   ├─ /Charlotte/28226/commercial-services/holiday-lighting/index.html (+2ms) 
20:14:06   ├─ /Charlotte/28262/index.html (+8ms) 
20:14:06   ├─ /Charlotte/28262/cabinet-services/index.html (+4ms) 
20:14:06   ├─ /Charlotte/28262/cabinet-services/cabinet-refinishing/index.html (+4ms) 
20:14:06   ├─ /Charlotte/28262/cabinet-services/cabinet-painting/index.html (+3ms) 
20:14:06   ├─ /Charlotte/28262/cabinet-services/storage-solutions/index.html (+3ms) 
20:14:06   ├─ /Charlotte/28262/cabinet-services/countertops-backsplash/index.html (+3ms) 
20:14:06   ├─ /Charlotte/28262/cabinet-services/uv-curing/index.html (+3ms) 
20:14:06   ├─ /Charlotte/28262/interior-painting/index.html (+2ms) 
20:14:06   ├─ /Charlotte/28262/interior-painting/full-interior-painting/index.html (+3ms) 
20:14:06   ├─ /Charlotte/28262/interior-painting/ceiling-services/index.html (+3ms) 
20:14:06   ├─ /Charlotte/28262/interior-painting/drywall-repair/index.html (+3ms) 
20:14:06   ├─ /Charlotte/28262/interior-painting/surface-preparation/index.html (+3ms) 
20:14:06   ├─ /Charlotte/28262/interior-painting/painter-for-a-day/index.html (+6ms) 
20:14:06   ├─ /Charlotte/28262/exterior-painting/index.html (+4ms) 
20:14:06   ├─ /Charlotte/28262/exterior-painting/exterior-house-painting/index.html (+3ms) 
20:14:06   ├─ /Charlotte/28262/exterior-painting/limewash/index.html (+2ms) 
20:14:06   ├─ /Charlotte/28262/exterior-painting/siding-repair/index.html (+2ms) 
20:14:06   ├─ /Charlotte/28262/exterior-painting/stucco-repair/index.html (+2ms) 
20:14:06   ├─ /Charlotte/28262/exterior-painting/deck-staining/index.html (+2ms) 
20:14:06   ├─ /Charlotte/28262/exterior-painting/metal-painting/index.html (+2ms) 
20:14:06   ├─ /Charlotte/28262/flooring/index.html (+3ms) 
20:14:06   ├─ /Charlotte/28262/flooring/floor-refinishing/index.html (+2ms) 
20:14:06   ├─ /Charlotte/28262/flooring/floor-sanding/index.html (+3ms) 
20:14:06   ├─ /Charlotte/28262/flooring/garage-floor-coatings/index.html (+3ms) 
20:14:06   ├─ /Charlotte/28262/flooring/concrete-flooring/index.html (+2ms) 
20:14:06   ├─ /Charlotte/28262/commercial-services/index.html (+3ms) 
20:14:06   ├─ /Charlotte/28262/commercial-services/commercial-painting/index.html (+3ms) 
20:14:06   ├─ /Charlotte/28262/commercial-services/multi-family-painting/index.html (+6ms) 
20:14:06   ├─ /Charlotte/28262/commercial-services/restoration-painting/index.html (+3ms) 
20:14:06   ├─ /Charlotte/28262/commercial-services/holiday-lighting/index.html (+2ms) 
20:14:06   ├─ /Charlotte/28269/index.html (+3ms) 
20:14:06   ├─ /Charlotte/28269/cabinet-services/index.html (+2ms) 
20:14:06   ├─ /Charlotte/28269/cabinet-services/cabinet-refinishing/index.html (+2ms) 
20:14:06   ├─ /Charlotte/28269/cabinet-services/cabinet-painting/index.html (+2ms) 
20:14:06   ├─ /Charlotte/28269/cabinet-services/storage-solutions/index.html (+2ms) 
20:14:06   ├─ /Charlotte/28269/cabinet-services/countertops-backsplash/index.html (+3ms) 
20:14:06   ├─ /Charlotte/28269/cabinet-services/uv-curing/index.html (+3ms) 
20:14:06   ├─ /Charlotte/28269/interior-painting/index.html (+5ms) 
20:14:06   ├─ /Charlotte/28269/interior-painting/full-interior-painting/index.html (+3ms) 
20:14:06   ├─ /Charlotte/28269/interior-painting/ceiling-services/index.html (+2ms) 
20:14:06   ├─ /Charlotte/28269/interior-painting/drywall-repair/index.html (+2ms) 
20:14:06   ├─ /Charlotte/28269/interior-painting/surface-preparation/index.html (+2ms) 
20:14:06   ├─ /Charlotte/28269/interior-painting/painter-for-a-day/index.html (+7ms) 
20:14:06   ├─ /Charlotte/28269/exterior-painting/index.html (+4ms) 
20:14:06   ├─ /Charlotte/28269/exterior-painting/exterior-house-painting/index.html (+2ms) 
20:14:06   ├─ /Charlotte/28269/exterior-painting/limewash/index.html (+3ms) 
20:14:06   ├─ /Charlotte/28269/exterior-painting/siding-repair/index.html (+3ms) 
20:14:06   ├─ /Charlotte/28269/exterior-painting/stucco-repair/index.html (+2ms) 
20:14:06   ├─ /Charlotte/28269/exterior-painting/deck-staining/index.html (+2ms) 
20:14:06   ├─ /Charlotte/28269/exterior-painting/metal-painting/index.html (+2ms) 
20:14:06   ├─ /Charlotte/28269/flooring/index.html (+2ms) 
20:14:06   ├─ /Charlotte/28269/flooring/floor-refinishing/index.html (+2ms) 
20:14:06   ├─ /Charlotte/28269/flooring/floor-sanding/index.html (+2ms) 
20:14:06   ├─ /Charlotte/28269/flooring/garage-floor-coatings/index.html (+5ms) 
20:14:06   ├─ /Charlotte/28269/flooring/concrete-flooring/index.html (+2ms) 
20:14:06   ├─ /Charlotte/28269/commercial-services/index.html (+2ms) 
20:14:06   ├─ /Charlotte/28269/commercial-services/commercial-painting/index.html (+2ms) 
20:14:06   ├─ /Charlotte/28269/commercial-services/multi-family-painting/index.html (+2ms) 
20:14:06   ├─ /Charlotte/28269/commercial-services/restoration-painting/index.html (+2ms) 
20:14:06   ├─ /Charlotte/28269/commercial-services/holiday-lighting/index.html (+2ms) 
20:14:06   ├─ /Charlotte/28270/index.html (+3ms) 
20:14:06   ├─ /Charlotte/28270/cabinet-services/index.html (+2ms) 
20:14:06   ├─ /Charlotte/28270/cabinet-services/cabinet-refinishing/index.html (+2ms) 
20:14:06   ├─ /Charlotte/28270/cabinet-services/cabinet-painting/index.html (+2ms) 
20:14:06   ├─ /Charlotte/28270/cabinet-services/storage-solutions/index.html (+3ms) 
20:14:06   ├─ /Charlotte/28270/cabinet-services/countertops-backsplash/index.html (+3ms) 
20:14:06   ├─ /Charlotte/28270/cabinet-services/uv-curing/index.html (+4ms) 
20:14:06   ├─ /Charlotte/28270/interior-painting/index.html (+3ms) 
20:14:06   ├─ /Charlotte/28270/interior-painting/full-interior-painting/index.html (+3ms) 
20:14:06   ├─ /Charlotte/28270/interior-painting/ceiling-services/index.html (+3ms) 
20:14:06   ├─ /Charlotte/28270/interior-painting/drywall-repair/index.html (+2ms) 
20:14:06   ├─ /Charlotte/28270/interior-painting/surface-preparation/index.html (+2ms) 
20:14:06   ├─ /Charlotte/28270/interior-painting/painter-for-a-day/index.html (+4ms) 
20:14:06   ├─ /Charlotte/28270/exterior-painting/index.html (+4ms) 
20:14:06   ├─ /Charlotte/28270/exterior-painting/exterior-house-painting/index.html (+3ms) 
20:14:06   ├─ /Charlotte/28270/exterior-painting/limewash/index.html (+2ms) 
20:14:06   ├─ /Charlotte/28270/exterior-painting/siding-repair/index.html (+2ms) 
20:14:06   ├─ /Charlotte/28270/exterior-painting/stucco-repair/index.html (+2ms) 
20:14:06   ├─ /Charlotte/28270/exterior-painting/deck-staining/index.html (+2ms) 
20:14:06   ├─ /Charlotte/28270/exterior-painting/metal-painting/index.html (+6ms) 
20:14:06   ├─ /Charlotte/28270/flooring/index.html (+2ms) 
20:14:06   ├─ /Charlotte/28270/flooring/floor-refinishing/index.html (+3ms) 
20:14:06   ├─ /Charlotte/28270/flooring/floor-sanding/index.html (+3ms) 
20:14:06   ├─ /Charlotte/28270/flooring/garage-floor-coatings/index.html (+4ms) 
20:14:06   ├─ /Charlotte/28270/flooring/concrete-flooring/index.html (+5ms) 
20:14:06   ├─ /Charlotte/28270/commercial-services/index.html (+3ms) 
20:14:06   ├─ /Charlotte/28270/commercial-services/commercial-painting/index.html (+3ms) 
20:14:07   ├─ /Charlotte/28270/commercial-services/multi-family-painting/index.html (+3ms) 
20:14:07   ├─ /Charlotte/28270/commercial-services/restoration-painting/index.html (+2ms) 
20:14:07   ├─ /Charlotte/28270/commercial-services/holiday-lighting/index.html (+2ms) 
20:14:07   ├─ /Charlotte/28273/index.html (+3ms) 
20:14:07   ├─ /Charlotte/28273/cabinet-services/index.html (+4ms) 
20:14:07   ├─ /Charlotte/28273/cabinet-services/cabinet-refinishing/index.html (+4ms) 
20:14:07   ├─ /Charlotte/28273/cabinet-services/cabinet-painting/index.html (+5ms) 
20:14:07   ├─ /Charlotte/28273/cabinet-services/storage-solutions/index.html (+3ms) 
20:14:07   ├─ /Charlotte/28273/cabinet-services/countertops-backsplash/index.html (+3ms) 
20:14:07   ├─ /Charlotte/28273/cabinet-services/uv-curing/index.html (+2ms) 
20:14:07   ├─ /Charlotte/28273/interior-painting/index.html (+2ms) 
20:14:07   ├─ /Charlotte/28273/interior-painting/full-interior-painting/index.html (+2ms) 
20:14:07   ├─ /Charlotte/28273/interior-painting/ceiling-services/index.html (+2ms) 
20:14:07   ├─ /Charlotte/28273/interior-painting/drywall-repair/index.html (+5ms) 
20:14:07   ├─ /Charlotte/28273/interior-painting/surface-preparation/index.html (+4ms) 
20:14:07   ├─ /Charlotte/28273/interior-painting/painter-for-a-day/index.html (+6ms) 
20:14:07   ├─ /Charlotte/28273/exterior-painting/index.html (+4ms) 
20:14:07   ├─ /Charlotte/28273/exterior-painting/exterior-house-painting/index.html (+4ms) 
20:14:07   ├─ /Charlotte/28273/exterior-painting/limewash/index.html (+3ms) 
20:14:07   ├─ /Charlotte/28273/exterior-painting/siding-repair/index.html (+6ms) 
20:14:07   ├─ /Charlotte/28273/exterior-painting/stucco-repair/index.html (+3ms) 
20:14:07   ├─ /Charlotte/28273/exterior-painting/deck-staining/index.html (+3ms) 
20:14:07   ├─ /Charlotte/28273/exterior-painting/metal-painting/index.html (+4ms) 
20:14:07   ├─ /Charlotte/28273/flooring/index.html (+3ms) 
20:14:07   ├─ /Charlotte/28273/flooring/floor-refinishing/index.html (+3ms) 
20:14:07   ├─ /Charlotte/28273/flooring/floor-sanding/index.html (+3ms) 
20:14:07   ├─ /Charlotte/28273/flooring/garage-floor-coatings/index.html (+3ms) 
20:14:07   ├─ /Charlotte/28273/flooring/concrete-flooring/index.html (+3ms) 
20:14:07   ├─ /Charlotte/28273/commercial-services/index.html (+3ms) 
20:14:07   ├─ /Charlotte/28273/commercial-services/commercial-painting/index.html (+4ms) 
20:14:07   ├─ /Charlotte/28273/commercial-services/multi-family-painting/index.html (+2ms) 
20:14:07   ├─ /Charlotte/28273/commercial-services/restoration-painting/index.html (+2ms) 
20:14:07   ├─ /Charlotte/28273/commercial-services/holiday-lighting/index.html (+2ms) 
20:14:07   ├─ /Charlotte/28277/index.html (+2ms) 
20:14:07   ├─ /Charlotte/28277/cabinet-services/index.html (+2ms) 
20:14:07   ├─ /Charlotte/28277/cabinet-services/cabinet-refinishing/index.html (+2ms) 
20:14:07   ├─ /Charlotte/28277/cabinet-services/cabinet-painting/index.html (+2ms) 
20:14:07   ├─ /Charlotte/28277/cabinet-services/storage-solutions/index.html (+2ms) 
20:14:07   ├─ /Charlotte/28277/cabinet-services/countertops-backsplash/index.html (+2ms) 
20:14:07   ├─ /Charlotte/28277/cabinet-services/uv-curing/index.html (+5ms) 
20:14:07   ├─ /Charlotte/28277/interior-painting/index.html (+4ms) 
20:14:07   ├─ /Charlotte/28277/interior-painting/full-interior-painting/index.html (+3ms) 
20:14:07   ├─ /Charlotte/28277/interior-painting/ceiling-services/index.html (+4ms) 
20:14:07   ├─ /Charlotte/28277/interior-painting/drywall-repair/index.html (+4ms) 
20:14:07   ├─ /Charlotte/28277/interior-painting/surface-preparation/index.html (+5ms) 
20:14:07   ├─ /Charlotte/28277/interior-painting/painter-for-a-day/index.html (+6ms) 
20:14:07   ├─ /Charlotte/28277/exterior-painting/index.html (+3ms) 
20:14:07   ├─ /Charlotte/28277/exterior-painting/exterior-house-painting/index.html (+3ms) 
20:14:07   ├─ /Charlotte/28277/exterior-painting/limewash/index.html (+3ms) 
20:14:07   ├─ /Charlotte/28277/exterior-painting/siding-repair/index.html (+6ms) 
20:14:07   ├─ /Charlotte/28277/exterior-painting/stucco-repair/index.html (+4ms) 
20:14:07   ├─ /Charlotte/28277/exterior-painting/deck-staining/index.html (+4ms) 
20:14:07   ├─ /Charlotte/28277/exterior-painting/metal-painting/index.html (+4ms) 
20:14:07   ├─ /Charlotte/28277/flooring/index.html (+5ms) 
20:14:07   ├─ /Charlotte/28277/flooring/floor-refinishing/index.html (+4ms) 
20:14:07   ├─ /Charlotte/28277/flooring/floor-sanding/index.html (+6ms) 
20:14:07   ├─ /Charlotte/28277/flooring/garage-floor-coatings/index.html (+6ms) 
20:14:07   ├─ /Charlotte/28277/flooring/concrete-flooring/index.html (+9ms) 
20:14:07   ├─ /Charlotte/28277/commercial-services/index.html (+5ms) 
20:14:07   ├─ /Charlotte/28277/commercial-services/commercial-painting/index.html (+6ms) 
20:14:07   ├─ /Charlotte/28277/commercial-services/multi-family-painting/index.html (+4ms) 
20:14:07   ├─ /Charlotte/28277/commercial-services/restoration-painting/index.html (+5ms) 
20:14:07   ├─ /Charlotte/28277/commercial-services/holiday-lighting/index.html (+7ms) 
20:14:07   ├─ /Charlotte/28278/index.html (+4ms) 
20:14:07   ├─ /Charlotte/28278/cabinet-services/index.html (+4ms) 
20:14:07   ├─ /Charlotte/28278/cabinet-services/cabinet-refinishing/index.html (+3ms) 
20:14:07   ├─ /Charlotte/28278/cabinet-services/cabinet-painting/index.html (+4ms) 
20:14:07   ├─ /Charlotte/28278/cabinet-services/storage-solutions/index.html (+4ms) 
20:14:07   ├─ /Charlotte/28278/cabinet-services/countertops-backsplash/index.html (+4ms) 
20:14:07   ├─ /Charlotte/28278/cabinet-services/uv-curing/index.html (+3ms) 
20:14:07   ├─ /Charlotte/28278/interior-painting/index.html (+3ms) 
20:14:07   ├─ /Charlotte/28278/interior-painting/full-interior-painting/index.html (+5ms) 
20:14:07   ├─ /Charlotte/28278/interior-painting/ceiling-services/index.html (+2ms) 
20:14:07   ├─ /Charlotte/28278/interior-painting/drywall-repair/index.html (+2ms) 
20:14:07   ├─ /Charlotte/28278/interior-painting/surface-preparation/index.html (+2ms) 
20:14:07   ├─ /Charlotte/28278/interior-painting/painter-for-a-day/index.html (+2ms) 
20:14:07   ├─ /Charlotte/28278/exterior-painting/index.html (+2ms) 
20:14:07   ├─ /Charlotte/28278/exterior-painting/exterior-house-painting/index.html (+2ms) 
20:14:07   ├─ /Charlotte/28278/exterior-painting/limewash/index.html (+2ms) 
20:14:07   ├─ /Charlotte/28278/exterior-painting/siding-repair/index.html (+2ms) 
20:14:07   ├─ /Charlotte/28278/exterior-painting/stucco-repair/index.html (+2ms) 
20:14:07   ├─ /Charlotte/28278/exterior-painting/deck-staining/index.html (+2ms) 
20:14:07   ├─ /Charlotte/28278/exterior-painting/metal-painting/index.html (+2ms) 
20:14:07   ├─ /Charlotte/28278/flooring/index.html (+2ms) 
20:14:07   ├─ /Charlotte/28278/flooring/floor-refinishing/index.html (+2ms) 
20:14:07   ├─ /Charlotte/28278/flooring/floor-sanding/index.html (+2ms) 
20:14:07   ├─ /Charlotte/28278/flooring/garage-floor-coatings/index.html (+2ms) 
20:14:07   ├─ /Charlotte/28278/flooring/concrete-flooring/index.html (+2ms) 
20:14:07   ├─ /Charlotte/28278/commercial-services/index.html (+2ms) 
20:14:07   ├─ /Charlotte/28278/commercial-services/commercial-painting/index.html (+2ms) 
20:14:07   ├─ /Charlotte/28278/commercial-services/multi-family-painting/index.html (+2ms) 
20:14:07   ├─ /Charlotte/28278/commercial-services/restoration-painting/index.html (+2ms) 
20:14:07   ├─ /Charlotte/28278/commercial-services/holiday-lighting/index.html (+2ms) 
20:14:07   ├─ /Charlotte/28280/index.html (+3ms) 
20:14:07   ├─ /Charlotte/28280/cabinet-services/index.html (+3ms) 
20:14:07   ├─ /Charlotte/28280/cabinet-services/cabinet-refinishing/index.html (+3ms) 
20:14:07   ├─ /Charlotte/28280/cabinet-services/cabinet-painting/index.html (+3ms) 
20:14:07   ├─ /Charlotte/28280/cabinet-services/storage-solutions/index.html (+14ms) 
20:14:07   ├─ /Charlotte/28280/cabinet-services/countertops-backsplash/index.html (+3ms) 
20:14:07   ├─ /Charlotte/28280/cabinet-services/uv-curing/index.html (+2ms) 
20:14:07   ├─ /Charlotte/28280/interior-painting/index.html (+3ms) 
20:14:07   ├─ /Charlotte/28280/interior-painting/full-interior-painting/index.html (+5ms) 
20:14:07   ├─ /Charlotte/28280/interior-painting/ceiling-services/index.html (+3ms) 
20:14:07   ├─ /Charlotte/28280/interior-painting/drywall-repair/index.html (+2ms) 
20:14:07   ├─ /Charlotte/28280/interior-painting/surface-preparation/index.html (+2ms) 
20:14:07   ├─ /Charlotte/28280/interior-painting/painter-for-a-day/index.html (+3ms) 
20:14:07   ├─ /Charlotte/28280/exterior-painting/index.html (+3ms) 
20:14:07   ├─ /Charlotte/28280/exterior-painting/exterior-house-painting/index.html (+5ms) 
20:14:07   ├─ /Charlotte/28280/exterior-painting/limewash/index.html (+4ms) 
20:14:07   ├─ /Charlotte/28280/exterior-painting/siding-repair/index.html (+2ms) 
20:14:07   ├─ /Charlotte/28280/exterior-painting/stucco-repair/index.html (+2ms) 
20:14:07   ├─ /Charlotte/28280/exterior-painting/deck-staining/index.html (+2ms) 
20:14:07   ├─ /Charlotte/28280/exterior-painting/metal-painting/index.html (+2ms) 
20:14:07   ├─ /Charlotte/28280/flooring/index.html (+2ms) 
20:14:07   ├─ /Charlotte/28280/flooring/floor-refinishing/index.html (+2ms) 
20:14:07   ├─ /Charlotte/28280/flooring/floor-sanding/index.html (+2ms) 
20:14:07   ├─ /Charlotte/28280/flooring/garage-floor-coatings/index.html (+2ms) 
20:14:07   ├─ /Charlotte/28280/flooring/concrete-flooring/index.html (+2ms) 
20:14:07   ├─ /Charlotte/28280/commercial-services/index.html (+4ms) 
20:14:07   ├─ /Charlotte/28280/commercial-services/commercial-painting/index.html (+5ms) 
20:14:07   ├─ /Charlotte/28280/commercial-services/multi-family-painting/index.html (+4ms) 
20:14:07   ├─ /Charlotte/28280/commercial-services/restoration-painting/index.html (+4ms) 
20:14:07   ├─ /Charlotte/28280/commercial-services/holiday-lighting/index.html (+3ms) 
20:14:07   ├─ /Charlotte/28282/index.html (+3ms) 
20:14:07   ├─ /Charlotte/28282/cabinet-services/index.html (+7ms) 
20:14:07   ├─ /Charlotte/28282/cabinet-services/cabinet-refinishing/index.html (+3ms) 
20:14:07   ├─ /Charlotte/28282/cabinet-services/cabinet-painting/index.html (+2ms) 
20:14:07   ├─ /Charlotte/28282/cabinet-services/storage-solutions/index.html (+3ms) 
20:14:07   ├─ /Charlotte/28282/cabinet-services/countertops-backsplash/index.html (+3ms) 
20:14:07   ├─ /Charlotte/28282/cabinet-services/uv-curing/index.html (+2ms) 
20:14:07   ├─ /Charlotte/28282/interior-painting/index.html (+3ms) 
20:14:07   ├─ /Charlotte/28282/interior-painting/full-interior-painting/index.html (+2ms) 
20:14:07   ├─ /Charlotte/28282/interior-painting/ceiling-services/index.html (+6ms) 
20:14:07   ├─ /Charlotte/28282/interior-painting/drywall-repair/index.html (+2ms) 
20:14:07   ├─ /Charlotte/28282/interior-painting/surface-preparation/index.html (+2ms) 
20:14:07   ├─ /Charlotte/28282/interior-painting/painter-for-a-day/index.html (+2ms) 
20:14:07   ├─ /Charlotte/28282/exterior-painting/index.html (+2ms) 
20:14:07   ├─ /Charlotte/28282/exterior-painting/exterior-house-painting/index.html (+3ms) 
20:14:07   ├─ /Charlotte/28282/exterior-painting/limewash/index.html (+3ms) 
20:14:07   ├─ /Charlotte/28282/exterior-painting/siding-repair/index.html (+2ms) 
20:14:07   ├─ /Charlotte/28282/exterior-painting/stucco-repair/index.html (+16ms) 
20:14:07   ├─ /Charlotte/28282/exterior-painting/deck-staining/index.html (+7ms) 
20:14:07   ├─ /Charlotte/28282/exterior-painting/metal-painting/index.html (+3ms) 
20:14:07   ├─ /Charlotte/28282/flooring/index.html (+7ms) 
20:14:07   ├─ /Charlotte/28282/flooring/floor-refinishing/index.html (+6ms) 
20:14:07   ├─ /Charlotte/28282/flooring/floor-sanding/index.html (+2ms) 
20:14:07   ├─ /Charlotte/28282/flooring/garage-floor-coatings/index.html (+2ms) 
20:14:07   ├─ /Charlotte/28282/flooring/concrete-flooring/index.html (+2ms) 
20:14:07   ├─ /Charlotte/28282/commercial-services/index.html (+2ms) 
20:14:07   ├─ /Charlotte/28282/commercial-services/commercial-painting/index.html (+3ms) 
20:14:07   ├─ /Charlotte/28282/commercial-services/multi-family-painting/index.html (+3ms) 
20:14:07   ├─ /Charlotte/28282/commercial-services/restoration-painting/index.html (+5ms) 
20:14:07   ├─ /Charlotte/28282/commercial-services/holiday-lighting/index.html (+2ms) 
20:14:07   ├─ /Bessemer-City/index.html (+2ms) 
20:14:07   ├─ /Bessemer-City/cabinet-services/index.html (+4ms) 
20:14:07   ├─ /Bessemer-City/cabinet-services/cabinet-refinishing/index.html (+2ms) 
20:14:07   ├─ /Bessemer-City/cabinet-services/cabinet-painting/index.html (+2ms) 
20:14:07   ├─ /Bessemer-City/cabinet-services/storage-solutions/index.html (+2ms) 
20:14:07   ├─ /Bessemer-City/cabinet-services/countertops-backsplash/index.html (+2ms) 
20:14:07   ├─ /Bessemer-City/cabinet-services/uv-curing/index.html (+2ms) 
20:14:07   ├─ /Bessemer-City/interior-painting/index.html (+2ms) 
20:14:07   ├─ /Bessemer-City/interior-painting/full-interior-painting/index.html (+2ms) 
20:14:07   ├─ /Bessemer-City/interior-painting/ceiling-services/index.html (+2ms) 
20:14:07   ├─ /Bessemer-City/interior-painting/drywall-repair/index.html (+4ms) 
20:14:07   ├─ /Bessemer-City/interior-painting/surface-preparation/index.html (+5ms) 
20:14:07   ├─ /Bessemer-City/interior-painting/painter-for-a-day/index.html (+14ms) 
20:14:07   ├─ /Bessemer-City/exterior-painting/index.html (+5ms) 
20:14:07   ├─ /Bessemer-City/exterior-painting/exterior-house-painting/index.html (+2ms) 
20:14:07   ├─ /Bessemer-City/exterior-painting/limewash/index.html (+2ms) 
20:14:07   ├─ /Bessemer-City/exterior-painting/siding-repair/index.html (+2ms) 
20:14:07   ├─ /Bessemer-City/exterior-painting/stucco-repair/index.html (+2ms) 
20:14:07   ├─ /Bessemer-City/exterior-painting/deck-staining/index.html (+2ms) 
20:14:07   ├─ /Bessemer-City/exterior-painting/metal-painting/index.html (+2ms) 
20:14:07   ├─ /Bessemer-City/flooring/index.html (+2ms) 
20:14:07   ├─ /Bessemer-City/flooring/floor-refinishing/index.html (+4ms) 
20:14:07   ├─ /Bessemer-City/flooring/floor-sanding/index.html (+2ms) 
20:14:07   ├─ /Bessemer-City/flooring/garage-floor-coatings/index.html (+2ms) 
20:14:07   ├─ /Bessemer-City/flooring/concrete-flooring/index.html (+2ms) 
20:14:07   ├─ /Bessemer-City/commercial-services/index.html (+2ms) 
20:14:07   ├─ /Bessemer-City/commercial-services/commercial-painting/index.html (+2ms) 
20:14:07   ├─ /Bessemer-City/commercial-services/multi-family-painting/index.html (+1ms) 
20:14:07   ├─ /Bessemer-City/commercial-services/restoration-painting/index.html (+1ms) 
20:14:07   ├─ /Bessemer-City/commercial-services/holiday-lighting/index.html (+2ms) 
20:14:07   ├─ /Bessemer-City/28012/index.html (+2ms) 
20:14:07   ├─ /Bessemer-City/28012/cabinet-services/index.html (+3ms) 
20:14:07   ├─ /Bessemer-City/28012/cabinet-services/cabinet-refinishing/index.html (+2ms) 
20:14:07   ├─ /Bessemer-City/28012/cabinet-services/cabinet-painting/index.html (+2ms) 
20:14:07   ├─ /Bessemer-City/28012/cabinet-services/storage-solutions/index.html (+2ms) 
20:14:07   ├─ /Bessemer-City/28012/cabinet-services/countertops-backsplash/index.html (+2ms) 
20:14:07   ├─ /Bessemer-City/28012/cabinet-services/uv-curing/index.html (+2ms) 
20:14:07   ├─ /Bessemer-City/28012/interior-painting/index.html (+2ms) 
20:14:07   ├─ /Bessemer-City/28012/interior-painting/full-interior-painting/index.html (+2ms) 
20:14:07   ├─ /Bessemer-City/28012/interior-painting/ceiling-services/index.html (+2ms) 
20:14:07   ├─ /Bessemer-City/28012/interior-painting/drywall-repair/index.html (+2ms) 
20:14:07   ├─ /Bessemer-City/28012/interior-painting/surface-preparation/index.html (+2ms) 
20:14:07   ├─ /Bessemer-City/28012/interior-painting/painter-for-a-day/index.html (+2ms) 
20:14:07   ├─ /Bessemer-City/28012/exterior-painting/index.html (+2ms) 
20:14:07   ├─ /Bessemer-City/28012/exterior-painting/exterior-house-painting/index.html (+2ms) 
20:14:07   ├─ /Bessemer-City/28012/exterior-painting/limewash/index.html (+5ms) 
20:14:07   ├─ /Bessemer-City/28012/exterior-painting/siding-repair/index.html (+2ms) 
20:14:07   ├─ /Bessemer-City/28012/exterior-painting/stucco-repair/index.html (+2ms) 
20:14:07   ├─ /Bessemer-City/28012/exterior-painting/deck-staining/index.html (+2ms) 
20:14:07   ├─ /Bessemer-City/28012/exterior-painting/metal-painting/index.html (+2ms) 
20:14:07   ├─ /Bessemer-City/28012/flooring/index.html (+3ms) 
20:14:07   ├─ /Bessemer-City/28012/flooring/floor-refinishing/index.html (+4ms) 
20:14:07   ├─ /Bessemer-City/28012/flooring/floor-sanding/index.html (+2ms) 
20:14:07   ├─ /Bessemer-City/28012/flooring/garage-floor-coatings/index.html (+2ms) 
20:14:07   ├─ /Bessemer-City/28012/flooring/concrete-flooring/index.html (+3ms) 
20:14:07   ├─ /Bessemer-City/28012/commercial-services/index.html (+2ms) 
20:14:07   ├─ /Bessemer-City/28012/commercial-services/commercial-painting/index.html (+2ms) 
20:14:07   ├─ /Bessemer-City/28012/commercial-services/multi-family-painting/index.html (+3ms) 
20:14:07   ├─ /Bessemer-City/28012/commercial-services/restoration-painting/index.html (+4ms) 
20:14:07   ├─ /Bessemer-City/28012/commercial-services/holiday-lighting/index.html (+3ms) 
20:14:07   ├─ /Concord/index.html (+2ms) 
20:14:07   ├─ /Concord/cabinet-services/index.html (+3ms) 
20:14:07   ├─ /Concord/cabinet-services/cabinet-refinishing/index.html (+2ms) 
20:14:07   ├─ /Concord/cabinet-services/cabinet-painting/index.html (+2ms) 
20:14:07   ├─ /Concord/cabinet-services/storage-solutions/index.html (+2ms) 
20:14:07   ├─ /Concord/cabinet-services/countertops-backsplash/index.html (+3ms) 
20:14:07   ├─ /Concord/cabinet-services/uv-curing/index.html (+3ms) 
20:14:07   ├─ /Concord/interior-painting/index.html (+3ms) 
20:14:07   ├─ /Concord/interior-painting/full-interior-painting/index.html (+5ms) 
20:14:07   ├─ /Concord/interior-painting/ceiling-services/index.html (+3ms) 
20:14:07   ├─ /Concord/interior-painting/drywall-repair/index.html (+3ms) 
20:14:07   ├─ /Concord/interior-painting/surface-preparation/index.html (+4ms) 
20:14:07   ├─ /Concord/interior-painting/painter-for-a-day/index.html (+2ms) 
20:14:07   ├─ /Concord/exterior-painting/index.html (+2ms) 
20:14:07   ├─ /Concord/exterior-painting/exterior-house-painting/index.html (+2ms) 
20:14:07   ├─ /Concord/exterior-painting/limewash/index.html (+2ms) 
20:14:07   ├─ /Concord/exterior-painting/siding-repair/index.html (+2ms) 
20:14:07   ├─ /Concord/exterior-painting/stucco-repair/index.html (+2ms) 
20:14:07   ├─ /Concord/exterior-painting/deck-staining/index.html (+2ms) 
20:14:07   ├─ /Concord/exterior-painting/metal-painting/index.html (+2ms) 
20:14:07   ├─ /Concord/flooring/index.html (+2ms) 
20:14:07   ├─ /Concord/flooring/floor-refinishing/index.html (+2ms) 
20:14:07   ├─ /Concord/flooring/floor-sanding/index.html (+3ms) 
20:14:07   ├─ /Concord/flooring/garage-floor-coatings/index.html (+3ms) 
20:14:07   ├─ /Concord/flooring/concrete-flooring/index.html (+4ms) 
20:14:07   ├─ /Concord/commercial-services/index.html (+2ms) 
20:14:07   ├─ /Concord/commercial-services/commercial-painting/index.html (+3ms) 
20:14:07   ├─ /Concord/commercial-services/multi-family-painting/index.html (+4ms) 
20:14:07   ├─ /Concord/commercial-services/restoration-painting/index.html (+2ms) 
20:14:07   ├─ /Concord/commercial-services/holiday-lighting/index.html (+2ms) 
20:14:07   ├─ /Concord/28025/index.html (+2ms) 
20:14:07   ├─ /Concord/28025/cabinet-services/index.html (+5ms) 
20:14:07   ├─ /Concord/28025/cabinet-services/cabinet-refinishing/index.html (+2ms) 
20:14:07   ├─ /Concord/28025/cabinet-services/cabinet-painting/index.html (+2ms) 
20:14:07   ├─ /Concord/28025/cabinet-services/storage-solutions/index.html (+3ms) 
20:14:07   ├─ /Concord/28025/cabinet-services/countertops-backsplash/index.html (+5ms) 
20:14:07   ├─ /Concord/28025/cabinet-services/uv-curing/index.html (+3ms) 
20:14:07   ├─ /Concord/28025/interior-painting/index.html (+2ms) 
20:14:07   ├─ /Concord/28025/interior-painting/full-interior-painting/index.html (+2ms) 
20:14:07   ├─ /Concord/28025/interior-painting/ceiling-services/index.html (+2ms) 
20:14:07   ├─ /Concord/28025/interior-painting/drywall-repair/index.html (+2ms) 
20:14:07   ├─ /Concord/28025/interior-painting/surface-preparation/index.html (+2ms) 
20:14:07   ├─ /Concord/28025/interior-painting/painter-for-a-day/index.html (+2ms) 
20:14:07   ├─ /Concord/28025/exterior-painting/index.html (+2ms) 
20:14:07   ├─ /Concord/28025/exterior-painting/exterior-house-painting/index.html (+2ms) 
20:14:07   ├─ /Concord/28025/exterior-painting/limewash/index.html (+2ms) 
20:14:07   ├─ /Concord/28025/exterior-painting/siding-repair/index.html (+3ms) 
20:14:07   ├─ /Concord/28025/exterior-painting/stucco-repair/index.html (+2ms) 
20:14:07   ├─ /Concord/28025/exterior-painting/deck-staining/index.html (+3ms) 
20:14:07   ├─ /Concord/28025/exterior-painting/metal-painting/index.html (+3ms) 
20:14:07   ├─ /Concord/28025/flooring/index.html (+2ms) 
20:14:07   ├─ /Concord/28025/flooring/floor-refinishing/index.html (+1ms) 
20:14:07   ├─ /Concord/28025/flooring/floor-sanding/index.html (+2ms) 
20:14:07   ├─ /Concord/28025/flooring/garage-floor-coatings/index.html (+2ms) 
20:14:07   ├─ /Concord/28025/flooring/concrete-flooring/index.html (+2ms) 
20:14:07   ├─ /Concord/28025/commercial-services/index.html (+4ms) 
20:14:07   ├─ /Concord/28025/commercial-services/commercial-painting/index.html (+3ms) 
20:14:07   ├─ /Concord/28025/commercial-services/multi-family-painting/index.html (+2ms) 
20:14:07   ├─ /Concord/28025/commercial-services/restoration-painting/index.html (+4ms) 
20:14:07   ├─ /Concord/28025/commercial-services/holiday-lighting/index.html (+5ms) 
20:14:07   ├─ /Concord/28026/index.html (+4ms) 
20:14:07   ├─ /Concord/28026/cabinet-services/index.html (+2ms) 
20:14:07   ├─ /Concord/28026/cabinet-services/cabinet-refinishing/index.html (+2ms) 
20:14:07   ├─ /Concord/28026/cabinet-services/cabinet-painting/index.html (+2ms) 
20:14:07   ├─ /Concord/28026/cabinet-services/storage-solutions/index.html (+2ms) 
20:14:07   ├─ /Concord/28026/cabinet-services/countertops-backsplash/index.html (+3ms) 
20:14:07   ├─ /Concord/28026/cabinet-services/uv-curing/index.html (+4ms) 
20:14:07   ├─ /Concord/28026/interior-painting/index.html (+2ms) 
20:14:07   ├─ /Concord/28026/interior-painting/full-interior-painting/index.html (+2ms) 
20:14:07   ├─ /Concord/28026/interior-painting/ceiling-services/index.html (+2ms) 
20:14:07   ├─ /Concord/28026/interior-painting/drywall-repair/index.html (+2ms) 
20:14:07   ├─ /Concord/28026/interior-painting/surface-preparation/index.html (+2ms) 
20:14:07   ├─ /Concord/28026/interior-painting/painter-for-a-day/index.html (+4ms) 
20:14:07   ├─ /Concord/28026/exterior-painting/index.html (+2ms) 
20:14:07   ├─ /Concord/28026/exterior-painting/exterior-house-painting/index.html (+2ms) 
20:14:07   ├─ /Concord/28026/exterior-painting/limewash/index.html (+1ms) 
20:14:07   ├─ /Concord/28026/exterior-painting/siding-repair/index.html (+1ms) 
20:14:07   ├─ /Concord/28026/exterior-painting/stucco-repair/index.html (+2ms) 
20:14:07   ├─ /Concord/28026/exterior-painting/deck-staining/index.html (+2ms) 
20:14:07   ├─ /Concord/28026/exterior-painting/metal-painting/index.html (+5ms) 
20:14:07   ├─ /Concord/28026/flooring/index.html (+4ms) 
20:14:07   ├─ /Concord/28026/flooring/floor-refinishing/index.html (+3ms) 
20:14:07   ├─ /Concord/28026/flooring/floor-sanding/index.html (+2ms) 
20:14:07   ├─ /Concord/28026/flooring/garage-floor-coatings/index.html (+2ms) 
20:14:07   ├─ /Concord/28026/flooring/concrete-flooring/index.html (+2ms) 
20:14:07   ├─ /Concord/28026/commercial-services/index.html (+2ms) 
20:14:07   ├─ /Concord/28026/commercial-services/commercial-painting/index.html (+2ms) 
20:14:07   ├─ /Concord/28026/commercial-services/multi-family-painting/index.html (+2ms) 
20:14:07   ├─ /Concord/28026/commercial-services/restoration-painting/index.html (+2ms) 
20:14:07   ├─ /Concord/28026/commercial-services/holiday-lighting/index.html (+1ms) 
20:14:07   ├─ /Concord/28027/index.html (+1ms) 
20:14:07   ├─ /Concord/28027/cabinet-services/index.html (+2ms) 
20:14:07   ├─ /Concord/28027/cabinet-services/cabinet-refinishing/index.html (+1ms) 
20:14:07   ├─ /Concord/28027/cabinet-services/cabinet-painting/index.html (+2ms) 
20:14:07   ├─ /Concord/28027/cabinet-services/storage-solutions/index.html (+1ms) 
20:14:07   ├─ /Concord/28027/cabinet-services/countertops-backsplash/index.html (+2ms) 
20:14:07   ├─ /Concord/28027/cabinet-services/uv-curing/index.html (+2ms) 
20:14:07   ├─ /Concord/28027/interior-painting/index.html (+2ms) 
20:14:07   ├─ /Concord/28027/interior-painting/full-interior-painting/index.html (+2ms) 
20:14:07   ├─ /Concord/28027/interior-painting/ceiling-services/index.html (+3ms) 
20:14:07   ├─ /Concord/28027/interior-painting/drywall-repair/index.html (+2ms) 
20:14:07   ├─ /Concord/28027/interior-painting/surface-preparation/index.html (+2ms) 
20:14:07   ├─ /Concord/28027/interior-painting/painter-for-a-day/index.html (+2ms) 
20:14:07   ├─ /Concord/28027/exterior-painting/index.html (+5ms) 
20:14:07   ├─ /Concord/28027/exterior-painting/exterior-house-painting/index.html (+2ms) 
20:14:07   ├─ /Concord/28027/exterior-painting/limewash/index.html (+2ms) 
20:14:07   ├─ /Concord/28027/exterior-painting/siding-repair/index.html (+2ms) 
20:14:07   ├─ /Concord/28027/exterior-painting/stucco-repair/index.html (+3ms) 
20:14:07   ├─ /Concord/28027/exterior-painting/deck-staining/index.html (+3ms) 
20:14:07   ├─ /Concord/28027/exterior-painting/metal-painting/index.html (+2ms) 
20:14:07   ├─ /Concord/28027/flooring/index.html (+1ms) 
20:14:07   ├─ /Concord/28027/flooring/floor-refinishing/index.html (+2ms) 
20:14:07   ├─ /Concord/28027/flooring/floor-sanding/index.html (+3ms) 
20:14:07   ├─ /Concord/28027/flooring/garage-floor-coatings/index.html (+3ms) 
20:14:07   ├─ /Concord/28027/flooring/concrete-flooring/index.html (+3ms) 
20:14:07   ├─ /Concord/28027/commercial-services/index.html (+2ms) 
20:14:07   ├─ /Concord/28027/commercial-services/commercial-painting/index.html (+2ms) 
20:14:07   ├─ /Concord/28027/commercial-services/multi-family-painting/index.html (+2ms) 
20:14:07   ├─ /Concord/28027/commercial-services/restoration-painting/index.html (+2ms) 
20:14:07   ├─ /Concord/28027/commercial-services/holiday-lighting/index.html (+2ms) 
20:14:07   ├─ /Davidson/index.html (+2ms) 
20:14:07   ├─ /Davidson/cabinet-services/index.html (+2ms) 
20:14:07   ├─ /Davidson/cabinet-services/cabinet-refinishing/index.html (+2ms) 
20:14:07   ├─ /Davidson/cabinet-services/cabinet-painting/index.html (+2ms) 
20:14:07   ├─ /Davidson/cabinet-services/storage-solutions/index.html (+1ms) 
20:14:07   ├─ /Davidson/cabinet-services/countertops-backsplash/index.html (+1ms) 
20:14:07   ├─ /Davidson/cabinet-services/uv-curing/index.html (+2ms) 
20:14:07   ├─ /Davidson/interior-painting/index.html (+3ms) 
20:14:07   ├─ /Davidson/interior-painting/full-interior-painting/index.html (+2ms) 
20:14:07   ├─ /Davidson/interior-painting/ceiling-services/index.html (+1ms) 
20:14:08   ├─ /Davidson/interior-painting/drywall-repair/index.html (+2ms) 
20:14:08   ├─ /Davidson/interior-painting/surface-preparation/index.html (+3ms) 
20:14:08   ├─ /Davidson/interior-painting/painter-for-a-day/index.html (+3ms) 
20:14:08   ├─ /Davidson/exterior-painting/index.html (+2ms) 
20:14:08   ├─ /Davidson/exterior-painting/exterior-house-painting/index.html (+2ms) 
20:14:08   ├─ /Davidson/exterior-painting/limewash/index.html (+2ms) 
20:14:08   ├─ /Davidson/exterior-painting/siding-repair/index.html (+2ms) 
20:14:08   ├─ /Davidson/exterior-painting/stucco-repair/index.html (+1ms) 
20:14:08   ├─ /Davidson/exterior-painting/deck-staining/index.html (+2ms) 
20:14:08   ├─ /Davidson/exterior-painting/metal-painting/index.html (+5ms) 
20:14:08   ├─ /Davidson/flooring/index.html (+4ms) 
20:14:08   ├─ /Davidson/flooring/floor-refinishing/index.html (+2ms) 
20:14:08   ├─ /Davidson/flooring/floor-sanding/index.html (+2ms) 
20:14:08   ├─ /Davidson/flooring/garage-floor-coatings/index.html (+3ms) 
20:14:08   ├─ /Davidson/flooring/concrete-flooring/index.html (+2ms) 
20:14:08   ├─ /Davidson/commercial-services/index.html (+2ms) 
20:14:08   ├─ /Davidson/commercial-services/commercial-painting/index.html (+3ms) 
20:14:08   ├─ /Davidson/commercial-services/multi-family-painting/index.html (+3ms) 
20:14:08   ├─ /Davidson/commercial-services/restoration-painting/index.html (+3ms) 
20:14:08   ├─ /Davidson/commercial-services/holiday-lighting/index.html (+2ms) 
20:14:08   ├─ /Davidson/28031/index.html (+7ms) 
20:14:08   ├─ /Davidson/28031/cabinet-services/index.html (+2ms) 
20:14:08   ├─ /Davidson/28031/cabinet-services/cabinet-refinishing/index.html (+2ms) 
20:14:08   ├─ /Davidson/28031/cabinet-services/cabinet-painting/index.html (+2ms) 
20:14:08   ├─ /Davidson/28031/cabinet-services/storage-solutions/index.html (+3ms) 
20:14:08   ├─ /Davidson/28031/cabinet-services/countertops-backsplash/index.html (+2ms) 
20:14:08   ├─ /Davidson/28031/cabinet-services/uv-curing/index.html (+2ms) 
20:14:08   ├─ /Davidson/28031/interior-painting/index.html (+2ms) 
20:14:08   ├─ /Davidson/28031/interior-painting/full-interior-painting/index.html (+3ms) 
20:14:08   ├─ /Davidson/28031/interior-painting/ceiling-services/index.html (+4ms) 
20:14:08   ├─ /Davidson/28031/interior-painting/drywall-repair/index.html (+2ms) 
20:14:08   ├─ /Davidson/28031/interior-painting/surface-preparation/index.html (+2ms) 
20:14:08   ├─ /Davidson/28031/interior-painting/painter-for-a-day/index.html (+2ms) 
20:14:08   ├─ /Davidson/28031/exterior-painting/index.html (+2ms) 
20:14:08   ├─ /Davidson/28031/exterior-painting/exterior-house-painting/index.html (+2ms) 
20:14:08   ├─ /Davidson/28031/exterior-painting/limewash/index.html (+2ms) 
20:14:08   ├─ /Davidson/28031/exterior-painting/siding-repair/index.html (+3ms) 
20:14:08   ├─ /Davidson/28031/exterior-painting/stucco-repair/index.html (+2ms) 
20:14:08   ├─ /Davidson/28031/exterior-painting/deck-staining/index.html (+2ms) 
20:14:08   ├─ /Davidson/28031/exterior-painting/metal-painting/index.html (+2ms) 
20:14:08   ├─ /Davidson/28031/flooring/index.html (+2ms) 
20:14:08   ├─ /Davidson/28031/flooring/floor-refinishing/index.html (+2ms) 
20:14:08   ├─ /Davidson/28031/flooring/floor-sanding/index.html (+2ms) 
20:14:08   ├─ /Davidson/28031/flooring/garage-floor-coatings/index.html (+2ms) 
20:14:08   ├─ /Davidson/28031/flooring/concrete-flooring/index.html (+4ms) 
20:14:08   ├─ /Davidson/28031/commercial-services/index.html (+2ms) 
20:14:08   ├─ /Davidson/28031/commercial-services/commercial-painting/index.html (+2ms) 
20:14:08   ├─ /Davidson/28031/commercial-services/multi-family-painting/index.html (+1ms) 
20:14:08   ├─ /Davidson/28031/commercial-services/restoration-painting/index.html (+2ms) 
20:14:08   ├─ /Davidson/28031/commercial-services/holiday-lighting/index.html (+2ms) 
20:14:08   ├─ /Cornelius/index.html (+2ms) 
20:14:08   ├─ /Cornelius/cabinet-services/index.html (+2ms) 
20:14:08   ├─ /Cornelius/cabinet-services/cabinet-refinishing/index.html (+2ms) 
20:14:08   ├─ /Cornelius/cabinet-services/cabinet-painting/index.html (+2ms) 
20:14:08   ├─ /Cornelius/cabinet-services/storage-solutions/index.html (+2ms) 
20:14:08   ├─ /Cornelius/cabinet-services/countertops-backsplash/index.html (+2ms) 
20:14:08   ├─ /Cornelius/cabinet-services/uv-curing/index.html (+2ms) 
20:14:08   ├─ /Cornelius/interior-painting/index.html (+3ms) 
20:14:08   ├─ /Cornelius/interior-painting/full-interior-painting/index.html (+2ms) 
20:14:08   ├─ /Cornelius/interior-painting/ceiling-services/index.html (+2ms) 
20:14:08   ├─ /Cornelius/interior-painting/drywall-repair/index.html (+2ms) 
20:14:08   ├─ /Cornelius/interior-painting/surface-preparation/index.html (+2ms) 
20:14:08   ├─ /Cornelius/interior-painting/painter-for-a-day/index.html (+1ms) 
20:14:08   ├─ /Cornelius/exterior-painting/index.html (+2ms) 
20:14:08   ├─ /Cornelius/exterior-painting/exterior-house-painting/index.html (+2ms) 
20:14:08   ├─ /Cornelius/exterior-painting/limewash/index.html (+2ms) 
20:14:08   ├─ /Cornelius/exterior-painting/siding-repair/index.html (+1ms) 
20:14:08   ├─ /Cornelius/exterior-painting/stucco-repair/index.html (+4ms) 
20:14:08   ├─ /Cornelius/exterior-painting/deck-staining/index.html (+2ms) 
20:14:08   ├─ /Cornelius/exterior-painting/metal-painting/index.html (+2ms) 
20:14:08   ├─ /Cornelius/flooring/index.html (+2ms) 
20:14:08   ├─ /Cornelius/flooring/floor-refinishing/index.html (+3ms) 
20:14:08   ├─ /Cornelius/flooring/floor-sanding/index.html (+2ms) 
20:14:08   ├─ /Cornelius/flooring/garage-floor-coatings/index.html (+4ms) 
20:14:08   ├─ /Cornelius/flooring/concrete-flooring/index.html (+3ms) 
20:14:08   ├─ /Cornelius/commercial-services/index.html (+2ms) 
20:14:08   ├─ /Cornelius/commercial-services/commercial-painting/index.html (+2ms) 
20:14:08   ├─ /Cornelius/commercial-services/multi-family-painting/index.html (+2ms) 
20:14:08   ├─ /Cornelius/commercial-services/restoration-painting/index.html (+2ms) 
20:14:08   ├─ /Cornelius/commercial-services/holiday-lighting/index.html (+2ms) 
20:14:08   ├─ /Cornelius/28036/index.html (+2ms) 
20:14:08   ├─ /Cornelius/28036/cabinet-services/index.html (+2ms) 
20:14:08   ├─ /Cornelius/28036/cabinet-services/cabinet-refinishing/index.html (+2ms) 
20:14:08   ├─ /Cornelius/28036/cabinet-services/cabinet-painting/index.html (+2ms) 
20:14:08   ├─ /Cornelius/28036/cabinet-services/storage-solutions/index.html (+3ms) 
20:14:08   ├─ /Cornelius/28036/cabinet-services/countertops-backsplash/index.html (+3ms) 
20:14:08   ├─ /Cornelius/28036/cabinet-services/uv-curing/index.html (+4ms) 
20:14:08   ├─ /Cornelius/28036/interior-painting/index.html (+3ms) 
20:14:08   ├─ /Cornelius/28036/interior-painting/full-interior-painting/index.html (+2ms) 
20:14:08   ├─ /Cornelius/28036/interior-painting/ceiling-services/index.html (+2ms) 
20:14:08   ├─ /Cornelius/28036/interior-painting/drywall-repair/index.html (+2ms) 
20:14:08   ├─ /Cornelius/28036/interior-painting/surface-preparation/index.html (+4ms) 
20:14:08   ├─ /Cornelius/28036/interior-painting/painter-for-a-day/index.html (+2ms) 
20:14:08   ├─ /Cornelius/28036/exterior-painting/index.html (+2ms) 
20:14:08   ├─ /Cornelius/28036/exterior-painting/exterior-house-painting/index.html (+2ms) 
20:14:08   ├─ /Cornelius/28036/exterior-painting/limewash/index.html (+2ms) 
20:14:08   ├─ /Cornelius/28036/exterior-painting/siding-repair/index.html (+2ms) 
20:14:08   ├─ /Cornelius/28036/exterior-painting/stucco-repair/index.html (+2ms) 
20:14:08   ├─ /Cornelius/28036/exterior-painting/deck-staining/index.html (+3ms) 
20:14:08   ├─ /Cornelius/28036/exterior-painting/metal-painting/index.html (+2ms) 
20:14:08   ├─ /Cornelius/28036/flooring/index.html (+3ms) 
20:14:08   ├─ /Cornelius/28036/flooring/floor-refinishing/index.html (+4ms) 
20:14:08   ├─ /Cornelius/28036/flooring/floor-sanding/index.html (+3ms) 
20:14:08   ├─ /Cornelius/28036/flooring/garage-floor-coatings/index.html (+2ms) 
20:14:08   ├─ /Cornelius/28036/flooring/concrete-flooring/index.html (+2ms) 
20:14:08   ├─ /Cornelius/28036/commercial-services/index.html (+2ms) 
20:14:08   ├─ /Cornelius/28036/commercial-services/commercial-painting/index.html (+2ms) 
20:14:08   ├─ /Cornelius/28036/commercial-services/multi-family-painting/index.html (+2ms) 
20:14:08   ├─ /Cornelius/28036/commercial-services/restoration-painting/index.html (+3ms) 
20:14:08   ├─ /Cornelius/28036/commercial-services/holiday-lighting/index.html (+2ms) 
20:14:08   ├─ /Gastonia/index.html (+2ms) 
20:14:08   ├─ /Gastonia/cabinet-services/index.html (+3ms) 
20:14:08   ├─ /Gastonia/cabinet-services/cabinet-refinishing/index.html (+3ms) 
20:14:08   ├─ /Gastonia/cabinet-services/cabinet-painting/index.html (+4ms) 
20:14:08   ├─ /Gastonia/cabinet-services/storage-solutions/index.html (+2ms) 
20:14:08   ├─ /Gastonia/cabinet-services/countertops-backsplash/index.html (+5ms) 
20:14:08   ├─ /Gastonia/cabinet-services/uv-curing/index.html (+5ms) 
20:14:08   ├─ /Gastonia/interior-painting/index.html (+3ms) 
20:14:08   ├─ /Gastonia/interior-painting/full-interior-painting/index.html (+3ms) 
20:14:08   ├─ /Gastonia/interior-painting/ceiling-services/index.html (+3ms) 
20:14:08   ├─ /Gastonia/interior-painting/drywall-repair/index.html (+2ms) 
20:14:08   ├─ /Gastonia/interior-painting/surface-preparation/index.html (+3ms) 
20:14:08   ├─ /Gastonia/interior-painting/painter-for-a-day/index.html (+3ms) 
20:14:08   ├─ /Gastonia/exterior-painting/index.html (+5ms) 
20:14:08   ├─ /Gastonia/exterior-painting/exterior-house-painting/index.html (+6ms) 
20:14:08   ├─ /Gastonia/exterior-painting/limewash/index.html (+4ms) 
20:14:08   ├─ /Gastonia/exterior-painting/siding-repair/index.html (+3ms) 
20:14:08   ├─ /Gastonia/exterior-painting/stucco-repair/index.html (+3ms) 
20:14:08   ├─ /Gastonia/exterior-painting/deck-staining/index.html (+3ms) 
20:14:08   ├─ /Gastonia/exterior-painting/metal-painting/index.html (+2ms) 
20:14:08   ├─ /Gastonia/flooring/index.html (+4ms) 
20:14:08   ├─ /Gastonia/flooring/floor-refinishing/index.html (+3ms) 
20:14:08   ├─ /Gastonia/flooring/floor-sanding/index.html (+3ms) 
20:14:08   ├─ /Gastonia/flooring/garage-floor-coatings/index.html (+7ms) 
20:14:08   ├─ /Gastonia/flooring/concrete-flooring/index.html (+4ms) 
20:14:08   ├─ /Gastonia/commercial-services/index.html (+4ms) 
20:14:08   ├─ /Gastonia/commercial-services/commercial-painting/index.html (+4ms) 
20:14:08   ├─ /Gastonia/commercial-services/multi-family-painting/index.html (+3ms) 
20:14:08   ├─ /Gastonia/commercial-services/restoration-painting/index.html (+10ms) 
20:14:08   ├─ /Gastonia/commercial-services/holiday-lighting/index.html (+5ms) 
20:14:08   ├─ /Gastonia/28052/index.html (+6ms) 
20:14:08   ├─ /Gastonia/28052/cabinet-services/index.html (+9ms) 
20:14:08   ├─ /Gastonia/28052/cabinet-services/cabinet-refinishing/index.html (+4ms) 
20:14:08   ├─ /Gastonia/28052/cabinet-services/cabinet-painting/index.html (+5ms) 
20:14:08   ├─ /Gastonia/28052/cabinet-services/storage-solutions/index.html (+2ms) 
20:14:08   ├─ /Gastonia/28052/cabinet-services/countertops-backsplash/index.html (+2ms) 
20:14:08   ├─ /Gastonia/28052/cabinet-services/uv-curing/index.html (+3ms) 
20:14:08   ├─ /Gastonia/28052/interior-painting/index.html (+2ms) 
20:14:08   ├─ /Gastonia/28052/interior-painting/full-interior-painting/index.html (+3ms) 
20:14:08   ├─ /Gastonia/28052/interior-painting/ceiling-services/index.html (+3ms) 
20:14:08   ├─ /Gastonia/28052/interior-painting/drywall-repair/index.html (+6ms) 
20:14:08   ├─ /Gastonia/28052/interior-painting/surface-preparation/index.html (+6ms) 
20:14:08   ├─ /Gastonia/28052/interior-painting/painter-for-a-day/index.html (+3ms) 
20:14:08   ├─ /Gastonia/28052/exterior-painting/index.html (+4ms) 
20:14:08   ├─ /Gastonia/28052/exterior-painting/exterior-house-painting/index.html (+3ms) 
20:14:08   ├─ /Gastonia/28052/exterior-painting/limewash/index.html (+3ms) 
20:14:08   ├─ /Gastonia/28052/exterior-painting/siding-repair/index.html (+2ms) 
20:14:08   ├─ /Gastonia/28052/exterior-painting/stucco-repair/index.html (+2ms) 
20:14:08   ├─ /Gastonia/28052/exterior-painting/deck-staining/index.html (+2ms) 
20:14:08   ├─ /Gastonia/28052/exterior-painting/metal-painting/index.html (+2ms) 
20:14:08   ├─ /Gastonia/28052/flooring/index.html (+2ms) 
20:14:08   ├─ /Gastonia/28052/flooring/floor-refinishing/index.html (+2ms) 
20:14:08   ├─ /Gastonia/28052/flooring/floor-sanding/index.html (+5ms) 
20:14:08   ├─ /Gastonia/28052/flooring/garage-floor-coatings/index.html (+3ms) 
20:14:08   ├─ /Gastonia/28052/flooring/concrete-flooring/index.html (+4ms) 
20:14:08   ├─ /Gastonia/28052/commercial-services/index.html (+4ms) 
20:14:08   ├─ /Gastonia/28052/commercial-services/commercial-painting/index.html (+4ms) 
20:14:08   ├─ /Gastonia/28052/commercial-services/multi-family-painting/index.html (+2ms) 
20:14:08   ├─ /Gastonia/28052/commercial-services/restoration-painting/index.html (+2ms) 
20:14:08   ├─ /Gastonia/28052/commercial-services/holiday-lighting/index.html (+2ms) 
20:14:08   ├─ /Gastonia/28053/index.html (+2ms) 
20:14:08   ├─ /Gastonia/28053/cabinet-services/index.html (+2ms) 
20:14:08   ├─ /Gastonia/28053/cabinet-services/cabinet-refinishing/index.html (+2ms) 
20:14:08   ├─ /Gastonia/28053/cabinet-services/cabinet-painting/index.html (+3ms) 
20:14:08   ├─ /Gastonia/28053/cabinet-services/storage-solutions/index.html (+5ms) 
20:14:08   ├─ /Gastonia/28053/cabinet-services/countertops-backsplash/index.html (+3ms) 
20:14:08   ├─ /Gastonia/28053/cabinet-services/uv-curing/index.html (+3ms) 
20:14:08   ├─ /Gastonia/28053/interior-painting/index.html (+4ms) 
20:14:08   ├─ /Gastonia/28053/interior-painting/full-interior-painting/index.html (+5ms) 
20:14:08   ├─ /Gastonia/28053/interior-painting/ceiling-services/index.html (+3ms) 
20:14:08   ├─ /Gastonia/28053/interior-painting/drywall-repair/index.html (+5ms) 
20:14:08   ├─ /Gastonia/28053/interior-painting/surface-preparation/index.html (+4ms) 
20:14:08   ├─ /Gastonia/28053/interior-painting/painter-for-a-day/index.html (+4ms) 
20:14:08   ├─ /Gastonia/28053/exterior-painting/index.html (+4ms) 
20:14:08   ├─ /Gastonia/28053/exterior-painting/exterior-house-painting/index.html (+7ms) 
20:14:08   ├─ /Gastonia/28053/exterior-painting/limewash/index.html (+4ms) 
20:14:08   ├─ /Gastonia/28053/exterior-painting/siding-repair/index.html (+7ms) 
20:14:08   ├─ /Gastonia/28053/exterior-painting/stucco-repair/index.html (+4ms) 
20:14:08   ├─ /Gastonia/28053/exterior-painting/deck-staining/index.html (+5ms) 
20:14:08   ├─ /Gastonia/28053/exterior-painting/metal-painting/index.html (+6ms) 
20:14:08   ├─ /Gastonia/28053/flooring/index.html (+4ms) 
20:14:08   ├─ /Gastonia/28053/flooring/floor-refinishing/index.html (+5ms) 
20:14:08   ├─ /Gastonia/28053/flooring/floor-sanding/index.html (+4ms) 
20:14:08   ├─ /Gastonia/28053/flooring/garage-floor-coatings/index.html (+3ms) 
20:14:08   ├─ /Gastonia/28053/flooring/concrete-flooring/index.html (+3ms) 
20:14:08   ├─ /Gastonia/28053/commercial-services/index.html (+4ms) 
20:14:08   ├─ /Gastonia/28053/commercial-services/commercial-painting/index.html (+8ms) 
20:14:08   ├─ /Gastonia/28053/commercial-services/multi-family-painting/index.html (+4ms) 
20:14:08   ├─ /Gastonia/28053/commercial-services/restoration-painting/index.html (+4ms) 
20:14:08   ├─ /Gastonia/28053/commercial-services/holiday-lighting/index.html (+4ms) 
20:14:08   ├─ /Gastonia/28054/index.html (+3ms) 
20:14:08   ├─ /Gastonia/28054/cabinet-services/index.html (+3ms) 
20:14:08   ├─ /Gastonia/28054/cabinet-services/cabinet-refinishing/index.html (+3ms) 
20:14:08   ├─ /Gastonia/28054/cabinet-services/cabinet-painting/index.html (+4ms) 
20:14:08   ├─ /Gastonia/28054/cabinet-services/storage-solutions/index.html (+4ms) 
20:14:08   ├─ /Gastonia/28054/cabinet-services/countertops-backsplash/index.html (+4ms) 
20:14:08   ├─ /Gastonia/28054/cabinet-services/uv-curing/index.html (+8ms) 
20:14:08   ├─ /Gastonia/28054/interior-painting/index.html (+6ms) 
20:14:08   ├─ /Gastonia/28054/interior-painting/full-interior-painting/index.html (+4ms) 
20:14:08   ├─ /Gastonia/28054/interior-painting/ceiling-services/index.html (+4ms) 
20:14:08   ├─ /Gastonia/28054/interior-painting/drywall-repair/index.html (+6ms) 
20:14:08   ├─ /Gastonia/28054/interior-painting/surface-preparation/index.html (+4ms) 
20:14:08   ├─ /Gastonia/28054/interior-painting/painter-for-a-day/index.html (+7ms) 
20:14:08   ├─ /Gastonia/28054/exterior-painting/index.html (+4ms) 
20:14:08   ├─ /Gastonia/28054/exterior-painting/exterior-house-painting/index.html (+4ms) 
20:14:08   ├─ /Gastonia/28054/exterior-painting/limewash/index.html (+3ms) 
20:14:08   ├─ /Gastonia/28054/exterior-painting/siding-repair/index.html (+3ms) 
20:14:08   ├─ /Gastonia/28054/exterior-painting/stucco-repair/index.html (+3ms) 
20:14:08   ├─ /Gastonia/28054/exterior-painting/deck-staining/index.html (+5ms) 
20:14:08   ├─ /Gastonia/28054/exterior-painting/metal-painting/index.html (+4ms) 
20:14:08   ├─ /Gastonia/28054/flooring/index.html (+6ms) 
20:14:08   ├─ /Gastonia/28054/flooring/floor-refinishing/index.html (+4ms) 
20:14:08   ├─ /Gastonia/28054/flooring/floor-sanding/index.html (+5ms) 
20:14:08   ├─ /Gastonia/28054/flooring/garage-floor-coatings/index.html (+5ms) 
20:14:08   ├─ /Gastonia/28054/flooring/concrete-flooring/index.html (+5ms) 
20:14:08   ├─ /Gastonia/28054/commercial-services/index.html (+3ms) 
20:14:08   ├─ /Gastonia/28054/commercial-services/commercial-painting/index.html (+6ms) 
20:14:08   ├─ /Gastonia/28054/commercial-services/multi-family-painting/index.html (+8ms) 
20:14:08   ├─ /Gastonia/28054/commercial-services/restoration-painting/index.html (+4ms) 
20:14:08   ├─ /Gastonia/28054/commercial-services/holiday-lighting/index.html (+4ms) 
20:14:08   ├─ /Gastonia/28056/index.html (+4ms) 
20:14:08   ├─ /Gastonia/28056/cabinet-services/index.html (+3ms) 
20:14:08   ├─ /Gastonia/28056/cabinet-services/cabinet-refinishing/index.html (+2ms) 
20:14:08   ├─ /Gastonia/28056/cabinet-services/cabinet-painting/index.html (+3ms) 
20:14:08   ├─ /Gastonia/28056/cabinet-services/storage-solutions/index.html (+6ms) 
20:14:08   ├─ /Gastonia/28056/cabinet-services/countertops-backsplash/index.html (+4ms) 
20:14:08   ├─ /Gastonia/28056/cabinet-services/uv-curing/index.html (+8ms) 
20:14:08   ├─ /Gastonia/28056/interior-painting/index.html (+3ms) 
20:14:08   ├─ /Gastonia/28056/interior-painting/full-interior-painting/index.html (+3ms) 
20:14:08   ├─ /Gastonia/28056/interior-painting/ceiling-services/index.html (+4ms) 
20:14:08   ├─ /Gastonia/28056/interior-painting/drywall-repair/index.html (+8ms) 
20:14:08   ├─ /Gastonia/28056/interior-painting/surface-preparation/index.html (+5ms) 
20:14:08   ├─ /Gastonia/28056/interior-painting/painter-for-a-day/index.html (+3ms) 
20:14:08   ├─ /Gastonia/28056/exterior-painting/index.html (+4ms) 
20:14:08   ├─ /Gastonia/28056/exterior-painting/exterior-house-painting/index.html (+7ms) 
20:14:08   ├─ /Gastonia/28056/exterior-painting/limewash/index.html (+6ms) 
20:14:08   ├─ /Gastonia/28056/exterior-painting/siding-repair/index.html (+6ms) 
20:14:08   ├─ /Gastonia/28056/exterior-painting/stucco-repair/index.html (+5ms) 
20:14:08   ├─ /Gastonia/28056/exterior-painting/deck-staining/index.html (+6ms) 
20:14:08   ├─ /Gastonia/28056/exterior-painting/metal-painting/index.html (+11ms) 
20:14:08   ├─ /Gastonia/28056/flooring/index.html (+13ms) 
20:14:08   ├─ /Gastonia/28056/flooring/floor-refinishing/index.html (+6ms) 
20:14:08   ├─ /Gastonia/28056/flooring/floor-sanding/index.html (+8ms) 
20:14:08   ├─ /Gastonia/28056/flooring/garage-floor-coatings/index.html (+5ms) 
20:14:08   ├─ /Gastonia/28056/flooring/concrete-flooring/index.html (+4ms) 
20:14:08   ├─ /Gastonia/28056/commercial-services/index.html (+4ms) 
20:14:08   ├─ /Gastonia/28056/commercial-services/commercial-painting/index.html (+3ms) 
20:14:08   ├─ /Gastonia/28056/commercial-services/multi-family-painting/index.html (+4ms) 
20:14:08   ├─ /Gastonia/28056/commercial-services/restoration-painting/index.html (+19ms) 
20:14:08   ├─ /Gastonia/28056/commercial-services/holiday-lighting/index.html (+6ms) 
20:14:08   ├─ /Huntersville/index.html (+4ms) 
20:14:08   ├─ /Huntersville/cabinet-services/index.html (+6ms) 
20:14:08   ├─ /Huntersville/cabinet-services/cabinet-refinishing/index.html (+8ms) 
20:14:08   ├─ /Huntersville/cabinet-services/cabinet-painting/index.html (+5ms) 
20:14:08   ├─ /Huntersville/cabinet-services/storage-solutions/index.html (+5ms) 
20:14:08   ├─ /Huntersville/cabinet-services/countertops-backsplash/index.html (+6ms) 
20:14:08   ├─ /Huntersville/cabinet-services/uv-curing/index.html (+4ms) 
20:14:08   ├─ /Huntersville/interior-painting/index.html (+11ms) 
20:14:08   ├─ /Huntersville/interior-painting/full-interior-painting/index.html (+4ms) 
20:14:08   ├─ /Huntersville/interior-painting/ceiling-services/index.html (+6ms) 
20:14:08   ├─ /Huntersville/interior-painting/drywall-repair/index.html (+6ms) 
20:14:08   ├─ /Huntersville/interior-painting/surface-preparation/index.html (+8ms) 
20:14:08   ├─ /Huntersville/interior-painting/painter-for-a-day/index.html (+3ms) 
20:14:08   ├─ /Huntersville/exterior-painting/index.html (+4ms) 
20:14:08   ├─ /Huntersville/exterior-painting/exterior-house-painting/index.html (+7ms) 
20:14:08   ├─ /Huntersville/exterior-painting/limewash/index.html (+10ms) 
20:14:09   ├─ /Huntersville/exterior-painting/siding-repair/index.html (+7ms) 
20:14:09   ├─ /Huntersville/exterior-painting/stucco-repair/index.html (+4ms) 
20:14:09   ├─ /Huntersville/exterior-painting/deck-staining/index.html (+9ms) 
20:14:09   ├─ /Huntersville/exterior-painting/metal-painting/index.html (+4ms) 
20:14:09   ├─ /Huntersville/flooring/index.html (+4ms) 
20:14:09   ├─ /Huntersville/flooring/floor-refinishing/index.html (+12ms) 
20:14:09   ├─ /Huntersville/flooring/floor-sanding/index.html (+4ms) 
20:14:09   ├─ /Huntersville/flooring/garage-floor-coatings/index.html (+4ms) 
20:14:09   ├─ /Huntersville/flooring/concrete-flooring/index.html (+3ms) 
20:14:09   ├─ /Huntersville/commercial-services/index.html (+7ms) 
20:14:09   ├─ /Huntersville/commercial-services/commercial-painting/index.html (+4ms) 
20:14:09   ├─ /Huntersville/commercial-services/multi-family-painting/index.html (+3ms) 
20:14:09   ├─ /Huntersville/commercial-services/restoration-painting/index.html (+2ms) 
20:14:09   ├─ /Huntersville/commercial-services/holiday-lighting/index.html (+7ms) 
20:14:09   ├─ /Huntersville/28078/index.html (+3ms) 
20:14:09   ├─ /Huntersville/28078/cabinet-services/index.html (+4ms) 
20:14:09   ├─ /Huntersville/28078/cabinet-services/cabinet-refinishing/index.html (+3ms) 
20:14:09   ├─ /Huntersville/28078/cabinet-services/cabinet-painting/index.html (+4ms) 
20:14:09   ├─ /Huntersville/28078/cabinet-services/storage-solutions/index.html (+3ms) 
20:14:09   ├─ /Huntersville/28078/cabinet-services/countertops-backsplash/index.html (+3ms) 
20:14:09   ├─ /Huntersville/28078/cabinet-services/uv-curing/index.html (+3ms) 
20:14:09   ├─ /Huntersville/28078/interior-painting/index.html (+3ms) 
20:14:09   ├─ /Huntersville/28078/interior-painting/full-interior-painting/index.html (+3ms) 
20:14:09   ├─ /Huntersville/28078/interior-painting/ceiling-services/index.html (+6ms) 
20:14:09   ├─ /Huntersville/28078/interior-painting/drywall-repair/index.html (+4ms) 
20:14:09   ├─ /Huntersville/28078/interior-painting/surface-preparation/index.html (+3ms) 
20:14:09   ├─ /Huntersville/28078/interior-painting/painter-for-a-day/index.html (+3ms) 
20:14:09   ├─ /Huntersville/28078/exterior-painting/index.html (+3ms) 
20:14:09   ├─ /Huntersville/28078/exterior-painting/exterior-house-painting/index.html (+6ms) 
20:14:09   ├─ /Huntersville/28078/exterior-painting/limewash/index.html (+7ms) 
20:14:09   ├─ /Huntersville/28078/exterior-painting/siding-repair/index.html (+3ms) 
20:14:09   ├─ /Huntersville/28078/exterior-painting/stucco-repair/index.html (+8ms) 
20:14:09   ├─ /Huntersville/28078/exterior-painting/deck-staining/index.html (+3ms) 
20:14:09   ├─ /Huntersville/28078/exterior-painting/metal-painting/index.html (+3ms) 
20:14:09   ├─ /Huntersville/28078/flooring/index.html (+4ms) 
20:14:09   ├─ /Huntersville/28078/flooring/floor-refinishing/index.html (+5ms) 
20:14:09   ├─ /Huntersville/28078/flooring/floor-sanding/index.html (+5ms) 
20:14:09   ├─ /Huntersville/28078/flooring/garage-floor-coatings/index.html (+5ms) 
20:14:09   ├─ /Huntersville/28078/flooring/concrete-flooring/index.html (+5ms) 
20:14:09   ├─ /Huntersville/28078/commercial-services/index.html (+8ms) 
20:14:09   ├─ /Huntersville/28078/commercial-services/commercial-painting/index.html (+4ms) 
20:14:09   ├─ /Huntersville/28078/commercial-services/multi-family-painting/index.html (+3ms) 
20:14:09   ├─ /Huntersville/28078/commercial-services/restoration-painting/index.html (+3ms) 
20:14:09   ├─ /Huntersville/28078/commercial-services/holiday-lighting/index.html (+3ms) 
20:14:09   ├─ /Denver/index.html (+5ms) 
20:14:09   ├─ /Denver/cabinet-services/index.html (+4ms) 
20:14:09   ├─ /Denver/cabinet-services/cabinet-refinishing/index.html (+3ms) 
20:14:09   ├─ /Denver/cabinet-services/cabinet-painting/index.html (+2ms) 
20:14:09   ├─ /Denver/cabinet-services/storage-solutions/index.html (+3ms) 
20:14:09   ├─ /Denver/cabinet-services/countertops-backsplash/index.html (+4ms) 
20:14:09   ├─ /Denver/cabinet-services/uv-curing/index.html (+3ms) 
20:14:09   ├─ /Denver/interior-painting/index.html (+4ms) 
20:14:09   ├─ /Denver/interior-painting/full-interior-painting/index.html (+3ms) 
20:14:09   ├─ /Denver/interior-painting/ceiling-services/index.html (+6ms) 
20:14:09   ├─ /Denver/interior-painting/drywall-repair/index.html (+5ms) 
20:14:09   ├─ /Denver/interior-painting/surface-preparation/index.html (+2ms) 
20:14:09   ├─ /Denver/interior-painting/painter-for-a-day/index.html (+2ms) 
20:14:09   ├─ /Denver/exterior-painting/index.html (+3ms) 
20:14:09   ├─ /Denver/exterior-painting/exterior-house-painting/index.html (+4ms) 
20:14:09   ├─ /Denver/exterior-painting/limewash/index.html (+5ms) 
20:14:09   ├─ /Denver/exterior-painting/siding-repair/index.html (+2ms) 
20:14:09   ├─ /Denver/exterior-painting/stucco-repair/index.html (+3ms) 
20:14:09   ├─ /Denver/exterior-painting/deck-staining/index.html (+5ms) 
20:14:09   ├─ /Denver/exterior-painting/metal-painting/index.html (+3ms) 
20:14:09   ├─ /Denver/flooring/index.html (+3ms) 
20:14:09   ├─ /Denver/flooring/floor-refinishing/index.html (+2ms) 
20:14:09   ├─ /Denver/flooring/floor-sanding/index.html (+2ms) 
20:14:09   ├─ /Denver/flooring/garage-floor-coatings/index.html (+4ms) 
20:14:09   ├─ /Denver/flooring/concrete-flooring/index.html (+2ms) 
20:14:09   ├─ /Denver/commercial-services/index.html (+2ms) 
20:14:09   ├─ /Denver/commercial-services/commercial-painting/index.html (+2ms) 
20:14:09   ├─ /Denver/commercial-services/multi-family-painting/index.html (+3ms) 
20:14:09   ├─ /Denver/commercial-services/restoration-painting/index.html (+7ms) 
20:14:09   ├─ /Denver/commercial-services/holiday-lighting/index.html (+3ms) 
20:14:09   ├─ /Denver/28080/index.html (+2ms) 
20:14:09   ├─ /Denver/28080/cabinet-services/index.html (+3ms) 
20:14:09   ├─ /Denver/28080/cabinet-services/cabinet-refinishing/index.html (+6ms) 
20:14:09   ├─ /Denver/28080/cabinet-services/cabinet-painting/index.html (+3ms) 
20:14:09   ├─ /Denver/28080/cabinet-services/storage-solutions/index.html (+3ms) 
20:14:09   ├─ /Denver/28080/cabinet-services/countertops-backsplash/index.html (+3ms) 
20:14:09   ├─ /Denver/28080/cabinet-services/uv-curing/index.html (+6ms) 
20:14:09   ├─ /Denver/28080/interior-painting/index.html (+3ms) 
20:14:09   ├─ /Denver/28080/interior-painting/full-interior-painting/index.html (+3ms) 
20:14:09   ├─ /Denver/28080/interior-painting/ceiling-services/index.html (+9ms) 
20:14:09   ├─ /Denver/28080/interior-painting/drywall-repair/index.html (+6ms) 
20:14:09   ├─ /Denver/28080/interior-painting/surface-preparation/index.html (+8ms) 
20:14:09   ├─ /Denver/28080/interior-painting/painter-for-a-day/index.html (+6ms) 
20:14:09   ├─ /Denver/28080/exterior-painting/index.html (+4ms) 
20:14:09   ├─ /Denver/28080/exterior-painting/exterior-house-painting/index.html (+3ms) 
20:14:09   ├─ /Denver/28080/exterior-painting/limewash/index.html (+2ms) 
20:14:09   ├─ /Denver/28080/exterior-painting/siding-repair/index.html (+2ms) 
20:14:09   ├─ /Denver/28080/exterior-painting/stucco-repair/index.html (+3ms) 
20:14:09   ├─ /Denver/28080/exterior-painting/deck-staining/index.html (+5ms) 
20:14:09   ├─ /Denver/28080/exterior-painting/metal-painting/index.html (+2ms) 
20:14:09   ├─ /Denver/28080/flooring/index.html (+2ms) 
20:14:09   ├─ /Denver/28080/flooring/floor-refinishing/index.html (+2ms) 
20:14:09   ├─ /Denver/28080/flooring/floor-sanding/index.html (+2ms) 
20:14:09   ├─ /Denver/28080/flooring/garage-floor-coatings/index.html (+1ms) 
20:14:09   ├─ /Denver/28080/flooring/concrete-flooring/index.html (+2ms) 
20:14:09   ├─ /Denver/28080/commercial-services/index.html (+2ms) 
20:14:09   ├─ /Denver/28080/commercial-services/commercial-painting/index.html (+9ms) 
20:14:09   ├─ /Denver/28080/commercial-services/multi-family-painting/index.html (+3ms) 
20:14:09   ├─ /Denver/28080/commercial-services/restoration-painting/index.html (+2ms) 
20:14:09   ├─ /Denver/28080/commercial-services/holiday-lighting/index.html (+2ms) 
20:14:09   ├─ /Kannapolis/index.html (+4ms) 
20:14:09   ├─ /Kannapolis/cabinet-services/index.html (+4ms) 
20:14:09   ├─ /Kannapolis/cabinet-services/cabinet-refinishing/index.html (+7ms) 
20:14:09   ├─ /Kannapolis/cabinet-services/cabinet-painting/index.html (+3ms) 
20:14:09   ├─ /Kannapolis/cabinet-services/storage-solutions/index.html (+2ms) 
20:14:09   ├─ /Kannapolis/cabinet-services/countertops-backsplash/index.html (+7ms) 
20:14:09   ├─ /Kannapolis/cabinet-services/uv-curing/index.html (+47ms) 
20:14:09   ├─ /Kannapolis/interior-painting/index.html (+6ms) 
20:14:09   ├─ /Kannapolis/interior-painting/full-interior-painting/index.html (+13ms) 
20:14:09   ├─ /Kannapolis/interior-painting/ceiling-services/index.html (+16ms) 
20:14:09   ├─ /Kannapolis/interior-painting/drywall-repair/index.html (+17ms) 
20:14:09   ├─ /Kannapolis/interior-painting/surface-preparation/index.html (+7ms) 
20:14:09   ├─ /Kannapolis/interior-painting/painter-for-a-day/index.html (+16ms) 
20:14:09   ├─ /Kannapolis/exterior-painting/index.html (+13ms) 
20:14:09   ├─ /Kannapolis/exterior-painting/exterior-house-painting/index.html (+12ms) 
20:14:09   ├─ /Kannapolis/exterior-painting/limewash/index.html (+8ms) 
20:14:09   ├─ /Kannapolis/exterior-painting/siding-repair/index.html (+30ms) 
20:14:09   ├─ /Kannapolis/exterior-painting/stucco-repair/index.html (+20ms) 
20:14:09   ├─ /Kannapolis/exterior-painting/deck-staining/index.html (+26ms) 
20:14:09   ├─ /Kannapolis/exterior-painting/metal-painting/index.html (+108ms) 
20:14:09   ├─ /Kannapolis/flooring/index.html (+23ms) 
20:14:09   ├─ /Kannapolis/flooring/floor-refinishing/index.html (+11ms) 
20:14:09   ├─ /Kannapolis/flooring/floor-sanding/index.html (+3ms) 
20:14:09   ├─ /Kannapolis/flooring/garage-floor-coatings/index.html (+16ms) 
20:14:09   ├─ /Kannapolis/flooring/concrete-flooring/index.html (+20ms) 
20:14:09   ├─ /Kannapolis/commercial-services/index.html (+17ms) 
20:14:09   ├─ /Kannapolis/commercial-services/commercial-painting/index.html (+75ms) 
20:14:09   ├─ /Kannapolis/commercial-services/multi-family-painting/index.html (+8ms) 
20:14:09   ├─ /Kannapolis/commercial-services/restoration-painting/index.html (+15ms) 
20:14:09   ├─ /Kannapolis/commercial-services/holiday-lighting/index.html (+7ms) 
20:14:09   ├─ /Kannapolis/28081/index.html (+15ms) 
20:14:10   ├─ /Kannapolis/28081/cabinet-services/index.html (+11ms) 
20:14:10   ├─ /Kannapolis/28081/cabinet-services/cabinet-refinishing/index.html (+9ms) 
20:14:10   ├─ /Kannapolis/28081/cabinet-services/cabinet-painting/index.html (+9ms) 
20:14:10   ├─ /Kannapolis/28081/cabinet-services/storage-solutions/index.html (+12ms) 
20:14:10   ├─ /Kannapolis/28081/cabinet-services/countertops-backsplash/index.html (+20ms) 
20:14:10   ├─ /Kannapolis/28081/cabinet-services/uv-curing/index.html (+5ms) 
20:14:10   ├─ /Kannapolis/28081/interior-painting/index.html (+4ms) 
20:14:10   ├─ /Kannapolis/28081/interior-painting/full-interior-painting/index.html (+3ms) 
20:14:10   ├─ /Kannapolis/28081/interior-painting/ceiling-services/index.html (+7ms) 
20:14:10   ├─ /Kannapolis/28081/interior-painting/drywall-repair/index.html (+9ms) 
20:14:10   ├─ /Kannapolis/28081/interior-painting/surface-preparation/index.html (+9ms) 
20:14:10   ├─ /Kannapolis/28081/interior-painting/painter-for-a-day/index.html (+43ms) 
20:14:10   ├─ /Kannapolis/28081/exterior-painting/index.html (+13ms) 
20:14:10   ├─ /Kannapolis/28081/exterior-painting/exterior-house-painting/index.html (+14ms) 
20:14:10   ├─ /Kannapolis/28081/exterior-painting/limewash/index.html (+13ms) 
20:14:10   ├─ /Kannapolis/28081/exterior-painting/siding-repair/index.html (+18ms) 
20:14:10   ├─ /Kannapolis/28081/exterior-painting/stucco-repair/index.html (+156ms) 
20:14:10   ├─ /Kannapolis/28081/exterior-painting/deck-staining/index.html (+27ms) 
20:14:10   ├─ /Kannapolis/28081/exterior-painting/metal-painting/index.html (+6ms) 
20:14:10   ├─ /Kannapolis/28081/flooring/index.html (+6ms) 
20:14:10   ├─ /Kannapolis/28081/flooring/floor-refinishing/index.html (+19ms) 
20:14:10   ├─ /Kannapolis/28081/flooring/floor-sanding/index.html (+9ms) 
20:14:10   ├─ /Kannapolis/28081/flooring/garage-floor-coatings/index.html (+13ms) 
20:14:10   ├─ /Kannapolis/28081/flooring/concrete-flooring/index.html (+13ms) 
20:14:10   ├─ /Kannapolis/28081/commercial-services/index.html (+7ms) 
20:14:10   ├─ /Kannapolis/28081/commercial-services/commercial-painting/index.html (+31ms) 
20:14:10   ├─ /Kannapolis/28081/commercial-services/multi-family-painting/index.html (+4ms) 
20:14:10   ├─ /Kannapolis/28081/commercial-services/restoration-painting/index.html (+7ms) 
20:14:10   ├─ /Kannapolis/28081/commercial-services/holiday-lighting/index.html (+6ms) 
20:14:10   ├─ /Kannapolis/28083/index.html (+10ms) 
20:14:10   ├─ /Kannapolis/28083/cabinet-services/index.html (+9ms) 
20:14:10   ├─ /Kannapolis/28083/cabinet-services/cabinet-refinishing/index.html (+7ms) 
20:14:10   ├─ /Kannapolis/28083/cabinet-services/cabinet-painting/index.html (+4ms) 
20:14:10   ├─ /Kannapolis/28083/cabinet-services/storage-solutions/index.html (+2ms) 
20:14:10   ├─ /Kannapolis/28083/cabinet-services/countertops-backsplash/index.html (+3ms) 
20:14:10   ├─ /Kannapolis/28083/cabinet-services/uv-curing/index.html (+15ms) 
20:14:10   ├─ /Kannapolis/28083/interior-painting/index.html (+3ms) 
20:14:10   ├─ /Kannapolis/28083/interior-painting/full-interior-painting/index.html (+3ms) 
20:14:10   ├─ /Kannapolis/28083/interior-painting/ceiling-services/index.html (+5ms) 
20:14:10   ├─ /Kannapolis/28083/interior-painting/drywall-repair/index.html (+3ms) 
20:14:10   ├─ /Kannapolis/28083/interior-painting/surface-preparation/index.html (+2ms) 
20:14:10   ├─ /Kannapolis/28083/interior-painting/painter-for-a-day/index.html (+2ms) 
20:14:10   ├─ /Kannapolis/28083/exterior-painting/index.html (+3ms) 
20:14:10   ├─ /Kannapolis/28083/exterior-painting/exterior-house-painting/index.html (+6ms) 
20:14:10   ├─ /Kannapolis/28083/exterior-painting/limewash/index.html (+3ms) 
20:14:10   ├─ /Kannapolis/28083/exterior-painting/siding-repair/index.html (+2ms) 
20:14:10   ├─ /Kannapolis/28083/exterior-painting/stucco-repair/index.html (+3ms) 
20:14:10   ├─ /Kannapolis/28083/exterior-painting/deck-staining/index.html (+3ms) 
20:14:10   ├─ /Kannapolis/28083/exterior-painting/metal-painting/index.html (+3ms) 
20:14:10   ├─ /Kannapolis/28083/flooring/index.html (+3ms) 
20:14:10   ├─ /Kannapolis/28083/flooring/floor-refinishing/index.html (+3ms) 
20:14:10   ├─ /Kannapolis/28083/flooring/floor-sanding/index.html (+4ms) 
20:14:10   ├─ /Kannapolis/28083/flooring/garage-floor-coatings/index.html (+2ms) 
20:14:10   ├─ /Kannapolis/28083/flooring/concrete-flooring/index.html (+3ms) 
20:14:10   ├─ /Kannapolis/28083/commercial-services/index.html (+6ms) 
20:14:10   ├─ /Kannapolis/28083/commercial-services/commercial-painting/index.html (+3ms) 
20:14:10   ├─ /Kannapolis/28083/commercial-services/multi-family-painting/index.html (+2ms) 
20:14:10   ├─ /Kannapolis/28083/commercial-services/restoration-painting/index.html (+3ms) 
20:14:10   ├─ /Kannapolis/28083/commercial-services/holiday-lighting/index.html (+2ms) 
20:14:10   ├─ /Lincolnton/index.html (+8ms) 
20:14:10   ├─ /Lincolnton/cabinet-services/index.html (+3ms) 
20:14:10   ├─ /Lincolnton/cabinet-services/cabinet-refinishing/index.html (+3ms) 
20:14:10   ├─ /Lincolnton/cabinet-services/cabinet-painting/index.html (+3ms) 
20:14:10   ├─ /Lincolnton/cabinet-services/storage-solutions/index.html (+2ms) 
20:14:10   ├─ /Lincolnton/cabinet-services/countertops-backsplash/index.html (+3ms) 
20:14:10   ├─ /Lincolnton/cabinet-services/uv-curing/index.html (+3ms) 
20:14:10   ├─ /Lincolnton/interior-painting/index.html (+2ms) 
20:14:10   ├─ /Lincolnton/interior-painting/full-interior-painting/index.html (+2ms) 
20:14:10   ├─ /Lincolnton/interior-painting/ceiling-services/index.html (+2ms) 
20:14:10   ├─ /Lincolnton/interior-painting/drywall-repair/index.html (+2ms) 
20:14:10   ├─ /Lincolnton/interior-painting/surface-preparation/index.html (+3ms) 
20:14:10   ├─ /Lincolnton/interior-painting/painter-for-a-day/index.html (+3ms) 
20:14:10   ├─ /Lincolnton/exterior-painting/index.html (+7ms) 
20:14:10   ├─ /Lincolnton/exterior-painting/exterior-house-painting/index.html (+4ms) 
20:14:10   ├─ /Lincolnton/exterior-painting/limewash/index.html (+2ms) 
20:14:10   ├─ /Lincolnton/exterior-painting/siding-repair/index.html (+2ms) 
20:14:10   ├─ /Lincolnton/exterior-painting/stucco-repair/index.html (+2ms) 
20:14:10   ├─ /Lincolnton/exterior-painting/deck-staining/index.html (+2ms) 
20:14:10   ├─ /Lincolnton/exterior-painting/metal-painting/index.html (+2ms) 
20:14:10   ├─ /Lincolnton/flooring/index.html (+3ms) 
20:14:10   ├─ /Lincolnton/flooring/floor-refinishing/index.html (+2ms) 
20:14:10   ├─ /Lincolnton/flooring/floor-sanding/index.html (+2ms) 
20:14:10   ├─ /Lincolnton/flooring/garage-floor-coatings/index.html (+6ms) 
20:14:10   ├─ /Lincolnton/flooring/concrete-flooring/index.html (+4ms) 
20:14:10   ├─ /Lincolnton/commercial-services/index.html (+4ms) 
20:14:10   ├─ /Lincolnton/commercial-services/commercial-painting/index.html (+4ms) 
20:14:10   ├─ /Lincolnton/commercial-services/multi-family-painting/index.html (+2ms) 
20:14:10   ├─ /Lincolnton/commercial-services/restoration-painting/index.html (+3ms) 
20:14:10   ├─ /Lincolnton/commercial-services/holiday-lighting/index.html (+4ms) 
20:14:10   ├─ /Lincolnton/28092/index.html (+3ms) 
20:14:10   ├─ /Lincolnton/28092/cabinet-services/index.html (+3ms) 
20:14:10   ├─ /Lincolnton/28092/cabinet-services/cabinet-refinishing/index.html (+3ms) 
20:14:10   ├─ /Lincolnton/28092/cabinet-services/cabinet-painting/index.html (+3ms) 
20:14:10   ├─ /Lincolnton/28092/cabinet-services/storage-solutions/index.html (+5ms) 
20:14:10   ├─ /Lincolnton/28092/cabinet-services/countertops-backsplash/index.html (+5ms) 
20:14:10   ├─ /Lincolnton/28092/cabinet-services/uv-curing/index.html (+5ms) 
20:14:10   ├─ /Lincolnton/28092/interior-painting/index.html (+4ms) 
20:14:10   ├─ /Lincolnton/28092/interior-painting/full-interior-painting/index.html (+6ms) 
20:14:10   ├─ /Lincolnton/28092/interior-painting/ceiling-services/index.html (+3ms) 
20:14:10   ├─ /Lincolnton/28092/interior-painting/drywall-repair/index.html (+2ms) 
20:14:10   ├─ /Lincolnton/28092/interior-painting/surface-preparation/index.html (+4ms) 
20:14:10   ├─ /Lincolnton/28092/interior-painting/painter-for-a-day/index.html (+2ms) 
20:14:10   ├─ /Lincolnton/28092/exterior-painting/index.html (+3ms) 
20:14:10   ├─ /Lincolnton/28092/exterior-painting/exterior-house-painting/index.html (+3ms) 
20:14:10   ├─ /Lincolnton/28092/exterior-painting/limewash/index.html (+3ms) 
20:14:10   ├─ /Lincolnton/28092/exterior-painting/siding-repair/index.html (+3ms) 
20:14:10   ├─ /Lincolnton/28092/exterior-painting/stucco-repair/index.html (+6ms) 
20:14:10   ├─ /Lincolnton/28092/exterior-painting/deck-staining/index.html (+4ms) 
20:14:10   ├─ /Lincolnton/28092/exterior-painting/metal-painting/index.html (+3ms) 
20:14:10   ├─ /Lincolnton/28092/flooring/index.html (+3ms) 
20:14:10   ├─ /Lincolnton/28092/flooring/floor-refinishing/index.html (+4ms) 
20:14:10   ├─ /Lincolnton/28092/flooring/floor-sanding/index.html (+4ms) 
20:14:10   ├─ /Lincolnton/28092/flooring/garage-floor-coatings/index.html (+5ms) 
20:14:10   ├─ /Lincolnton/28092/flooring/concrete-flooring/index.html (+3ms) 
20:14:10   ├─ /Lincolnton/28092/commercial-services/index.html (+4ms) 
20:14:10   ├─ /Lincolnton/28092/commercial-services/commercial-painting/index.html (+3ms) 
20:14:10   ├─ /Lincolnton/28092/commercial-services/multi-family-painting/index.html (+3ms) 
20:14:10   ├─ /Lincolnton/28092/commercial-services/restoration-painting/index.html (+5ms) 
20:14:10   ├─ /Lincolnton/28092/commercial-services/holiday-lighting/index.html (+7ms) 
20:14:10   ├─ /Matthews/index.html (+5ms) 
20:14:10   ├─ /Matthews/cabinet-services/index.html (+4ms) 
20:14:10   ├─ /Matthews/cabinet-services/cabinet-refinishing/index.html (+4ms) 
20:14:10   ├─ /Matthews/cabinet-services/cabinet-painting/index.html (+7ms) 
20:14:10   ├─ /Matthews/cabinet-services/storage-solutions/index.html (+4ms) 
20:14:10   ├─ /Matthews/cabinet-services/countertops-backsplash/index.html (+4ms) 
20:14:10   ├─ /Matthews/cabinet-services/uv-curing/index.html (+4ms) 
20:14:10   ├─ /Matthews/interior-painting/index.html (+4ms) 
20:14:10   ├─ /Matthews/interior-painting/full-interior-painting/index.html (+4ms) 
20:14:10   ├─ /Matthews/interior-painting/ceiling-services/index.html (+3ms) 
20:14:10   ├─ /Matthews/interior-painting/drywall-repair/index.html (+6ms) 
20:14:10   ├─ /Matthews/interior-painting/surface-preparation/index.html (+2ms) 
20:14:10   ├─ /Matthews/interior-painting/painter-for-a-day/index.html (+2ms) 
20:14:10   ├─ /Matthews/exterior-painting/index.html (+3ms) 
20:14:10   ├─ /Matthews/exterior-painting/exterior-house-painting/index.html (+4ms) 
20:14:10   ├─ /Matthews/exterior-painting/limewash/index.html (+8ms) 
20:14:10   ├─ /Matthews/exterior-painting/siding-repair/index.html (+5ms) 
20:14:10   ├─ /Matthews/exterior-painting/stucco-repair/index.html (+3ms) 
20:14:10   ├─ /Matthews/exterior-painting/deck-staining/index.html (+4ms) 
20:14:10   ├─ /Matthews/exterior-painting/metal-painting/index.html (+3ms) 
20:14:10   ├─ /Matthews/flooring/index.html (+2ms) 
20:14:10   ├─ /Matthews/flooring/floor-refinishing/index.html (+2ms) 
20:14:10   ├─ /Matthews/flooring/floor-sanding/index.html (+2ms) 
20:14:10   ├─ /Matthews/flooring/garage-floor-coatings/index.html (+2ms) 
20:14:10   ├─ /Matthews/flooring/concrete-flooring/index.html (+2ms) 
20:14:10   ├─ /Matthews/commercial-services/index.html (+2ms) 
20:14:10   ├─ /Matthews/commercial-services/commercial-painting/index.html (+2ms) 
20:14:10   ├─ /Matthews/commercial-services/multi-family-painting/index.html (+2ms) 
20:14:10   ├─ /Matthews/commercial-services/restoration-painting/index.html (+2ms) 
20:14:10   ├─ /Matthews/commercial-services/holiday-lighting/index.html (+2ms) 
20:14:10   ├─ /Matthews/Downtown-Matthews/index.html (+2ms) 
20:14:10   ├─ /Matthews/Downtown-Matthews/cabinet-services/index.html (+2ms) 
20:14:10   ├─ /Matthews/Downtown-Matthews/cabinet-services/cabinet-refinishing/index.html (+2ms) 
20:14:10   ├─ /Matthews/Downtown-Matthews/cabinet-services/cabinet-painting/index.html (+13ms) 
20:14:10   ├─ /Matthews/Downtown-Matthews/cabinet-services/storage-solutions/index.html (+3ms) 
20:14:10   ├─ /Matthews/Downtown-Matthews/cabinet-services/countertops-backsplash/index.html (+3ms) 
20:14:10   ├─ /Matthews/Downtown-Matthews/cabinet-services/uv-curing/index.html (+3ms) 
20:14:10   ├─ /Matthews/Downtown-Matthews/interior-painting/index.html (+3ms) 
20:14:10   ├─ /Matthews/Downtown-Matthews/interior-painting/full-interior-painting/index.html (+4ms) 
20:14:10   ├─ /Matthews/Downtown-Matthews/interior-painting/ceiling-services/index.html (+2ms) 
20:14:10   ├─ /Matthews/Downtown-Matthews/interior-painting/drywall-repair/index.html (+2ms) 
20:14:10   ├─ /Matthews/Downtown-Matthews/interior-painting/surface-preparation/index.html (+2ms) 
20:14:10   ├─ /Matthews/Downtown-Matthews/interior-painting/painter-for-a-day/index.html (+2ms) 
20:14:10   ├─ /Matthews/Downtown-Matthews/exterior-painting/index.html (+4ms) 
20:14:10   ├─ /Matthews/Downtown-Matthews/exterior-painting/exterior-house-painting/index.html (+2ms) 
20:14:10   ├─ /Matthews/Downtown-Matthews/exterior-painting/limewash/index.html (+2ms) 
20:14:10   ├─ /Matthews/Downtown-Matthews/exterior-painting/siding-repair/index.html (+2ms) 
20:14:10   ├─ /Matthews/Downtown-Matthews/exterior-painting/stucco-repair/index.html (+3ms) 
20:14:11   ├─ /Matthews/Downtown-Matthews/exterior-painting/deck-staining/index.html (+3ms) 
20:14:11   ├─ /Matthews/Downtown-Matthews/exterior-painting/metal-painting/index.html (+2ms) 
20:14:11   ├─ /Matthews/Downtown-Matthews/flooring/index.html (+2ms) 
20:14:11   ├─ /Matthews/Downtown-Matthews/flooring/floor-refinishing/index.html (+2ms) 
20:14:11   ├─ /Matthews/Downtown-Matthews/flooring/floor-sanding/index.html (+2ms) 
20:14:11   ├─ /Matthews/Downtown-Matthews/flooring/garage-floor-coatings/index.html (+2ms) 
20:14:11   ├─ /Matthews/Downtown-Matthews/flooring/concrete-flooring/index.html (+2ms) 
20:14:11   ├─ /Matthews/Downtown-Matthews/commercial-services/index.html (+8ms) 
20:14:11   ├─ /Matthews/Downtown-Matthews/commercial-services/commercial-painting/index.html (+2ms) 
20:14:11   ├─ /Matthews/Downtown-Matthews/commercial-services/multi-family-painting/index.html (+2ms) 
20:14:11   ├─ /Matthews/Downtown-Matthews/commercial-services/restoration-painting/index.html (+2ms) 
20:14:11   ├─ /Matthews/Downtown-Matthews/commercial-services/holiday-lighting/index.html (+2ms) 
20:14:11   ├─ /Matthews/Matthews-Commons/index.html (+5ms) 
20:14:11   ├─ /Matthews/Matthews-Commons/cabinet-services/index.html (+2ms) 
20:14:11   ├─ /Matthews/Matthews-Commons/cabinet-services/cabinet-refinishing/index.html (+1ms) 
20:14:11   ├─ /Matthews/Matthews-Commons/cabinet-services/cabinet-painting/index.html (+2ms) 
20:14:11   ├─ /Matthews/Matthews-Commons/cabinet-services/storage-solutions/index.html (+2ms) 
20:14:11   ├─ /Matthews/Matthews-Commons/cabinet-services/countertops-backsplash/index.html (+2ms) 
20:14:11   ├─ /Matthews/Matthews-Commons/cabinet-services/uv-curing/index.html (+1ms) 
20:14:11   ├─ /Matthews/Matthews-Commons/interior-painting/index.html (+2ms) 
20:14:11   ├─ /Matthews/Matthews-Commons/interior-painting/full-interior-painting/index.html (+1ms) 
20:14:11   ├─ /Matthews/Matthews-Commons/interior-painting/ceiling-services/index.html (+2ms) 
20:14:11   ├─ /Matthews/Matthews-Commons/interior-painting/drywall-repair/index.html (+2ms) 
20:14:11   ├─ /Matthews/Matthews-Commons/interior-painting/surface-preparation/index.html (+1ms) 
20:14:11   ├─ /Matthews/Matthews-Commons/interior-painting/painter-for-a-day/index.html (+2ms) 
20:14:11   ├─ /Matthews/Matthews-Commons/exterior-painting/index.html (+2ms) 
20:14:11   ├─ /Matthews/Matthews-Commons/exterior-painting/exterior-house-painting/index.html (+2ms) 
20:14:11   ├─ /Matthews/Matthews-Commons/exterior-painting/limewash/index.html (+4ms) 
20:14:11   ├─ /Matthews/Matthews-Commons/exterior-painting/siding-repair/index.html (+3ms) 
20:14:11   ├─ /Matthews/Matthews-Commons/exterior-painting/stucco-repair/index.html (+6ms) 
20:14:11   ├─ /Matthews/Matthews-Commons/exterior-painting/deck-staining/index.html (+2ms) 
20:14:11   ├─ /Matthews/Matthews-Commons/exterior-painting/metal-painting/index.html (+2ms) 
20:14:11   ├─ /Matthews/Matthews-Commons/flooring/index.html (+2ms) 
20:14:11   ├─ /Matthews/Matthews-Commons/flooring/floor-refinishing/index.html (+2ms) 
20:14:11   ├─ /Matthews/Matthews-Commons/flooring/floor-sanding/index.html (+2ms) 
20:14:11   ├─ /Matthews/Matthews-Commons/flooring/garage-floor-coatings/index.html (+2ms) 
20:14:11   ├─ /Matthews/Matthews-Commons/flooring/concrete-flooring/index.html (+2ms) 
20:14:11   ├─ /Matthews/Matthews-Commons/commercial-services/index.html (+2ms) 
20:14:11   ├─ /Matthews/Matthews-Commons/commercial-services/commercial-painting/index.html (+3ms) 
20:14:11   ├─ /Matthews/Matthews-Commons/commercial-services/multi-family-painting/index.html (+4ms) 
20:14:11   ├─ /Matthews/Matthews-Commons/commercial-services/restoration-painting/index.html (+2ms) 
20:14:11   ├─ /Matthews/Matthews-Commons/commercial-services/holiday-lighting/index.html (+2ms) 
20:14:11   ├─ /Matthews/28105/index.html (+2ms) 
20:14:11   ├─ /Matthews/28105/cabinet-services/index.html (+2ms) 
20:14:11   ├─ /Matthews/28105/cabinet-services/cabinet-refinishing/index.html (+2ms) 
20:14:11   ├─ /Matthews/28105/cabinet-services/cabinet-painting/index.html (+2ms) 
20:14:11   ├─ /Matthews/28105/cabinet-services/storage-solutions/index.html (+2ms) 
20:14:11   ├─ /Matthews/28105/cabinet-services/countertops-backsplash/index.html (+3ms) 
20:14:11   ├─ /Matthews/28105/cabinet-services/uv-curing/index.html (+2ms) 
20:14:11   ├─ /Matthews/28105/interior-painting/index.html (+2ms) 
20:14:11   ├─ /Matthews/28105/interior-painting/full-interior-painting/index.html (+2ms) 
20:14:11   ├─ /Matthews/28105/interior-painting/ceiling-services/index.html (+2ms) 
20:14:11   ├─ /Matthews/28105/interior-painting/drywall-repair/index.html (+56ms) 
20:14:11   ├─ /Matthews/28105/interior-painting/surface-preparation/index.html (+13ms) 
20:14:11   ├─ /Matthews/28105/interior-painting/painter-for-a-day/index.html (+9ms) 
20:14:11   ├─ /Matthews/28105/exterior-painting/index.html (+5ms) 
20:14:11   ├─ /Matthews/28105/exterior-painting/exterior-house-painting/index.html (+5ms) 
20:14:11   ├─ /Matthews/28105/exterior-painting/limewash/index.html (+8ms) 
20:14:11   ├─ /Matthews/28105/exterior-painting/siding-repair/index.html (+5ms) 
20:14:11   ├─ /Matthews/28105/exterior-painting/stucco-repair/index.html (+7ms) 
20:14:11   ├─ /Matthews/28105/exterior-painting/deck-staining/index.html (+6ms) 
20:14:11   ├─ /Matthews/28105/exterior-painting/metal-painting/index.html (+11ms) 
20:14:11   ├─ /Matthews/28105/flooring/index.html (+6ms) 
20:14:11   ├─ /Matthews/28105/flooring/floor-refinishing/index.html (+5ms) 
20:14:11   ├─ /Matthews/28105/flooring/floor-sanding/index.html (+3ms) 
20:14:11   ├─ /Matthews/28105/flooring/garage-floor-coatings/index.html (+10ms) 
20:14:11   ├─ /Matthews/28105/flooring/concrete-flooring/index.html (+11ms) 
20:14:11   ├─ /Matthews/28105/commercial-services/index.html (+8ms) 
20:14:11   ├─ /Matthews/28105/commercial-services/commercial-painting/index.html (+23ms) 
20:14:11   ├─ /Matthews/28105/commercial-services/multi-family-painting/index.html (+6ms) 
20:14:11   ├─ /Matthews/28105/commercial-services/restoration-painting/index.html (+54ms) 
20:14:11   ├─ /Matthews/28105/commercial-services/holiday-lighting/index.html (+2ms) 
20:14:11   ├─ /Matthews/28106/index.html (+3ms) 
20:14:11   ├─ /Matthews/28106/cabinet-services/index.html (+2ms) 
20:14:11   ├─ /Matthews/28106/cabinet-services/cabinet-refinishing/index.html (+2ms) 
20:14:11   ├─ /Matthews/28106/cabinet-services/cabinet-painting/index.html (+3ms) 
20:14:11   ├─ /Matthews/28106/cabinet-services/storage-solutions/index.html (+2ms) 
20:14:11   ├─ /Matthews/28106/cabinet-services/countertops-backsplash/index.html (+6ms) 
20:14:11   ├─ /Matthews/28106/cabinet-services/uv-curing/index.html (+2ms) 
20:14:11   ├─ /Matthews/28106/interior-painting/index.html (+9ms) 
20:14:11   ├─ /Matthews/28106/interior-painting/full-interior-painting/index.html (+6ms) 
20:14:11   ├─ /Matthews/28106/interior-painting/ceiling-services/index.html (+16ms) 
20:14:11   ├─ /Matthews/28106/interior-painting/drywall-repair/index.html (+11ms) 
20:14:11   ├─ /Matthews/28106/interior-painting/surface-preparation/index.html (+3ms) 
20:14:11   ├─ /Matthews/28106/interior-painting/painter-for-a-day/index.html (+2ms) 
20:14:11   ├─ /Matthews/28106/exterior-painting/index.html (+5ms) 
20:14:11   ├─ /Matthews/28106/exterior-painting/exterior-house-painting/index.html (+7ms) 
20:14:11   ├─ /Matthews/28106/exterior-painting/limewash/index.html (+3ms) 
20:14:11   ├─ /Matthews/28106/exterior-painting/siding-repair/index.html (+2ms) 
20:14:11   ├─ /Matthews/28106/exterior-painting/stucco-repair/index.html (+4ms) 
20:14:11   ├─ /Matthews/28106/exterior-painting/deck-staining/index.html (+11ms) 
20:14:11   ├─ /Matthews/28106/exterior-painting/metal-painting/index.html (+10ms) 
20:14:11   ├─ /Matthews/28106/flooring/index.html (+3ms) 
20:14:11   ├─ /Matthews/28106/flooring/floor-refinishing/index.html (+2ms) 
20:14:11   ├─ /Matthews/28106/flooring/floor-sanding/index.html (+3ms) 
20:14:11   ├─ /Matthews/28106/flooring/garage-floor-coatings/index.html (+4ms) 
20:14:11   ├─ /Matthews/28106/flooring/concrete-flooring/index.html (+8ms) 
20:14:11   ├─ /Matthews/28106/commercial-services/index.html (+3ms) 
20:14:11   ├─ /Matthews/28106/commercial-services/commercial-painting/index.html (+3ms) 
20:14:11   ├─ /Matthews/28106/commercial-services/multi-family-painting/index.html (+3ms) 
20:14:11   ├─ /Matthews/28106/commercial-services/restoration-painting/index.html (+2ms) 
20:14:11   ├─ /Matthews/28106/commercial-services/holiday-lighting/index.html (+4ms) 
20:14:11   ├─ /Monroe/index.html (+6ms) 
20:14:11   ├─ /Monroe/cabinet-services/index.html (+3ms) 
20:14:11   ├─ /Monroe/cabinet-services/cabinet-refinishing/index.html (+4ms) 
20:14:11   ├─ /Monroe/cabinet-services/cabinet-painting/index.html (+3ms) 
20:14:11   ├─ /Monroe/cabinet-services/storage-solutions/index.html (+4ms) 
20:14:11   ├─ /Monroe/cabinet-services/countertops-backsplash/index.html (+3ms) 
20:14:11   ├─ /Monroe/cabinet-services/uv-curing/index.html (+3ms) 
20:14:11   ├─ /Monroe/interior-painting/index.html (+3ms) 
20:14:11   ├─ /Monroe/interior-painting/full-interior-painting/index.html (+3ms) 
20:14:11   ├─ /Monroe/interior-painting/ceiling-services/index.html (+6ms) 
20:14:11   ├─ /Monroe/interior-painting/drywall-repair/index.html (+5ms) 
20:14:11   ├─ /Monroe/interior-painting/surface-preparation/index.html (+5ms) 
20:14:11   ├─ /Monroe/interior-painting/painter-for-a-day/index.html (+10ms) 
20:14:11   ├─ /Monroe/exterior-painting/index.html (+2ms) 
20:14:11   ├─ /Monroe/exterior-painting/exterior-house-painting/index.html (+2ms) 
20:14:11   ├─ /Monroe/exterior-painting/limewash/index.html (+3ms) 
20:14:11   ├─ /Monroe/exterior-painting/siding-repair/index.html (+8ms) 
20:14:11   ├─ /Monroe/exterior-painting/stucco-repair/index.html (+3ms) 
20:14:11   ├─ /Monroe/exterior-painting/deck-staining/index.html (+5ms) 
20:14:11   ├─ /Monroe/exterior-painting/metal-painting/index.html (+3ms) 
20:14:11   ├─ /Monroe/flooring/index.html (+3ms) 
20:14:11   ├─ /Monroe/flooring/floor-refinishing/index.html (+4ms) 
20:14:11   ├─ /Monroe/flooring/floor-sanding/index.html (+7ms) 
20:14:11   ├─ /Monroe/flooring/garage-floor-coatings/index.html (+6ms) 
20:14:11   ├─ /Monroe/flooring/concrete-flooring/index.html (+4ms) 
20:14:11   ├─ /Monroe/commercial-services/index.html (+4ms) 
20:14:11   ├─ /Monroe/commercial-services/commercial-painting/index.html (+4ms) 
20:14:11   ├─ /Monroe/commercial-services/multi-family-painting/index.html (+2ms) 
20:14:11   ├─ /Monroe/commercial-services/restoration-painting/index.html (+3ms) 
20:14:11   ├─ /Monroe/commercial-services/holiday-lighting/index.html (+4ms) 
20:14:11   ├─ /Monroe/Monroe-Historic-District/index.html (+5ms) 
20:14:11   ├─ /Monroe/Monroe-Historic-District/cabinet-services/index.html (+3ms) 
20:14:11   ├─ /Monroe/Monroe-Historic-District/cabinet-services/cabinet-refinishing/index.html (+2ms) 
20:14:11   ├─ /Monroe/Monroe-Historic-District/cabinet-services/cabinet-painting/index.html (+4ms) 
20:14:11   ├─ /Monroe/Monroe-Historic-District/cabinet-services/storage-solutions/index.html (+3ms) 
20:14:11   ├─ /Monroe/Monroe-Historic-District/cabinet-services/countertops-backsplash/index.html (+4ms) 
20:14:11   ├─ /Monroe/Monroe-Historic-District/cabinet-services/uv-curing/index.html (+3ms) 
20:14:11   ├─ /Monroe/Monroe-Historic-District/interior-painting/index.html (+4ms) 
20:14:11   ├─ /Monroe/Monroe-Historic-District/interior-painting/full-interior-painting/index.html (+11ms) 
20:14:11   ├─ /Monroe/Monroe-Historic-District/interior-painting/ceiling-services/index.html (+3ms) 
20:14:11   ├─ /Monroe/Monroe-Historic-District/interior-painting/drywall-repair/index.html (+2ms) 
20:14:11   ├─ /Monroe/Monroe-Historic-District/interior-painting/surface-preparation/index.html (+2ms) 
20:14:11   ├─ /Monroe/Monroe-Historic-District/interior-painting/painter-for-a-day/index.html (+3ms) 
20:14:11   ├─ /Monroe/Monroe-Historic-District/exterior-painting/index.html (+2ms) 
20:14:11   ├─ /Monroe/Monroe-Historic-District/exterior-painting/exterior-house-painting/index.html (+2ms) 
20:14:11   ├─ /Monroe/Monroe-Historic-District/exterior-painting/limewash/index.html (+2ms) 
20:14:11   ├─ /Monroe/Monroe-Historic-District/exterior-painting/siding-repair/index.html (+3ms) 
20:14:11   ├─ /Monroe/Monroe-Historic-District/exterior-painting/stucco-repair/index.html (+3ms) 
20:14:11   ├─ /Monroe/Monroe-Historic-District/exterior-painting/deck-staining/index.html (+3ms) 
20:14:11   ├─ /Monroe/Monroe-Historic-District/exterior-painting/metal-painting/index.html (+4ms) 
20:14:11   ├─ /Monroe/Monroe-Historic-District/flooring/index.html (+2ms) 
20:14:11   ├─ /Monroe/Monroe-Historic-District/flooring/floor-refinishing/index.html (+2ms) 
20:14:11   ├─ /Monroe/Monroe-Historic-District/flooring/floor-sanding/index.html (+2ms) 
20:14:11   ├─ /Monroe/Monroe-Historic-District/flooring/garage-floor-coatings/index.html (+3ms) 
20:14:11   ├─ /Monroe/Monroe-Historic-District/flooring/concrete-flooring/index.html (+3ms) 
20:14:11   ├─ /Monroe/Monroe-Historic-District/commercial-services/index.html (+4ms) 
20:14:11   ├─ /Monroe/Monroe-Historic-District/commercial-services/commercial-painting/index.html (+3ms) 
20:14:11   ├─ /Monroe/Monroe-Historic-District/commercial-services/multi-family-painting/index.html (+2ms) 
20:14:11   ├─ /Monroe/Monroe-Historic-District/commercial-services/restoration-painting/index.html (+2ms) 
20:14:11   ├─ /Monroe/Monroe-Historic-District/commercial-services/holiday-lighting/index.html (+4ms) 
20:14:11   ├─ /Monroe/Downtown-Monroe/index.html (+6ms) 
20:14:11   ├─ /Monroe/Downtown-Monroe/cabinet-services/index.html (+4ms) 
20:14:11   ├─ /Monroe/Downtown-Monroe/cabinet-services/cabinet-refinishing/index.html (+4ms) 
20:14:11   ├─ /Monroe/Downtown-Monroe/cabinet-services/cabinet-painting/index.html (+2ms) 
20:14:11   ├─ /Monroe/Downtown-Monroe/cabinet-services/storage-solutions/index.html (+2ms) 
20:14:11   ├─ /Monroe/Downtown-Monroe/cabinet-services/countertops-backsplash/index.html (+2ms) 
20:14:11   ├─ /Monroe/Downtown-Monroe/cabinet-services/uv-curing/index.html (+2ms) 
20:14:11   ├─ /Monroe/Downtown-Monroe/interior-painting/index.html (+2ms) 
20:14:11   ├─ /Monroe/Downtown-Monroe/interior-painting/full-interior-painting/index.html (+2ms) 
20:14:11   ├─ /Monroe/Downtown-Monroe/interior-painting/ceiling-services/index.html (+5ms) 
20:14:11   ├─ /Monroe/Downtown-Monroe/interior-painting/drywall-repair/index.html (+5ms) 
20:14:11   ├─ /Monroe/Downtown-Monroe/interior-painting/surface-preparation/index.html (+5ms) 
20:14:11   ├─ /Monroe/Downtown-Monroe/interior-painting/painter-for-a-day/index.html (+4ms) 
20:14:11   ├─ /Monroe/Downtown-Monroe/exterior-painting/index.html (+2ms) 
20:14:11   ├─ /Monroe/Downtown-Monroe/exterior-painting/exterior-house-painting/index.html (+2ms) 
20:14:11   ├─ /Monroe/Downtown-Monroe/exterior-painting/limewash/index.html (+3ms) 
20:14:11   ├─ /Monroe/Downtown-Monroe/exterior-painting/siding-repair/index.html (+2ms) 
20:14:11   ├─ /Monroe/Downtown-Monroe/exterior-painting/stucco-repair/index.html (+3ms) 
20:14:11   ├─ /Monroe/Downtown-Monroe/exterior-painting/deck-staining/index.html (+2ms) 
20:14:11   ├─ /Monroe/Downtown-Monroe/exterior-painting/metal-painting/index.html (+2ms) 
20:14:11   ├─ /Monroe/Downtown-Monroe/flooring/index.html (+3ms) 
20:14:11   ├─ /Monroe/Downtown-Monroe/flooring/floor-refinishing/index.html (+2ms) 
20:14:11   ├─ /Monroe/Downtown-Monroe/flooring/floor-sanding/index.html (+6ms) 
20:14:11   ├─ /Monroe/Downtown-Monroe/flooring/garage-floor-coatings/index.html (+3ms) 
20:14:11   ├─ /Monroe/Downtown-Monroe/flooring/concrete-flooring/index.html (+2ms) 
20:14:11   ├─ /Monroe/Downtown-Monroe/commercial-services/index.html (+4ms) 
20:14:11   ├─ /Monroe/Downtown-Monroe/commercial-services/commercial-painting/index.html (+3ms) 
20:14:11   ├─ /Monroe/Downtown-Monroe/commercial-services/multi-family-painting/index.html (+3ms) 
20:14:11   ├─ /Monroe/Downtown-Monroe/commercial-services/restoration-painting/index.html (+3ms) 
20:14:11   ├─ /Monroe/Downtown-Monroe/commercial-services/holiday-lighting/index.html (+3ms) 
20:14:11   ├─ /Monroe/28110/index.html (+3ms) 
20:14:11   ├─ /Monroe/28110/cabinet-services/index.html (+2ms) 
20:14:11   ├─ /Monroe/28110/cabinet-services/cabinet-refinishing/index.html (+2ms) 
20:14:11   ├─ /Monroe/28110/cabinet-services/cabinet-painting/index.html (+2ms) 
20:14:11   ├─ /Monroe/28110/cabinet-services/storage-solutions/index.html (+2ms) 
20:14:11   ├─ /Monroe/28110/cabinet-services/countertops-backsplash/index.html (+5ms) 
20:14:11   ├─ /Monroe/28110/cabinet-services/uv-curing/index.html (+5ms) 
20:14:11   ├─ /Monroe/28110/interior-painting/index.html (+3ms) 
20:14:11   ├─ /Monroe/28110/interior-painting/full-interior-painting/index.html (+3ms) 
20:14:11   ├─ /Monroe/28110/interior-painting/ceiling-services/index.html (+3ms) 
20:14:11   ├─ /Monroe/28110/interior-painting/drywall-repair/index.html (+3ms) 
20:14:11   ├─ /Monroe/28110/interior-painting/surface-preparation/index.html (+3ms) 
20:14:11   ├─ /Monroe/28110/interior-painting/painter-for-a-day/index.html (+3ms) 
20:14:11   ├─ /Monroe/28110/exterior-painting/index.html (+4ms) 
20:14:11   ├─ /Monroe/28110/exterior-painting/exterior-house-painting/index.html (+3ms) 
20:14:11   ├─ /Monroe/28110/exterior-painting/limewash/index.html (+6ms) 
20:14:11   ├─ /Monroe/28110/exterior-painting/siding-repair/index.html (+2ms) 
20:14:11   ├─ /Monroe/28110/exterior-painting/stucco-repair/index.html (+2ms) 
20:14:11   ├─ /Monroe/28110/exterior-painting/deck-staining/index.html (+2ms) 
20:14:11   ├─ /Monroe/28110/exterior-painting/metal-painting/index.html (+2ms) 
20:14:11   ├─ /Monroe/28110/flooring/index.html (+2ms) 
20:14:11   ├─ /Monroe/28110/flooring/floor-refinishing/index.html (+2ms) 
20:14:11   ├─ /Monroe/28110/flooring/floor-sanding/index.html (+2ms) 
20:14:11   ├─ /Monroe/28110/flooring/garage-floor-coatings/index.html (+2ms) 
20:14:11   ├─ /Monroe/28110/flooring/concrete-flooring/index.html (+3ms) 
20:14:11   ├─ /Monroe/28110/commercial-services/index.html (+2ms) 
20:14:11   ├─ /Monroe/28110/commercial-services/commercial-painting/index.html (+2ms) 
20:14:11   ├─ /Monroe/28110/commercial-services/multi-family-painting/index.html (+2ms) 
20:14:11   ├─ /Monroe/28110/commercial-services/restoration-painting/index.html (+2ms) 
20:14:11   ├─ /Monroe/28110/commercial-services/holiday-lighting/index.html (+2ms) 
20:14:11   ├─ /Monroe/28111/index.html (+2ms) 
20:14:11   ├─ /Monroe/28111/cabinet-services/index.html (+2ms) 
20:14:11   ├─ /Monroe/28111/cabinet-services/cabinet-refinishing/index.html (+2ms) 
20:14:11   ├─ /Monroe/28111/cabinet-services/cabinet-painting/index.html (+3ms) 
20:14:11   ├─ /Monroe/28111/cabinet-services/storage-solutions/index.html (+3ms) 
20:14:11   ├─ /Monroe/28111/cabinet-services/countertops-backsplash/index.html (+2ms) 
20:14:11   ├─ /Monroe/28111/cabinet-services/uv-curing/index.html (+3ms) 
20:14:11   ├─ /Monroe/28111/interior-painting/index.html (+2ms) 
20:14:11   ├─ /Monroe/28111/interior-painting/full-interior-painting/index.html (+2ms) 
20:14:11   ├─ /Monroe/28111/interior-painting/ceiling-services/index.html (+5ms) 
20:14:11   ├─ /Monroe/28111/interior-painting/drywall-repair/index.html (+2ms) 
20:14:11   ├─ /Monroe/28111/interior-painting/surface-preparation/index.html (+2ms) 
20:14:11   ├─ /Monroe/28111/interior-painting/painter-for-a-day/index.html (+2ms) 
20:14:11   ├─ /Monroe/28111/exterior-painting/index.html (+2ms) 
20:14:11   ├─ /Monroe/28111/exterior-painting/exterior-house-painting/index.html (+2ms) 
20:14:11   ├─ /Monroe/28111/exterior-painting/limewash/index.html (+2ms) 
20:14:11   ├─ /Monroe/28111/exterior-painting/siding-repair/index.html (+2ms) 
20:14:11   ├─ /Monroe/28111/exterior-painting/stucco-repair/index.html (+2ms) 
20:14:11   ├─ /Monroe/28111/exterior-painting/deck-staining/index.html (+2ms) 
20:14:11   ├─ /Monroe/28111/exterior-painting/metal-painting/index.html (+2ms) 
20:14:11   ├─ /Monroe/28111/flooring/index.html (+3ms) 
20:14:11   ├─ /Monroe/28111/flooring/floor-refinishing/index.html (+2ms) 
20:14:11   ├─ /Monroe/28111/flooring/floor-sanding/index.html (+2ms) 
20:14:11   ├─ /Monroe/28111/flooring/garage-floor-coatings/index.html (+2ms) 
20:14:11   ├─ /Monroe/28111/flooring/concrete-flooring/index.html (+2ms) 
20:14:11   ├─ /Monroe/28111/commercial-services/index.html (+2ms) 
20:14:11   ├─ /Monroe/28111/commercial-services/commercial-painting/index.html (+2ms) 
20:14:11   ├─ /Monroe/28111/commercial-services/multi-family-painting/index.html (+3ms) 
20:14:11   ├─ /Monroe/28111/commercial-services/restoration-painting/index.html (+2ms) 
20:14:11   ├─ /Monroe/28111/commercial-services/holiday-lighting/index.html (+3ms) 
20:14:11   ├─ /Monroe/28112/index.html (+3ms) 
20:14:11   ├─ /Monroe/28112/cabinet-services/index.html (+2ms) 
20:14:11   ├─ /Monroe/28112/cabinet-services/cabinet-refinishing/index.html (+2ms) 
20:14:12   ├─ /Monroe/28112/cabinet-services/cabinet-painting/index.html (+4ms) 
20:14:12   ├─ /Monroe/28112/cabinet-services/storage-solutions/index.html (+2ms) 
20:14:12   ├─ /Monroe/28112/cabinet-services/countertops-backsplash/index.html (+2ms) 
20:14:12   ├─ /Monroe/28112/cabinet-services/uv-curing/index.html (+2ms) 
20:14:12   ├─ /Monroe/28112/interior-painting/index.html (+2ms) 
20:14:12   ├─ /Monroe/28112/interior-painting/full-interior-painting/index.html (+3ms) 
20:14:12   ├─ /Monroe/28112/interior-painting/ceiling-services/index.html (+3ms) 
20:14:12   ├─ /Monroe/28112/interior-painting/drywall-repair/index.html (+2ms) 
20:14:12   ├─ /Monroe/28112/interior-painting/surface-preparation/index.html (+2ms) 
20:14:12   ├─ /Monroe/28112/interior-painting/painter-for-a-day/index.html (+2ms) 
20:14:12   ├─ /Monroe/28112/exterior-painting/index.html (+2ms) 
20:14:12   ├─ /Monroe/28112/exterior-painting/exterior-house-painting/index.html (+2ms) 
20:14:12   ├─ /Monroe/28112/exterior-painting/limewash/index.html (+2ms) 
20:14:12   ├─ /Monroe/28112/exterior-painting/siding-repair/index.html (+2ms) 
20:14:12   ├─ /Monroe/28112/exterior-painting/stucco-repair/index.html (+2ms) 
20:14:12   ├─ /Monroe/28112/exterior-painting/deck-staining/index.html (+2ms) 
20:14:12   ├─ /Monroe/28112/exterior-painting/metal-painting/index.html (+3ms) 
20:14:12   ├─ /Monroe/28112/flooring/index.html (+2ms) 
20:14:12   ├─ /Monroe/28112/flooring/floor-refinishing/index.html (+3ms) 
20:14:12   ├─ /Monroe/28112/flooring/floor-sanding/index.html (+4ms) 
20:14:12   ├─ /Monroe/28112/flooring/garage-floor-coatings/index.html (+4ms) 
20:14:12   ├─ /Monroe/28112/flooring/concrete-flooring/index.html (+5ms) 
20:14:12   ├─ /Monroe/28112/commercial-services/index.html (+5ms) 
20:14:12   ├─ /Monroe/28112/commercial-services/commercial-painting/index.html (+2ms) 
20:14:12   ├─ /Monroe/28112/commercial-services/multi-family-painting/index.html (+6ms) 
20:14:12   ├─ /Monroe/28112/commercial-services/restoration-painting/index.html (+3ms) 
20:14:12   ├─ /Monroe/28112/commercial-services/holiday-lighting/index.html (+6ms) 
20:14:12   ├─ /Wesley-Chapel/index.html (+2ms) 
20:14:12   ├─ /Wesley-Chapel/cabinet-services/index.html (+2ms) 
20:14:12   ├─ /Wesley-Chapel/cabinet-services/cabinet-refinishing/index.html (+2ms) 
20:14:12   ├─ /Wesley-Chapel/cabinet-services/cabinet-painting/index.html (+3ms) 
20:14:12   ├─ /Wesley-Chapel/cabinet-services/storage-solutions/index.html (+2ms) 
20:14:12   ├─ /Wesley-Chapel/cabinet-services/countertops-backsplash/index.html (+2ms) 
20:14:12   ├─ /Wesley-Chapel/cabinet-services/uv-curing/index.html (+3ms) 
20:14:12   ├─ /Wesley-Chapel/interior-painting/index.html (+3ms) 
20:14:12   ├─ /Wesley-Chapel/interior-painting/full-interior-painting/index.html (+3ms) 
20:14:12   ├─ /Wesley-Chapel/interior-painting/ceiling-services/index.html (+3ms) 
20:14:12   ├─ /Wesley-Chapel/interior-painting/drywall-repair/index.html (+2ms) 
20:14:12   ├─ /Wesley-Chapel/interior-painting/surface-preparation/index.html (+3ms) 
20:14:12   ├─ /Wesley-Chapel/interior-painting/painter-for-a-day/index.html (+4ms) 
20:14:12   ├─ /Wesley-Chapel/exterior-painting/index.html (+3ms) 
20:14:12   ├─ /Wesley-Chapel/exterior-painting/exterior-house-painting/index.html (+4ms) 
20:14:12   ├─ /Wesley-Chapel/exterior-painting/limewash/index.html (+5ms) 
20:14:12   ├─ /Wesley-Chapel/exterior-painting/siding-repair/index.html (+2ms) 
20:14:12   ├─ /Wesley-Chapel/exterior-painting/stucco-repair/index.html (+3ms) 
20:14:12   ├─ /Wesley-Chapel/exterior-painting/deck-staining/index.html (+2ms) 
20:14:12   ├─ /Wesley-Chapel/exterior-painting/metal-painting/index.html (+4ms) 
20:14:12   ├─ /Wesley-Chapel/flooring/index.html (+8ms) 
20:14:12   ├─ /Wesley-Chapel/flooring/floor-refinishing/index.html (+2ms) 
20:14:12   ├─ /Wesley-Chapel/flooring/floor-sanding/index.html (+4ms) 
20:14:12   ├─ /Wesley-Chapel/flooring/garage-floor-coatings/index.html (+3ms) 
20:14:12   ├─ /Wesley-Chapel/flooring/concrete-flooring/index.html (+2ms) 
20:14:12   ├─ /Wesley-Chapel/commercial-services/index.html (+3ms) 
20:14:12   ├─ /Wesley-Chapel/commercial-services/commercial-painting/index.html (+2ms) 
20:14:12   ├─ /Wesley-Chapel/commercial-services/multi-family-painting/index.html (+5ms) 
20:14:12   ├─ /Wesley-Chapel/commercial-services/restoration-painting/index.html (+3ms) 
20:14:12   ├─ /Wesley-Chapel/commercial-services/holiday-lighting/index.html (+2ms) 
20:14:12   ├─ /Wesley-Chapel/Monroe-Historic-District/index.html (+2ms) 
20:14:12   ├─ /Wesley-Chapel/Monroe-Historic-District/cabinet-services/index.html (+4ms) 
20:14:12   ├─ /Wesley-Chapel/Monroe-Historic-District/cabinet-services/cabinet-refinishing/index.html (+4ms) 
20:14:12   ├─ /Wesley-Chapel/Monroe-Historic-District/cabinet-services/cabinet-painting/index.html (+5ms) 
20:14:12   ├─ /Wesley-Chapel/Monroe-Historic-District/cabinet-services/storage-solutions/index.html (+6ms) 
20:14:12   ├─ /Wesley-Chapel/Monroe-Historic-District/cabinet-services/countertops-backsplash/index.html (+3ms) 
20:14:12   ├─ /Wesley-Chapel/Monroe-Historic-District/cabinet-services/uv-curing/index.html (+2ms) 
20:14:12   ├─ /Wesley-Chapel/Monroe-Historic-District/interior-painting/index.html (+2ms) 
20:14:12   ├─ /Wesley-Chapel/Monroe-Historic-District/interior-painting/full-interior-painting/index.html (+4ms) 
20:14:12   ├─ /Wesley-Chapel/Monroe-Historic-District/interior-painting/ceiling-services/index.html (+4ms) 
20:14:12   ├─ /Wesley-Chapel/Monroe-Historic-District/interior-painting/drywall-repair/index.html (+6ms) 
20:14:12   ├─ /Wesley-Chapel/Monroe-Historic-District/interior-painting/surface-preparation/index.html (+3ms) 
20:14:12   ├─ /Wesley-Chapel/Monroe-Historic-District/interior-painting/painter-for-a-day/index.html (+11ms) 
20:14:12   ├─ /Wesley-Chapel/Monroe-Historic-District/exterior-painting/index.html (+3ms) 
20:14:12   ├─ /Wesley-Chapel/Monroe-Historic-District/exterior-painting/exterior-house-painting/index.html (+2ms) 
20:14:12   ├─ /Wesley-Chapel/Monroe-Historic-District/exterior-painting/limewash/index.html (+2ms) 
20:14:12   ├─ /Wesley-Chapel/Monroe-Historic-District/exterior-painting/siding-repair/index.html (+2ms) 
20:14:12   ├─ /Wesley-Chapel/Monroe-Historic-District/exterior-painting/stucco-repair/index.html (+4ms) 
20:14:12   ├─ /Wesley-Chapel/Monroe-Historic-District/exterior-painting/deck-staining/index.html (+4ms) 
20:14:12   ├─ /Wesley-Chapel/Monroe-Historic-District/exterior-painting/metal-painting/index.html (+2ms) 
20:14:12   ├─ /Wesley-Chapel/Monroe-Historic-District/flooring/index.html (+3ms) 
20:14:12   ├─ /Wesley-Chapel/Monroe-Historic-District/flooring/floor-refinishing/index.html (+2ms) 
20:14:12   ├─ /Wesley-Chapel/Monroe-Historic-District/flooring/floor-sanding/index.html (+2ms) 
20:14:12   ├─ /Wesley-Chapel/Monroe-Historic-District/flooring/garage-floor-coatings/index.html (+2ms) 
20:14:12   ├─ /Wesley-Chapel/Monroe-Historic-District/flooring/concrete-flooring/index.html (+2ms) 
20:14:12   ├─ /Wesley-Chapel/Monroe-Historic-District/commercial-services/index.html (+2ms) 
20:14:12   ├─ /Wesley-Chapel/Monroe-Historic-District/commercial-services/commercial-painting/index.html (+2ms) 
20:14:12   ├─ /Wesley-Chapel/Monroe-Historic-District/commercial-services/multi-family-painting/index.html (+2ms) 
20:14:12   ├─ /Wesley-Chapel/Monroe-Historic-District/commercial-services/restoration-painting/index.html (+4ms) 
20:14:12   ├─ /Wesley-Chapel/Monroe-Historic-District/commercial-services/holiday-lighting/index.html (+2ms) 
20:14:12   ├─ /Wesley-Chapel/28110/index.html (+2ms) 
20:14:12   ├─ /Wesley-Chapel/28110/cabinet-services/index.html (+2ms) 
20:14:12   ├─ /Wesley-Chapel/28110/cabinet-services/cabinet-refinishing/index.html (+2ms) 
20:14:12   ├─ /Wesley-Chapel/28110/cabinet-services/cabinet-painting/index.html (+2ms) 
20:14:12   ├─ /Wesley-Chapel/28110/cabinet-services/storage-solutions/index.html (+9ms) 
20:14:12   ├─ /Wesley-Chapel/28110/cabinet-services/countertops-backsplash/index.html (+2ms) 
20:14:12   ├─ /Wesley-Chapel/28110/cabinet-services/uv-curing/index.html (+2ms) 
20:14:12   ├─ /Wesley-Chapel/28110/interior-painting/index.html (+2ms) 
20:14:12   ├─ /Wesley-Chapel/28110/interior-painting/full-interior-painting/index.html (+2ms) 
20:14:12   ├─ /Wesley-Chapel/28110/interior-painting/ceiling-services/index.html (+6ms) 
20:14:12   ├─ /Wesley-Chapel/28110/interior-painting/drywall-repair/index.html (+3ms) 
20:14:12   ├─ /Wesley-Chapel/28110/interior-painting/surface-preparation/index.html (+2ms) 
20:14:12   ├─ /Wesley-Chapel/28110/interior-painting/painter-for-a-day/index.html (+2ms) 
20:14:12   ├─ /Wesley-Chapel/28110/exterior-painting/index.html (+2ms) 
20:14:12   ├─ /Wesley-Chapel/28110/exterior-painting/exterior-house-painting/index.html (+2ms) 
20:14:12   ├─ /Wesley-Chapel/28110/exterior-painting/limewash/index.html (+2ms) 
20:14:12   ├─ /Wesley-Chapel/28110/exterior-painting/siding-repair/index.html (+2ms) 
20:14:12   ├─ /Wesley-Chapel/28110/exterior-painting/stucco-repair/index.html (+3ms) 
20:14:12   ├─ /Wesley-Chapel/28110/exterior-painting/deck-staining/index.html (+3ms) 
20:14:12   ├─ /Wesley-Chapel/28110/exterior-painting/metal-painting/index.html (+9ms) 
20:14:12   ├─ /Wesley-Chapel/28110/flooring/index.html (+4ms) 
20:14:12   ├─ /Wesley-Chapel/28110/flooring/floor-refinishing/index.html (+6ms) 
20:14:12   ├─ /Wesley-Chapel/28110/flooring/floor-sanding/index.html (+3ms) 
20:14:12   ├─ /Wesley-Chapel/28110/flooring/garage-floor-coatings/index.html (+6ms) 
20:14:12   ├─ /Wesley-Chapel/28110/flooring/concrete-flooring/index.html (+8ms) 
20:14:12   ├─ /Wesley-Chapel/28110/commercial-services/index.html (+6ms) 
20:14:12   ├─ /Wesley-Chapel/28110/commercial-services/commercial-painting/index.html (+7ms) 
20:14:12   ├─ /Wesley-Chapel/28110/commercial-services/multi-family-painting/index.html (+5ms) 
20:14:12   ├─ /Wesley-Chapel/28110/commercial-services/restoration-painting/index.html (+9ms) 
20:14:12   ├─ /Wesley-Chapel/28110/commercial-services/holiday-lighting/index.html (+8ms) 
20:14:12   ├─ /Mineral-Springs/index.html (+4ms) 
20:14:12   ├─ /Mineral-Springs/cabinet-services/index.html (+7ms) 
20:14:12   ├─ /Mineral-Springs/cabinet-services/cabinet-refinishing/index.html (+2ms) 
20:14:12   ├─ /Mineral-Springs/cabinet-services/cabinet-painting/index.html (+18ms) 
20:14:12   ├─ /Mineral-Springs/cabinet-services/storage-solutions/index.html (+4ms) 
20:14:12   ├─ /Mineral-Springs/cabinet-services/countertops-backsplash/index.html (+5ms) 
20:14:12   ├─ /Mineral-Springs/cabinet-services/uv-curing/index.html (+6ms) 
20:14:12   ├─ /Mineral-Springs/interior-painting/index.html (+13ms) 
20:14:12   ├─ /Mineral-Springs/interior-painting/full-interior-painting/index.html (+37ms) 
20:14:12   ├─ /Mineral-Springs/interior-painting/ceiling-services/index.html (+6ms) 
20:14:12   ├─ /Mineral-Springs/interior-painting/drywall-repair/index.html (+26ms) 
20:14:12   ├─ /Mineral-Springs/interior-painting/surface-preparation/index.html (+24ms) 
20:14:12   ├─ /Mineral-Springs/interior-painting/painter-for-a-day/index.html (+10ms) 
20:14:12   ├─ /Mineral-Springs/exterior-painting/index.html (+14ms) 
20:14:12   ├─ /Mineral-Springs/exterior-painting/exterior-house-painting/index.html (+6ms) 
20:14:12   ├─ /Mineral-Springs/exterior-painting/limewash/index.html (+7ms) 
20:14:12   ├─ /Mineral-Springs/exterior-painting/siding-repair/index.html (+6ms) 
20:14:12   ├─ /Mineral-Springs/exterior-painting/stucco-repair/index.html (+8ms) 
20:14:12   ├─ /Mineral-Springs/exterior-painting/deck-staining/index.html (+9ms) 
20:14:12   ├─ /Mineral-Springs/exterior-painting/metal-painting/index.html (+8ms) 
20:14:12   ├─ /Mineral-Springs/flooring/index.html (+24ms) 
20:14:12   ├─ /Mineral-Springs/flooring/floor-refinishing/index.html (+5ms) 
20:14:12   ├─ /Mineral-Springs/flooring/floor-sanding/index.html (+10ms) 
20:14:12   ├─ /Mineral-Springs/flooring/garage-floor-coatings/index.html (+10ms) 
20:14:12   ├─ /Mineral-Springs/flooring/concrete-flooring/index.html (+5ms) 
20:14:12   ├─ /Mineral-Springs/commercial-services/index.html (+5ms) 
20:14:12   ├─ /Mineral-Springs/commercial-services/commercial-painting/index.html (+3ms) 
20:14:12   ├─ /Mineral-Springs/commercial-services/multi-family-painting/index.html (+4ms) 
20:14:12   ├─ /Mineral-Springs/commercial-services/restoration-painting/index.html (+5ms) 
20:14:12   ├─ /Mineral-Springs/commercial-services/holiday-lighting/index.html (+5ms) 
20:14:12   ├─ /Mineral-Springs/Downtown-Monroe/index.html (+4ms) 
20:14:12   ├─ /Mineral-Springs/Downtown-Monroe/cabinet-services/index.html (+6ms) 
20:14:12   ├─ /Mineral-Springs/Downtown-Monroe/cabinet-services/cabinet-refinishing/index.html (+5ms) 
20:14:12   ├─ /Mineral-Springs/Downtown-Monroe/cabinet-services/cabinet-painting/index.html (+9ms) 
20:14:12   ├─ /Mineral-Springs/Downtown-Monroe/cabinet-services/storage-solutions/index.html (+4ms) 
20:14:12   ├─ /Mineral-Springs/Downtown-Monroe/cabinet-services/countertops-backsplash/index.html (+8ms) 
20:14:12   ├─ /Mineral-Springs/Downtown-Monroe/cabinet-services/uv-curing/index.html (+5ms) 
20:14:12   ├─ /Mineral-Springs/Downtown-Monroe/interior-painting/index.html (+16ms) 
20:14:12   ├─ /Mineral-Springs/Downtown-Monroe/interior-painting/full-interior-painting/index.html (+8ms) 
20:14:12   ├─ /Mineral-Springs/Downtown-Monroe/interior-painting/ceiling-services/index.html (+3ms) 
20:14:12   ├─ /Mineral-Springs/Downtown-Monroe/interior-painting/drywall-repair/index.html (+8ms) 
20:14:12   ├─ /Mineral-Springs/Downtown-Monroe/interior-painting/surface-preparation/index.html (+5ms) 
20:14:12   ├─ /Mineral-Springs/Downtown-Monroe/interior-painting/painter-for-a-day/index.html (+14ms) 
20:14:12   ├─ /Mineral-Springs/Downtown-Monroe/exterior-painting/index.html (+5ms) 
20:14:12   ├─ /Mineral-Springs/Downtown-Monroe/exterior-painting/exterior-house-painting/index.html (+7ms) 
20:14:12   ├─ /Mineral-Springs/Downtown-Monroe/exterior-painting/limewash/index.html (+7ms) 
20:14:12   ├─ /Mineral-Springs/Downtown-Monroe/exterior-painting/siding-repair/index.html (+5ms) 
20:14:12   ├─ /Mineral-Springs/Downtown-Monroe/exterior-painting/stucco-repair/index.html (+10ms) 
20:14:12   ├─ /Mineral-Springs/Downtown-Monroe/exterior-painting/deck-staining/index.html (+9ms) 
20:14:12   ├─ /Mineral-Springs/Downtown-Monroe/exterior-painting/metal-painting/index.html (+4ms) 
20:14:12   ├─ /Mineral-Springs/Downtown-Monroe/flooring/index.html (+3ms) 
20:14:12   ├─ /Mineral-Springs/Downtown-Monroe/flooring/floor-refinishing/index.html (+4ms) 
20:14:12   ├─ /Mineral-Springs/Downtown-Monroe/flooring/floor-sanding/index.html (+7ms) 
20:14:12   ├─ /Mineral-Springs/Downtown-Monroe/flooring/garage-floor-coatings/index.html (+3ms) 
20:14:12   ├─ /Mineral-Springs/Downtown-Monroe/flooring/concrete-flooring/index.html (+4ms) 
20:14:12   ├─ /Mineral-Springs/Downtown-Monroe/commercial-services/index.html (+7ms) 
20:14:12   ├─ /Mineral-Springs/Downtown-Monroe/commercial-services/commercial-painting/index.html (+5ms) 
20:14:12   ├─ /Mineral-Springs/Downtown-Monroe/commercial-services/multi-family-painting/index.html (+4ms) 
20:14:12   ├─ /Mineral-Springs/Downtown-Monroe/commercial-services/restoration-painting/index.html (+5ms) 
20:14:12   ├─ /Mineral-Springs/Downtown-Monroe/commercial-services/holiday-lighting/index.html (+3ms) 
20:14:12   ├─ /Mineral-Springs/Monroe-Historic-District/index.html (+3ms) 
20:14:12   ├─ /Mineral-Springs/Monroe-Historic-District/cabinet-services/index.html (+4ms) 
20:14:12   ├─ /Mineral-Springs/Monroe-Historic-District/cabinet-services/cabinet-refinishing/index.html (+4ms) 
20:14:12   ├─ /Mineral-Springs/Monroe-Historic-District/cabinet-services/cabinet-painting/index.html (+3ms) 
20:14:12   ├─ /Mineral-Springs/Monroe-Historic-District/cabinet-services/storage-solutions/index.html (+6ms) 
20:14:12   ├─ /Mineral-Springs/Monroe-Historic-District/cabinet-services/countertops-backsplash/index.html (+3ms) 
20:14:12   ├─ /Mineral-Springs/Monroe-Historic-District/cabinet-services/uv-curing/index.html (+4ms) 
20:14:12   ├─ /Mineral-Springs/Monroe-Historic-District/interior-painting/index.html (+10ms) 
20:14:12   ├─ /Mineral-Springs/Monroe-Historic-District/interior-painting/full-interior-painting/index.html (+4ms) 
20:14:12   ├─ /Mineral-Springs/Monroe-Historic-District/interior-painting/ceiling-services/index.html (+3ms) 
20:14:12   ├─ /Mineral-Springs/Monroe-Historic-District/interior-painting/drywall-repair/index.html (+4ms) 
20:14:12   ├─ /Mineral-Springs/Monroe-Historic-District/interior-painting/surface-preparation/index.html (+4ms) 
20:14:12   ├─ /Mineral-Springs/Monroe-Historic-District/interior-painting/painter-for-a-day/index.html (+3ms) 
20:14:12   ├─ /Mineral-Springs/Monroe-Historic-District/exterior-painting/index.html (+3ms) 
20:14:12   ├─ /Mineral-Springs/Monroe-Historic-District/exterior-painting/exterior-house-painting/index.html (+3ms) 
20:14:12   ├─ /Mineral-Springs/Monroe-Historic-District/exterior-painting/limewash/index.html (+3ms) 
20:14:12   ├─ /Mineral-Springs/Monroe-Historic-District/exterior-painting/siding-repair/index.html (+4ms) 
20:14:12   ├─ /Mineral-Springs/Monroe-Historic-District/exterior-painting/stucco-repair/index.html (+4ms) 
20:14:12   ├─ /Mineral-Springs/Monroe-Historic-District/exterior-painting/deck-staining/index.html (+4ms) 
20:14:12   ├─ /Mineral-Springs/Monroe-Historic-District/exterior-painting/metal-painting/index.html (+4ms) 
20:14:12   ├─ /Mineral-Springs/Monroe-Historic-District/flooring/index.html (+3ms) 
20:14:12   ├─ /Mineral-Springs/Monroe-Historic-District/flooring/floor-refinishing/index.html (+3ms) 
20:14:12   ├─ /Mineral-Springs/Monroe-Historic-District/flooring/floor-sanding/index.html (+3ms) 
20:14:12   ├─ /Mineral-Springs/Monroe-Historic-District/flooring/garage-floor-coatings/index.html (+3ms) 
20:14:12   ├─ /Mineral-Springs/Monroe-Historic-District/flooring/concrete-flooring/index.html (+4ms) 
20:14:12   ├─ /Mineral-Springs/Monroe-Historic-District/commercial-services/index.html (+6ms) 
20:14:12   ├─ /Mineral-Springs/Monroe-Historic-District/commercial-services/commercial-painting/index.html (+3ms) 
20:14:12   ├─ /Mineral-Springs/Monroe-Historic-District/commercial-services/multi-family-painting/index.html (+3ms) 
20:14:12   ├─ /Mineral-Springs/Monroe-Historic-District/commercial-services/restoration-painting/index.html (+3ms) 
20:14:13   ├─ /Mineral-Springs/Monroe-Historic-District/commercial-services/holiday-lighting/index.html (+2ms) 
20:14:13   ├─ /Mineral-Springs/28111/index.html (+3ms) 
20:14:13   ├─ /Mineral-Springs/28111/cabinet-services/index.html (+3ms) 
20:14:13   ├─ /Mineral-Springs/28111/cabinet-services/cabinet-refinishing/index.html (+2ms) 
20:14:13   ├─ /Mineral-Springs/28111/cabinet-services/cabinet-painting/index.html (+3ms) 
20:14:13   ├─ /Mineral-Springs/28111/cabinet-services/storage-solutions/index.html (+2ms) 
20:14:13   ├─ /Mineral-Springs/28111/cabinet-services/countertops-backsplash/index.html (+3ms) 
20:14:13   ├─ /Mineral-Springs/28111/cabinet-services/uv-curing/index.html (+2ms) 
20:14:13   ├─ /Mineral-Springs/28111/interior-painting/index.html (+2ms) 
20:14:13   ├─ /Mineral-Springs/28111/interior-painting/full-interior-painting/index.html (+2ms) 
20:14:13   ├─ /Mineral-Springs/28111/interior-painting/ceiling-services/index.html (+3ms) 
20:14:13   ├─ /Mineral-Springs/28111/interior-painting/drywall-repair/index.html (+3ms) 
20:14:13   ├─ /Mineral-Springs/28111/interior-painting/surface-preparation/index.html (+2ms) 
20:14:13   ├─ /Mineral-Springs/28111/interior-painting/painter-for-a-day/index.html (+2ms) 
20:14:13   ├─ /Mineral-Springs/28111/exterior-painting/index.html (+2ms) 
20:14:13   ├─ /Mineral-Springs/28111/exterior-painting/exterior-house-painting/index.html (+2ms) 
20:14:13   ├─ /Mineral-Springs/28111/exterior-painting/limewash/index.html (+2ms) 
20:14:13   ├─ /Mineral-Springs/28111/exterior-painting/siding-repair/index.html (+2ms) 
20:14:13   ├─ /Mineral-Springs/28111/exterior-painting/stucco-repair/index.html (+2ms) 
20:14:13   ├─ /Mineral-Springs/28111/exterior-painting/deck-staining/index.html (+11ms) 
20:14:13   ├─ /Mineral-Springs/28111/exterior-painting/metal-painting/index.html (+4ms) 
20:14:13   ├─ /Mineral-Springs/28111/flooring/index.html (+4ms) 
20:14:13   ├─ /Mineral-Springs/28111/flooring/floor-refinishing/index.html (+2ms) 
20:14:13   ├─ /Mineral-Springs/28111/flooring/floor-sanding/index.html (+3ms) 
20:14:13   ├─ /Mineral-Springs/28111/flooring/garage-floor-coatings/index.html (+5ms) 
20:14:13   ├─ /Mineral-Springs/28111/flooring/concrete-flooring/index.html (+3ms) 
20:14:13   ├─ /Mineral-Springs/28111/commercial-services/index.html (+3ms) 
20:14:13   ├─ /Mineral-Springs/28111/commercial-services/commercial-painting/index.html (+3ms) 
20:14:13   ├─ /Mineral-Springs/28111/commercial-services/multi-family-painting/index.html (+3ms) 
20:14:13   ├─ /Mineral-Springs/28111/commercial-services/restoration-painting/index.html (+3ms) 
20:14:13   ├─ /Mineral-Springs/28111/commercial-services/holiday-lighting/index.html (+6ms) 
20:14:13   ├─ /Mineral-Springs/28112/index.html (+3ms) 
20:14:13   ├─ /Mineral-Springs/28112/cabinet-services/index.html (+3ms) 
20:14:13   ├─ /Mineral-Springs/28112/cabinet-services/cabinet-refinishing/index.html (+2ms) 
20:14:13   ├─ /Mineral-Springs/28112/cabinet-services/cabinet-painting/index.html (+2ms) 
20:14:13   ├─ /Mineral-Springs/28112/cabinet-services/storage-solutions/index.html (+3ms) 
20:14:13   ├─ /Mineral-Springs/28112/cabinet-services/countertops-backsplash/index.html (+3ms) 
20:14:13   ├─ /Mineral-Springs/28112/cabinet-services/uv-curing/index.html (+3ms) 
20:14:13   ├─ /Mineral-Springs/28112/interior-painting/index.html (+3ms) 
20:14:13   ├─ /Mineral-Springs/28112/interior-painting/full-interior-painting/index.html (+2ms) 
20:14:13   ├─ /Mineral-Springs/28112/interior-painting/ceiling-services/index.html (+2ms) 
20:14:13   ├─ /Mineral-Springs/28112/interior-painting/drywall-repair/index.html (+2ms) 
20:14:13   ├─ /Mineral-Springs/28112/interior-painting/surface-preparation/index.html (+2ms) 
20:14:13   ├─ /Mineral-Springs/28112/interior-painting/painter-for-a-day/index.html (+5ms) 
20:14:13   ├─ /Mineral-Springs/28112/exterior-painting/index.html (+3ms) 
20:14:13   ├─ /Mineral-Springs/28112/exterior-painting/exterior-house-painting/index.html (+5ms) 
20:14:13   ├─ /Mineral-Springs/28112/exterior-painting/limewash/index.html (+2ms) 
20:14:13   ├─ /Mineral-Springs/28112/exterior-painting/siding-repair/index.html (+2ms) 
20:14:13   ├─ /Mineral-Springs/28112/exterior-painting/stucco-repair/index.html (+3ms) 
20:14:13   ├─ /Mineral-Springs/28112/exterior-painting/deck-staining/index.html (+2ms) 
20:14:13   ├─ /Mineral-Springs/28112/exterior-painting/metal-painting/index.html (+3ms) 
20:14:13   ├─ /Mineral-Springs/28112/flooring/index.html (+2ms) 
20:14:13   ├─ /Mineral-Springs/28112/flooring/floor-refinishing/index.html (+3ms) 
20:14:13   ├─ /Mineral-Springs/28112/flooring/floor-sanding/index.html (+2ms) 
20:14:13   ├─ /Mineral-Springs/28112/flooring/garage-floor-coatings/index.html (+3ms) 
20:14:13   ├─ /Mineral-Springs/28112/flooring/concrete-flooring/index.html (+3ms) 
20:14:13   ├─ /Mineral-Springs/28112/commercial-services/index.html (+2ms) 
20:14:13   ├─ /Mineral-Springs/28112/commercial-services/commercial-painting/index.html (+2ms) 
20:14:13   ├─ /Mineral-Springs/28112/commercial-services/multi-family-painting/index.html (+2ms) 
20:14:13   ├─ /Mineral-Springs/28112/commercial-services/restoration-painting/index.html (+4ms) 
20:14:13   ├─ /Mineral-Springs/28112/commercial-services/holiday-lighting/index.html (+4ms) 
20:14:13   ├─ /Mooresville/index.html (+3ms) 
20:14:13   ├─ /Mooresville/cabinet-services/index.html (+2ms) 
20:14:13   ├─ /Mooresville/cabinet-services/cabinet-refinishing/index.html (+2ms) 
20:14:13   ├─ /Mooresville/cabinet-services/cabinet-painting/index.html (+2ms) 
20:14:13   ├─ /Mooresville/cabinet-services/storage-solutions/index.html (+2ms) 
20:14:13   ├─ /Mooresville/cabinet-services/countertops-backsplash/index.html (+2ms) 
20:14:13   ├─ /Mooresville/cabinet-services/uv-curing/index.html (+5ms) 
20:14:13   ├─ /Mooresville/interior-painting/index.html (+4ms) 
20:14:13   ├─ /Mooresville/interior-painting/full-interior-painting/index.html (+4ms) 
20:14:13   ├─ /Mooresville/interior-painting/ceiling-services/index.html (+3ms) 
20:14:13   ├─ /Mooresville/interior-painting/drywall-repair/index.html (+2ms) 
20:14:13   ├─ /Mooresville/interior-painting/surface-preparation/index.html (+2ms) 
20:14:13   ├─ /Mooresville/interior-painting/painter-for-a-day/index.html (+2ms) 
20:14:13   ├─ /Mooresville/exterior-painting/index.html (+3ms) 
20:14:13   ├─ /Mooresville/exterior-painting/exterior-house-painting/index.html (+3ms) 
20:14:13   ├─ /Mooresville/exterior-painting/limewash/index.html (+4ms) 
20:14:13   ├─ /Mooresville/exterior-painting/siding-repair/index.html (+3ms) 
20:14:13   ├─ /Mooresville/exterior-painting/stucco-repair/index.html (+2ms) 
20:14:13   ├─ /Mooresville/exterior-painting/deck-staining/index.html (+2ms) 
20:14:13   ├─ /Mooresville/exterior-painting/metal-painting/index.html (+2ms) 
20:14:13   ├─ /Mooresville/flooring/index.html (+3ms) 
20:14:13   ├─ /Mooresville/flooring/floor-refinishing/index.html (+4ms) 
20:14:13   ├─ /Mooresville/flooring/floor-sanding/index.html (+3ms) 
20:14:13   ├─ /Mooresville/flooring/garage-floor-coatings/index.html (+2ms) 
20:14:13   ├─ /Mooresville/flooring/concrete-flooring/index.html (+2ms) 
20:14:13   ├─ /Mooresville/commercial-services/index.html (+2ms) 
20:14:13   ├─ /Mooresville/commercial-services/commercial-painting/index.html (+2ms) 
20:14:13   ├─ /Mooresville/commercial-services/multi-family-painting/index.html (+2ms) 
20:14:13   ├─ /Mooresville/commercial-services/restoration-painting/index.html (+2ms) 
20:14:13   ├─ /Mooresville/commercial-services/holiday-lighting/index.html (+8ms) 
20:14:13   ├─ /Mooresville/28115/index.html (+2ms) 
20:14:13   ├─ /Mooresville/28115/cabinet-services/index.html (+3ms) 
20:14:13   ├─ /Mooresville/28115/cabinet-services/cabinet-refinishing/index.html (+3ms) 
20:14:13   ├─ /Mooresville/28115/cabinet-services/cabinet-painting/index.html (+3ms) 
20:14:13   ├─ /Mooresville/28115/cabinet-services/storage-solutions/index.html (+6ms) 
20:14:13   ├─ /Mooresville/28115/cabinet-services/countertops-backsplash/index.html (+4ms) 
20:14:13   ├─ /Mooresville/28115/cabinet-services/uv-curing/index.html (+4ms) 
20:14:13   ├─ /Mooresville/28115/interior-painting/index.html (+5ms) 
20:14:13   ├─ /Mooresville/28115/interior-painting/full-interior-painting/index.html (+6ms) 
20:14:13   ├─ /Mooresville/28115/interior-painting/ceiling-services/index.html (+3ms) 
20:14:13   ├─ /Mooresville/28115/interior-painting/drywall-repair/index.html (+3ms) 
20:14:13   ├─ /Mooresville/28115/interior-painting/surface-preparation/index.html (+5ms) 
20:14:13   ├─ /Mooresville/28115/interior-painting/painter-for-a-day/index.html (+3ms) 
20:14:13   ├─ /Mooresville/28115/exterior-painting/index.html (+2ms) 
20:14:13   ├─ /Mooresville/28115/exterior-painting/exterior-house-painting/index.html (+2ms) 
20:14:13   ├─ /Mooresville/28115/exterior-painting/limewash/index.html (+2ms) 
20:14:13   ├─ /Mooresville/28115/exterior-painting/siding-repair/index.html (+2ms) 
20:14:13   ├─ /Mooresville/28115/exterior-painting/stucco-repair/index.html (+2ms) 
20:14:13   ├─ /Mooresville/28115/exterior-painting/deck-staining/index.html (+3ms) 
20:14:13   ├─ /Mooresville/28115/exterior-painting/metal-painting/index.html (+2ms) 
20:14:13   ├─ /Mooresville/28115/flooring/index.html (+2ms) 
20:14:13   ├─ /Mooresville/28115/flooring/floor-refinishing/index.html (+2ms) 
20:14:13   ├─ /Mooresville/28115/flooring/floor-sanding/index.html (+4ms) 
20:14:13   ├─ /Mooresville/28115/flooring/garage-floor-coatings/index.html (+8ms) 
20:14:13   ├─ /Mooresville/28115/flooring/concrete-flooring/index.html (+3ms) 
20:14:13   ├─ /Mooresville/28115/commercial-services/index.html (+11ms) 
20:14:13   ├─ /Mooresville/28115/commercial-services/commercial-painting/index.html (+9ms) 
20:14:13   ├─ /Mooresville/28115/commercial-services/multi-family-painting/index.html (+6ms) 
20:14:13   ├─ /Mooresville/28115/commercial-services/restoration-painting/index.html (+3ms) 
20:14:13   ├─ /Mooresville/28115/commercial-services/holiday-lighting/index.html (+3ms) 
20:14:13   ├─ /Mooresville/28117/index.html (+6ms) 
20:14:13   ├─ /Mooresville/28117/cabinet-services/index.html (+3ms) 
20:14:13   ├─ /Mooresville/28117/cabinet-services/cabinet-refinishing/index.html (+2ms) 
20:14:13   ├─ /Mooresville/28117/cabinet-services/cabinet-painting/index.html (+3ms) 
20:14:13   ├─ /Mooresville/28117/cabinet-services/storage-solutions/index.html (+5ms) 
20:14:13   ├─ /Mooresville/28117/cabinet-services/countertops-backsplash/index.html (+3ms) 
20:14:13   ├─ /Mooresville/28117/cabinet-services/uv-curing/index.html (+4ms) 
20:14:13   ├─ /Mooresville/28117/interior-painting/index.html (+6ms) 
20:14:13   ├─ /Mooresville/28117/interior-painting/full-interior-painting/index.html (+2ms) 
20:14:13   ├─ /Mooresville/28117/interior-painting/ceiling-services/index.html (+2ms) 
20:14:13   ├─ /Mooresville/28117/interior-painting/drywall-repair/index.html (+4ms) 
20:14:13   ├─ /Mooresville/28117/interior-painting/surface-preparation/index.html (+15ms) 
20:14:13   ├─ /Mooresville/28117/interior-painting/painter-for-a-day/index.html (+5ms) 
20:14:13   ├─ /Mooresville/28117/exterior-painting/index.html (+7ms) 
20:14:13   ├─ /Mooresville/28117/exterior-painting/exterior-house-painting/index.html (+3ms) 
20:14:13   ├─ /Mooresville/28117/exterior-painting/limewash/index.html (+7ms) 
20:14:13   ├─ /Mooresville/28117/exterior-painting/siding-repair/index.html (+4ms) 
20:14:13   ├─ /Mooresville/28117/exterior-painting/stucco-repair/index.html (+30ms) 
20:14:13   ├─ /Mooresville/28117/exterior-painting/deck-staining/index.html (+2ms) 
20:14:13   ├─ /Mooresville/28117/exterior-painting/metal-painting/index.html (+2ms) 
20:14:13   ├─ /Mooresville/28117/flooring/index.html (+2ms) 
20:14:13   ├─ /Mooresville/28117/flooring/floor-refinishing/index.html (+2ms) 
20:14:13   ├─ /Mooresville/28117/flooring/floor-sanding/index.html (+2ms) 
20:14:13   ├─ /Mooresville/28117/flooring/garage-floor-coatings/index.html (+2ms) 
20:14:13   ├─ /Mooresville/28117/flooring/concrete-flooring/index.html (+2ms) 
20:14:13   ├─ /Mooresville/28117/commercial-services/index.html (+2ms) 
20:14:13   ├─ /Mooresville/28117/commercial-services/commercial-painting/index.html (+2ms) 
20:14:13   ├─ /Mooresville/28117/commercial-services/multi-family-painting/index.html (+7ms) 
20:14:13   ├─ /Mooresville/28117/commercial-services/restoration-painting/index.html (+2ms) 
20:14:13   ├─ /Mooresville/28117/commercial-services/holiday-lighting/index.html (+2ms) 
20:14:13   ├─ /Mount-Holly/index.html (+3ms) 
20:14:13   ├─ /Mount-Holly/cabinet-services/index.html (+2ms) 
20:14:13   ├─ /Mount-Holly/cabinet-services/cabinet-refinishing/index.html (+2ms) 
20:14:13   ├─ /Mount-Holly/cabinet-services/cabinet-painting/index.html (+2ms) 
20:14:13   ├─ /Mount-Holly/cabinet-services/storage-solutions/index.html (+4ms) 
20:14:13   ├─ /Mount-Holly/cabinet-services/countertops-backsplash/index.html (+3ms) 
20:14:13   ├─ /Mount-Holly/cabinet-services/uv-curing/index.html (+3ms) 
20:14:13   ├─ /Mount-Holly/interior-painting/index.html (+6ms) 
20:14:13   ├─ /Mount-Holly/interior-painting/full-interior-painting/index.html (+5ms) 
20:14:13   ├─ /Mount-Holly/interior-painting/ceiling-services/index.html (+5ms) 
20:14:13   ├─ /Mount-Holly/interior-painting/drywall-repair/index.html (+8ms) 
20:14:13   ├─ /Mount-Holly/interior-painting/surface-preparation/index.html (+5ms) 
20:14:13   ├─ /Mount-Holly/interior-painting/painter-for-a-day/index.html (+4ms) 
20:14:13   ├─ /Mount-Holly/exterior-painting/index.html (+6ms) 
20:14:13   ├─ /Mount-Holly/exterior-painting/exterior-house-painting/index.html (+3ms) 
20:14:13   ├─ /Mount-Holly/exterior-painting/limewash/index.html (+4ms) 
20:14:13   ├─ /Mount-Holly/exterior-painting/siding-repair/index.html (+5ms) 
20:14:13   ├─ /Mount-Holly/exterior-painting/stucco-repair/index.html (+6ms) 
20:14:13   ├─ /Mount-Holly/exterior-painting/deck-staining/index.html (+3ms) 
20:14:13   ├─ /Mount-Holly/exterior-painting/metal-painting/index.html (+5ms) 
20:14:13   ├─ /Mount-Holly/flooring/index.html (+3ms) 
20:14:13   ├─ /Mount-Holly/flooring/floor-refinishing/index.html (+5ms) 
20:14:13   ├─ /Mount-Holly/flooring/floor-sanding/index.html (+3ms) 
20:14:13   ├─ /Mount-Holly/flooring/garage-floor-coatings/index.html (+3ms) 
20:14:13   ├─ /Mount-Holly/flooring/concrete-flooring/index.html (+4ms) 
20:14:13   ├─ /Mount-Holly/commercial-services/index.html (+7ms) 
20:14:13   ├─ /Mount-Holly/commercial-services/commercial-painting/index.html (+6ms) 
20:14:13   ├─ /Mount-Holly/commercial-services/multi-family-painting/index.html (+7ms) 
20:14:13   ├─ /Mount-Holly/commercial-services/restoration-painting/index.html (+4ms) 
20:14:13   ├─ /Mount-Holly/commercial-services/holiday-lighting/index.html (+7ms) 
20:14:13   ├─ /Mount-Holly/28120/index.html (+6ms) 
20:14:13   ├─ /Mount-Holly/28120/cabinet-services/index.html (+11ms) 
20:14:13   ├─ /Mount-Holly/28120/cabinet-services/cabinet-refinishing/index.html (+10ms) 
20:14:13   ├─ /Mount-Holly/28120/cabinet-services/cabinet-painting/index.html (+14ms) 
20:14:13   ├─ /Mount-Holly/28120/cabinet-services/storage-solutions/index.html (+10ms) 
20:14:13   ├─ /Mount-Holly/28120/cabinet-services/countertops-backsplash/index.html (+3ms) 
20:14:13   ├─ /Mount-Holly/28120/cabinet-services/uv-curing/index.html (+3ms) 
20:14:13   ├─ /Mount-Holly/28120/interior-painting/index.html (+5ms) 
20:14:13   ├─ /Mount-Holly/28120/interior-painting/full-interior-painting/index.html (+6ms) 
20:14:13   ├─ /Mount-Holly/28120/interior-painting/ceiling-services/index.html (+9ms) 
20:14:13   ├─ /Mount-Holly/28120/interior-painting/drywall-repair/index.html (+10ms) 
20:14:13   ├─ /Mount-Holly/28120/interior-painting/surface-preparation/index.html (+12ms) 
20:14:13   ├─ /Mount-Holly/28120/interior-painting/painter-for-a-day/index.html (+17ms) 
20:14:13   ├─ /Mount-Holly/28120/exterior-painting/index.html (+19ms) 
20:14:13   ├─ /Mount-Holly/28120/exterior-painting/exterior-house-painting/index.html (+11ms) 
20:14:13   ├─ /Mount-Holly/28120/exterior-painting/limewash/index.html (+3ms) 
20:14:13   ├─ /Mount-Holly/28120/exterior-painting/siding-repair/index.html (+4ms) 
20:14:13   ├─ /Mount-Holly/28120/exterior-painting/stucco-repair/index.html (+4ms) 
20:14:13   ├─ /Mount-Holly/28120/exterior-painting/deck-staining/index.html (+6ms) 
20:14:13   ├─ /Mount-Holly/28120/exterior-painting/metal-painting/index.html (+5ms) 
20:14:13   ├─ /Mount-Holly/28120/flooring/index.html (+3ms) 
20:14:13   ├─ /Mount-Holly/28120/flooring/floor-refinishing/index.html (+4ms) 
20:14:13   ├─ /Mount-Holly/28120/flooring/floor-sanding/index.html (+5ms) 
20:14:13   ├─ /Mount-Holly/28120/flooring/garage-floor-coatings/index.html (+4ms) 
20:14:13   ├─ /Mount-Holly/28120/flooring/concrete-flooring/index.html (+3ms) 
20:14:13   ├─ /Mount-Holly/28120/commercial-services/index.html (+4ms) 
20:14:13   ├─ /Mount-Holly/28120/commercial-services/commercial-painting/index.html (+4ms) 
20:14:13   ├─ /Mount-Holly/28120/commercial-services/multi-family-painting/index.html (+3ms) 
20:14:13   ├─ /Mount-Holly/28120/commercial-services/restoration-painting/index.html (+11ms) 
20:14:13   ├─ /Mount-Holly/28120/commercial-services/holiday-lighting/index.html (+3ms) 
20:14:13   ├─ /Pineville/index.html (+4ms) 
20:14:13   ├─ /Pineville/cabinet-services/index.html (+5ms) 
20:14:13   ├─ /Pineville/cabinet-services/cabinet-refinishing/index.html (+7ms) 
20:14:13   ├─ /Pineville/cabinet-services/cabinet-painting/index.html (+3ms) 
20:14:13   ├─ /Pineville/cabinet-services/storage-solutions/index.html (+4ms) 
20:14:13   ├─ /Pineville/cabinet-services/countertops-backsplash/index.html (+4ms) 
20:14:13   ├─ /Pineville/cabinet-services/uv-curing/index.html (+7ms) 
20:14:13   ├─ /Pineville/interior-painting/index.html (+5ms) 
20:14:13   ├─ /Pineville/interior-painting/full-interior-painting/index.html (+3ms) 
20:14:13   ├─ /Pineville/interior-painting/ceiling-services/index.html (+3ms) 
20:14:13   ├─ /Pineville/interior-painting/drywall-repair/index.html (+3ms) 
20:14:13   ├─ /Pineville/interior-painting/surface-preparation/index.html (+3ms) 
20:14:13   ├─ /Pineville/interior-painting/painter-for-a-day/index.html (+3ms) 
20:14:13   ├─ /Pineville/exterior-painting/index.html (+6ms) 
20:14:13   ├─ /Pineville/exterior-painting/exterior-house-painting/index.html (+3ms) 
20:14:13   ├─ /Pineville/exterior-painting/limewash/index.html (+3ms) 
20:14:13   ├─ /Pineville/exterior-painting/siding-repair/index.html (+3ms) 
20:14:13   ├─ /Pineville/exterior-painting/stucco-repair/index.html (+2ms) 
20:14:13   ├─ /Pineville/exterior-painting/deck-staining/index.html (+3ms) 
20:14:13   ├─ /Pineville/exterior-painting/metal-painting/index.html (+3ms) 
20:14:13   ├─ /Pineville/flooring/index.html (+4ms) 
20:14:13   ├─ /Pineville/flooring/floor-refinishing/index.html (+8ms) 
20:14:13   ├─ /Pineville/flooring/floor-sanding/index.html (+3ms) 
20:14:13   ├─ /Pineville/flooring/garage-floor-coatings/index.html (+3ms) 
20:14:13   ├─ /Pineville/flooring/concrete-flooring/index.html (+5ms) 
20:14:13   ├─ /Pineville/commercial-services/index.html (+12ms) 
20:14:13   ├─ /Pineville/commercial-services/commercial-painting/index.html (+5ms) 
20:14:14   ├─ /Pineville/commercial-services/multi-family-painting/index.html (+7ms) 
20:14:14   ├─ /Pineville/commercial-services/restoration-painting/index.html (+3ms) 
20:14:14   ├─ /Pineville/commercial-services/holiday-lighting/index.html (+3ms) 
20:14:14   ├─ /Pineville/Pineville-Commons/index.html (+4ms) 
20:14:14   ├─ /Pineville/Pineville-Commons/cabinet-services/index.html (+4ms) 
20:14:14   ├─ /Pineville/Pineville-Commons/cabinet-services/cabinet-refinishing/index.html (+7ms) 
20:14:14   ├─ /Pineville/Pineville-Commons/cabinet-services/cabinet-painting/index.html (+4ms) 
20:14:14   ├─ /Pineville/Pineville-Commons/cabinet-services/storage-solutions/index.html (+5ms) 
20:14:14   ├─ /Pineville/Pineville-Commons/cabinet-services/countertops-backsplash/index.html (+13ms) 
20:14:14   ├─ /Pineville/Pineville-Commons/cabinet-services/uv-curing/index.html (+3ms) 
20:14:14   ├─ /Pineville/Pineville-Commons/interior-painting/index.html (+4ms) 
20:14:14   ├─ /Pineville/Pineville-Commons/interior-painting/full-interior-painting/index.html (+4ms) 
20:14:14   ├─ /Pineville/Pineville-Commons/interior-painting/ceiling-services/index.html (+3ms) 
20:14:14   ├─ /Pineville/Pineville-Commons/interior-painting/drywall-repair/index.html (+2ms) 
20:14:14   ├─ /Pineville/Pineville-Commons/interior-painting/surface-preparation/index.html (+3ms) 
20:14:14   ├─ /Pineville/Pineville-Commons/interior-painting/painter-for-a-day/index.html (+3ms) 
20:14:14   ├─ /Pineville/Pineville-Commons/exterior-painting/index.html (+6ms) 
20:14:14   ├─ /Pineville/Pineville-Commons/exterior-painting/exterior-house-painting/index.html (+6ms) 
20:14:14   ├─ /Pineville/Pineville-Commons/exterior-painting/limewash/index.html (+5ms) 
20:14:14   ├─ /Pineville/Pineville-Commons/exterior-painting/siding-repair/index.html (+5ms) 
20:14:14   ├─ /Pineville/Pineville-Commons/exterior-painting/stucco-repair/index.html (+3ms) 
20:14:14   ├─ /Pineville/Pineville-Commons/exterior-painting/deck-staining/index.html (+4ms) 
20:14:14   ├─ /Pineville/Pineville-Commons/exterior-painting/metal-painting/index.html (+3ms) 
20:14:14   ├─ /Pineville/Pineville-Commons/flooring/index.html (+4ms) 
20:14:14   ├─ /Pineville/Pineville-Commons/flooring/floor-refinishing/index.html (+4ms) 
20:14:14   ├─ /Pineville/Pineville-Commons/flooring/floor-sanding/index.html (+7ms) 
20:14:14   ├─ /Pineville/Pineville-Commons/flooring/garage-floor-coatings/index.html (+4ms) 
20:14:14   ├─ /Pineville/Pineville-Commons/flooring/concrete-flooring/index.html (+2ms) 
20:14:14   ├─ /Pineville/Pineville-Commons/commercial-services/index.html (+3ms) 
20:14:14   ├─ /Pineville/Pineville-Commons/commercial-services/commercial-painting/index.html (+2ms) 
20:14:14   ├─ /Pineville/Pineville-Commons/commercial-services/multi-family-painting/index.html (+4ms) 
20:14:14   ├─ /Pineville/Pineville-Commons/commercial-services/restoration-painting/index.html (+3ms) 
20:14:14   ├─ /Pineville/Pineville-Commons/commercial-services/holiday-lighting/index.html (+4ms) 
20:14:14   ├─ /Pineville/28134/index.html (+2ms) 
20:14:14   ├─ /Pineville/28134/cabinet-services/index.html (+2ms) 
20:14:14   ├─ /Pineville/28134/cabinet-services/cabinet-refinishing/index.html (+3ms) 
20:14:14   ├─ /Pineville/28134/cabinet-services/cabinet-painting/index.html (+2ms) 
20:14:14   ├─ /Pineville/28134/cabinet-services/storage-solutions/index.html (+2ms) 
20:14:14   ├─ /Pineville/28134/cabinet-services/countertops-backsplash/index.html (+5ms) 
20:14:14   ├─ /Pineville/28134/cabinet-services/uv-curing/index.html (+4ms) 
20:14:14   ├─ /Pineville/28134/interior-painting/index.html (+7ms) 
20:14:14   ├─ /Pineville/28134/interior-painting/full-interior-painting/index.html (+2ms) 
20:14:14   ├─ /Pineville/28134/interior-painting/ceiling-services/index.html (+2ms) 
20:14:14   ├─ /Pineville/28134/interior-painting/drywall-repair/index.html (+5ms) 
20:14:14   ├─ /Pineville/28134/interior-painting/surface-preparation/index.html (+3ms) 
20:14:14   ├─ /Pineville/28134/interior-painting/painter-for-a-day/index.html (+3ms) 
20:14:14   ├─ /Pineville/28134/exterior-painting/index.html (+3ms) 
20:14:14   ├─ /Pineville/28134/exterior-painting/exterior-house-painting/index.html (+4ms) 
20:14:14   ├─ /Pineville/28134/exterior-painting/limewash/index.html (+4ms) 
20:14:14   ├─ /Pineville/28134/exterior-painting/siding-repair/index.html (+5ms) 
20:14:14   ├─ /Pineville/28134/exterior-painting/stucco-repair/index.html (+6ms) 
20:14:14   ├─ /Pineville/28134/exterior-painting/deck-staining/index.html (+5ms) 
20:14:14   ├─ /Pineville/28134/exterior-painting/metal-painting/index.html (+3ms) 
20:14:14   ├─ /Pineville/28134/flooring/index.html (+10ms) 
20:14:14   ├─ /Pineville/28134/flooring/floor-refinishing/index.html (+4ms) 
20:14:14   ├─ /Pineville/28134/flooring/floor-sanding/index.html (+6ms) 
20:14:14   ├─ /Pineville/28134/flooring/garage-floor-coatings/index.html (+3ms) 
20:14:14   ├─ /Pineville/28134/flooring/concrete-flooring/index.html (+4ms) 
20:14:14   ├─ /Pineville/28134/commercial-services/index.html (+3ms) 
20:14:14   ├─ /Pineville/28134/commercial-services/commercial-painting/index.html (+5ms) 
20:14:14   ├─ /Pineville/28134/commercial-services/multi-family-painting/index.html (+7ms) 
20:14:14   ├─ /Pineville/28134/commercial-services/restoration-painting/index.html (+4ms) 
20:14:14   ├─ /Pineville/28134/commercial-services/holiday-lighting/index.html (+3ms) 
20:14:14   ├─ /Salisbury/index.html (+3ms) 
20:14:14   ├─ /Salisbury/cabinet-services/index.html (+15ms) 
20:14:14   ├─ /Salisbury/cabinet-services/cabinet-refinishing/index.html (+3ms) 
20:14:14   ├─ /Salisbury/cabinet-services/cabinet-painting/index.html (+3ms) 
20:14:14   ├─ /Salisbury/cabinet-services/storage-solutions/index.html (+3ms) 
20:14:14   ├─ /Salisbury/cabinet-services/countertops-backsplash/index.html (+4ms) 
20:14:14   ├─ /Salisbury/cabinet-services/uv-curing/index.html (+4ms) 
20:14:14   ├─ /Salisbury/interior-painting/index.html (+3ms) 
20:14:14   ├─ /Salisbury/interior-painting/full-interior-painting/index.html (+2ms) 
20:14:14   ├─ /Salisbury/interior-painting/ceiling-services/index.html (+3ms) 
20:14:14   ├─ /Salisbury/interior-painting/drywall-repair/index.html (+3ms) 
20:14:14   ├─ /Salisbury/interior-painting/surface-preparation/index.html (+5ms) 
20:14:14   ├─ /Salisbury/interior-painting/painter-for-a-day/index.html (+7ms) 
20:14:14   ├─ /Salisbury/exterior-painting/index.html (+3ms) 
20:14:14   ├─ /Salisbury/exterior-painting/exterior-house-painting/index.html (+5ms) 
20:14:14   ├─ /Salisbury/exterior-painting/limewash/index.html (+3ms) 
20:14:14   ├─ /Salisbury/exterior-painting/siding-repair/index.html (+4ms) 
20:14:14   ├─ /Salisbury/exterior-painting/stucco-repair/index.html (+5ms) 
20:14:14   ├─ /Salisbury/exterior-painting/deck-staining/index.html (+3ms) 
20:14:14   ├─ /Salisbury/exterior-painting/metal-painting/index.html (+2ms) 
20:14:14   ├─ /Salisbury/flooring/index.html (+2ms) 
20:14:14   ├─ /Salisbury/flooring/floor-refinishing/index.html (+3ms) 
20:14:14   ├─ /Salisbury/flooring/floor-sanding/index.html (+3ms) 
20:14:14   ├─ /Salisbury/flooring/garage-floor-coatings/index.html (+5ms) 
20:14:14   ├─ /Salisbury/flooring/concrete-flooring/index.html (+9ms) 
20:14:14   ├─ /Salisbury/commercial-services/index.html (+5ms) 
20:14:14   ├─ /Salisbury/commercial-services/commercial-painting/index.html (+3ms) 
20:14:14   ├─ /Salisbury/commercial-services/multi-family-painting/index.html (+3ms) 
20:14:14   ├─ /Salisbury/commercial-services/restoration-painting/index.html (+3ms) 
20:14:14   ├─ /Salisbury/commercial-services/holiday-lighting/index.html (+2ms) 
20:14:14   ├─ /Salisbury/28144/index.html (+2ms) 
20:14:14   ├─ /Salisbury/28144/cabinet-services/index.html (+3ms) 
20:14:14   ├─ /Salisbury/28144/cabinet-services/cabinet-refinishing/index.html (+4ms) 
20:14:14   ├─ /Salisbury/28144/cabinet-services/cabinet-painting/index.html (+2ms) 
20:14:14   ├─ /Salisbury/28144/cabinet-services/storage-solutions/index.html (+2ms) 
20:14:14   ├─ /Salisbury/28144/cabinet-services/countertops-backsplash/index.html (+3ms) 
20:14:14   ├─ /Salisbury/28144/cabinet-services/uv-curing/index.html (+2ms) 
20:14:14   ├─ /Salisbury/28144/interior-painting/index.html (+2ms) 
20:14:14   ├─ /Salisbury/28144/interior-painting/full-interior-painting/index.html (+3ms) 
20:14:14   ├─ /Salisbury/28144/interior-painting/ceiling-services/index.html (+3ms) 
20:14:14   ├─ /Salisbury/28144/interior-painting/drywall-repair/index.html (+9ms) 
20:14:14   ├─ /Salisbury/28144/interior-painting/surface-preparation/index.html (+3ms) 
20:14:14   ├─ /Salisbury/28144/interior-painting/painter-for-a-day/index.html (+4ms) 
20:14:14   ├─ /Salisbury/28144/exterior-painting/index.html (+3ms) 
20:14:14   ├─ /Salisbury/28144/exterior-painting/exterior-house-painting/index.html (+5ms) 
20:14:14   ├─ /Salisbury/28144/exterior-painting/limewash/index.html (+3ms) 
20:14:14   ├─ /Salisbury/28144/exterior-painting/siding-repair/index.html (+6ms) 
20:14:14   ├─ /Salisbury/28144/exterior-painting/stucco-repair/index.html (+3ms) 
20:14:14   ├─ /Salisbury/28144/exterior-painting/deck-staining/index.html (+8ms) 
20:14:14   ├─ /Salisbury/28144/exterior-painting/metal-painting/index.html (+6ms) 
20:14:14   ├─ /Salisbury/28144/flooring/index.html (+3ms) 
20:14:14   ├─ /Salisbury/28144/flooring/floor-refinishing/index.html (+3ms) 
20:14:14   ├─ /Salisbury/28144/flooring/floor-sanding/index.html (+3ms) 
20:14:14   ├─ /Salisbury/28144/flooring/garage-floor-coatings/index.html (+2ms) 
20:14:14   ├─ /Salisbury/28144/flooring/concrete-flooring/index.html (+2ms) 
20:14:14   ├─ /Salisbury/28144/commercial-services/index.html (+6ms) 
20:14:14   ├─ /Salisbury/28144/commercial-services/commercial-painting/index.html (+3ms) 
20:14:14   ├─ /Salisbury/28144/commercial-services/multi-family-painting/index.html (+2ms) 
20:14:14   ├─ /Salisbury/28144/commercial-services/restoration-painting/index.html (+2ms) 
20:14:14   ├─ /Salisbury/28144/commercial-services/holiday-lighting/index.html (+4ms) 
20:14:14   ├─ /Salisbury/28146/index.html (+6ms) 
20:14:14   ├─ /Salisbury/28146/cabinet-services/index.html (+2ms) 
20:14:14   ├─ /Salisbury/28146/cabinet-services/cabinet-refinishing/index.html (+3ms) 
20:14:14   ├─ /Salisbury/28146/cabinet-services/cabinet-painting/index.html (+3ms) 
20:14:14   ├─ /Salisbury/28146/cabinet-services/storage-solutions/index.html (+3ms) 
20:14:14   ├─ /Salisbury/28146/cabinet-services/countertops-backsplash/index.html (+4ms) 
20:14:14   ├─ /Salisbury/28146/cabinet-services/uv-curing/index.html (+4ms) 
20:14:14   ├─ /Salisbury/28146/interior-painting/index.html (+2ms) 
20:14:14   ├─ /Salisbury/28146/interior-painting/full-interior-painting/index.html (+5ms) 
20:14:14   ├─ /Salisbury/28146/interior-painting/ceiling-services/index.html (+4ms) 
20:14:14   ├─ /Salisbury/28146/interior-painting/drywall-repair/index.html (+3ms) 
20:14:14   ├─ /Salisbury/28146/interior-painting/surface-preparation/index.html (+3ms) 
20:14:14   ├─ /Salisbury/28146/interior-painting/painter-for-a-day/index.html (+10ms) 
20:14:14   ├─ /Salisbury/28146/exterior-painting/index.html (+3ms) 
20:14:14   ├─ /Salisbury/28146/exterior-painting/exterior-house-painting/index.html (+2ms) 
20:14:14   ├─ /Salisbury/28146/exterior-painting/limewash/index.html (+2ms) 
20:14:14   ├─ /Salisbury/28146/exterior-painting/siding-repair/index.html (+3ms) 
20:14:14   ├─ /Salisbury/28146/exterior-painting/stucco-repair/index.html (+3ms) 
20:14:14   ├─ /Salisbury/28146/exterior-painting/deck-staining/index.html (+8ms) 
20:14:14   ├─ /Salisbury/28146/exterior-painting/metal-painting/index.html (+5ms) 
20:14:14   ├─ /Salisbury/28146/flooring/index.html (+3ms) 
20:14:14   ├─ /Salisbury/28146/flooring/floor-refinishing/index.html (+3ms) 
20:14:14   ├─ /Salisbury/28146/flooring/floor-sanding/index.html (+3ms) 
20:14:14   ├─ /Salisbury/28146/flooring/garage-floor-coatings/index.html (+3ms) 
20:14:14   ├─ /Salisbury/28146/flooring/concrete-flooring/index.html (+3ms) 
20:14:14   ├─ /Salisbury/28146/commercial-services/index.html (+3ms) 
20:14:14   ├─ /Salisbury/28146/commercial-services/commercial-painting/index.html (+2ms) 
20:14:14   ├─ /Salisbury/28146/commercial-services/multi-family-painting/index.html (+5ms) 
20:14:14   ├─ /Salisbury/28146/commercial-services/restoration-painting/index.html (+3ms) 
20:14:14   ├─ /Salisbury/28146/commercial-services/holiday-lighting/index.html (+3ms) 
20:14:14   ├─ /Salisbury/28147/index.html (+4ms) 
20:14:14   ├─ /Salisbury/28147/cabinet-services/index.html (+3ms) 
20:14:14   ├─ /Salisbury/28147/cabinet-services/cabinet-refinishing/index.html (+3ms) 
20:14:14   ├─ /Salisbury/28147/cabinet-services/cabinet-painting/index.html (+6ms) 
20:14:14   ├─ /Salisbury/28147/cabinet-services/storage-solutions/index.html (+4ms) 
20:14:14   ├─ /Salisbury/28147/cabinet-services/countertops-backsplash/index.html (+4ms) 
20:14:14   ├─ /Salisbury/28147/cabinet-services/uv-curing/index.html (+6ms) 
20:14:14   ├─ /Salisbury/28147/interior-painting/index.html (+3ms) 
20:14:14   ├─ /Salisbury/28147/interior-painting/full-interior-painting/index.html (+3ms) 
20:14:14   ├─ /Salisbury/28147/interior-painting/ceiling-services/index.html (+2ms) 
20:14:14   ├─ /Salisbury/28147/interior-painting/drywall-repair/index.html (+2ms) 
20:14:14   ├─ /Salisbury/28147/interior-painting/surface-preparation/index.html (+2ms) 
20:14:14   ├─ /Salisbury/28147/interior-painting/painter-for-a-day/index.html (+3ms) 
20:14:14   ├─ /Salisbury/28147/exterior-painting/index.html (+3ms) 
20:14:14   ├─ /Salisbury/28147/exterior-painting/exterior-house-painting/index.html (+3ms) 
20:14:14   ├─ /Salisbury/28147/exterior-painting/limewash/index.html (+3ms) 
20:14:14   ├─ /Salisbury/28147/exterior-painting/siding-repair/index.html (+2ms) 
20:14:14   ├─ /Salisbury/28147/exterior-painting/stucco-repair/index.html (+4ms) 
20:14:14   ├─ /Salisbury/28147/exterior-painting/deck-staining/index.html (+4ms) 
20:14:14   ├─ /Salisbury/28147/exterior-painting/metal-painting/index.html (+4ms) 
20:14:14   ├─ /Salisbury/28147/flooring/index.html (+2ms) 
20:14:14   ├─ /Salisbury/28147/flooring/floor-refinishing/index.html (+2ms) 
20:14:14   ├─ /Salisbury/28147/flooring/floor-sanding/index.html (+3ms) 
20:14:14   ├─ /Salisbury/28147/flooring/garage-floor-coatings/index.html (+4ms) 
20:14:14   ├─ /Salisbury/28147/flooring/concrete-flooring/index.html (+3ms) 
20:14:14   ├─ /Salisbury/28147/commercial-services/index.html (+2ms) 
20:14:14   ├─ /Salisbury/28147/commercial-services/commercial-painting/index.html (+2ms) 
20:14:14   ├─ /Salisbury/28147/commercial-services/multi-family-painting/index.html (+4ms) 
20:14:14   ├─ /Salisbury/28147/commercial-services/restoration-painting/index.html (+3ms) 
20:14:14   ├─ /Salisbury/28147/commercial-services/holiday-lighting/index.html (+3ms) 
20:14:14   ├─ /Salisbury/28159/index.html (+6ms) 
20:14:14   ├─ /Salisbury/28159/cabinet-services/index.html (+2ms) 
20:14:14   ├─ /Salisbury/28159/cabinet-services/cabinet-refinishing/index.html (+2ms) 
20:14:14   ├─ /Salisbury/28159/cabinet-services/cabinet-painting/index.html (+3ms) 
20:14:14   ├─ /Salisbury/28159/cabinet-services/storage-solutions/index.html (+3ms) 
20:14:14   ├─ /Salisbury/28159/cabinet-services/countertops-backsplash/index.html (+3ms) 
20:14:14   ├─ /Salisbury/28159/cabinet-services/uv-curing/index.html (+3ms) 
20:14:14   ├─ /Salisbury/28159/interior-painting/index.html (+5ms) 
20:14:14   ├─ /Salisbury/28159/interior-painting/full-interior-painting/index.html (+4ms) 
20:14:14   ├─ /Salisbury/28159/interior-painting/ceiling-services/index.html (+3ms) 
20:14:14   ├─ /Salisbury/28159/interior-painting/drywall-repair/index.html (+3ms) 
20:14:14   ├─ /Salisbury/28159/interior-painting/surface-preparation/index.html (+3ms) 
20:14:14   ├─ /Salisbury/28159/interior-painting/painter-for-a-day/index.html (+3ms) 
20:14:14   ├─ /Salisbury/28159/exterior-painting/index.html (+5ms) 
20:14:14   ├─ /Salisbury/28159/exterior-painting/exterior-house-painting/index.html (+3ms) 
20:14:14   ├─ /Salisbury/28159/exterior-painting/limewash/index.html (+2ms) 
20:14:14   ├─ /Salisbury/28159/exterior-painting/siding-repair/index.html (+2ms) 
20:14:14   ├─ /Salisbury/28159/exterior-painting/stucco-repair/index.html (+2ms) 
20:14:14   ├─ /Salisbury/28159/exterior-painting/deck-staining/index.html (+4ms) 
20:14:14   ├─ /Salisbury/28159/exterior-painting/metal-painting/index.html (+3ms) 
20:14:14   ├─ /Salisbury/28159/flooring/index.html (+2ms) 
20:14:14   ├─ /Salisbury/28159/flooring/floor-refinishing/index.html (+2ms) 
20:14:14   ├─ /Salisbury/28159/flooring/floor-sanding/index.html (+2ms) 
20:14:14   ├─ /Salisbury/28159/flooring/garage-floor-coatings/index.html (+4ms) 
20:14:14   ├─ /Salisbury/28159/flooring/concrete-flooring/index.html (+2ms) 
20:14:14   ├─ /Salisbury/28159/commercial-services/index.html (+2ms) 
20:14:14   ├─ /Salisbury/28159/commercial-services/commercial-painting/index.html (+4ms) 
20:14:14   ├─ /Salisbury/28159/commercial-services/multi-family-painting/index.html (+4ms) 
20:14:14   ├─ /Salisbury/28159/commercial-services/restoration-painting/index.html (+4ms) 
20:14:14   ├─ /Salisbury/28159/commercial-services/holiday-lighting/index.html (+2ms) 
20:14:14   ├─ /Waxhaw/index.html (+2ms) 
20:14:14   ├─ /Waxhaw/cabinet-services/index.html (+2ms) 
20:14:14   ├─ /Waxhaw/cabinet-services/cabinet-refinishing/index.html (+2ms) 
20:14:14   ├─ /Waxhaw/cabinet-services/cabinet-painting/index.html (+2ms) 
20:14:14   ├─ /Waxhaw/cabinet-services/storage-solutions/index.html (+2ms) 
20:14:14   ├─ /Waxhaw/cabinet-services/countertops-backsplash/index.html (+3ms) 
20:14:14   ├─ /Waxhaw/cabinet-services/uv-curing/index.html (+2ms) 
20:14:14   ├─ /Waxhaw/interior-painting/index.html (+2ms) 
20:14:14   ├─ /Waxhaw/interior-painting/full-interior-painting/index.html (+2ms) 
20:14:14   ├─ /Waxhaw/interior-painting/ceiling-services/index.html (+2ms) 
20:14:14   ├─ /Waxhaw/interior-painting/drywall-repair/index.html (+2ms) 
20:14:14   ├─ /Waxhaw/interior-painting/surface-preparation/index.html (+3ms) 
20:14:14   ├─ /Waxhaw/interior-painting/painter-for-a-day/index.html (+3ms) 
20:14:14   ├─ /Waxhaw/exterior-painting/index.html (+2ms) 
20:14:14   ├─ /Waxhaw/exterior-painting/exterior-house-painting/index.html (+2ms) 
20:14:14   ├─ /Waxhaw/exterior-painting/limewash/index.html (+3ms) 
20:14:14   ├─ /Waxhaw/exterior-painting/siding-repair/index.html (+6ms) 
20:14:14   ├─ /Waxhaw/exterior-painting/stucco-repair/index.html (+4ms) 
20:14:14   ├─ /Waxhaw/exterior-painting/deck-staining/index.html (+6ms) 
20:14:14   ├─ /Waxhaw/exterior-painting/metal-painting/index.html (+3ms) 
20:14:14   ├─ /Waxhaw/flooring/index.html (+2ms) 
20:14:14   ├─ /Waxhaw/flooring/floor-refinishing/index.html (+2ms) 
20:14:14   ├─ /Waxhaw/flooring/floor-sanding/index.html (+2ms) 
20:14:14   ├─ /Waxhaw/flooring/garage-floor-coatings/index.html (+2ms) 
20:14:14   ├─ /Waxhaw/flooring/concrete-flooring/index.html (+3ms) 
20:14:14   ├─ /Waxhaw/commercial-services/index.html (+3ms) 
20:14:14   ├─ /Waxhaw/commercial-services/commercial-painting/index.html (+2ms) 
20:14:14   ├─ /Waxhaw/commercial-services/multi-family-painting/index.html (+2ms) 
20:14:14   ├─ /Waxhaw/commercial-services/restoration-painting/index.html (+2ms) 
20:14:14   ├─ /Waxhaw/commercial-services/holiday-lighting/index.html (+4ms) 
20:14:14   ├─ /Waxhaw/28173/index.html (+3ms) 
20:14:14   ├─ /Waxhaw/28173/cabinet-services/index.html (+4ms) 
20:14:14   ├─ /Waxhaw/28173/cabinet-services/cabinet-refinishing/index.html (+3ms) 
20:14:14   ├─ /Waxhaw/28173/cabinet-services/cabinet-painting/index.html (+3ms) 
20:14:14   ├─ /Waxhaw/28173/cabinet-services/storage-solutions/index.html (+2ms) 
20:14:14   ├─ /Waxhaw/28173/cabinet-services/countertops-backsplash/index.html (+2ms) 
20:14:14   ├─ /Waxhaw/28173/cabinet-services/uv-curing/index.html (+2ms) 
20:14:14   ├─ /Waxhaw/28173/interior-painting/index.html (+3ms) 
20:14:14   ├─ /Waxhaw/28173/interior-painting/full-interior-painting/index.html (+2ms) 
20:14:14   ├─ /Waxhaw/28173/interior-painting/ceiling-services/index.html (+5ms) 
20:14:14   ├─ /Waxhaw/28173/interior-painting/drywall-repair/index.html (+2ms) 
20:14:14   ├─ /Waxhaw/28173/interior-painting/surface-preparation/index.html (+3ms) 
20:14:14   ├─ /Waxhaw/28173/interior-painting/painter-for-a-day/index.html (+4ms) 
20:14:14   ├─ /Waxhaw/28173/exterior-painting/index.html (+3ms) 
20:14:14   ├─ /Waxhaw/28173/exterior-painting/exterior-house-painting/index.html (+2ms) 
20:14:14   ├─ /Waxhaw/28173/exterior-painting/limewash/index.html (+2ms) 
20:14:14   ├─ /Waxhaw/28173/exterior-painting/siding-repair/index.html (+2ms) 
20:14:14   ├─ /Waxhaw/28173/exterior-painting/stucco-repair/index.html (+2ms) 
20:14:14   ├─ /Waxhaw/28173/exterior-painting/deck-staining/index.html (+2ms) 
20:14:14   ├─ /Waxhaw/28173/exterior-painting/metal-painting/index.html (+2ms) 
20:14:14   ├─ /Waxhaw/28173/flooring/index.html (+3ms) 
20:14:14   ├─ /Waxhaw/28173/flooring/floor-refinishing/index.html (+7ms) 
20:14:14   ├─ /Waxhaw/28173/flooring/floor-sanding/index.html (+3ms) 
20:14:14   ├─ /Waxhaw/28173/flooring/garage-floor-coatings/index.html (+3ms) 
20:14:14   ├─ /Waxhaw/28173/flooring/concrete-flooring/index.html (+4ms) 
20:14:14   ├─ /Waxhaw/28173/commercial-services/index.html (+11ms) 
20:14:14   ├─ /Waxhaw/28173/commercial-services/commercial-painting/index.html (+3ms) 
20:14:14   ├─ /Waxhaw/28173/commercial-services/multi-family-painting/index.html (+3ms) 
20:14:14   ├─ /Waxhaw/28173/commercial-services/restoration-painting/index.html (+2ms) 
20:14:14   ├─ /Waxhaw/28173/commercial-services/holiday-lighting/index.html (+2ms) 
20:14:14   ├─ /Wingate/index.html (+3ms) 
20:14:14   ├─ /Wingate/cabinet-services/index.html (+2ms) 
20:14:14   ├─ /Wingate/cabinet-services/cabinet-refinishing/index.html (+5ms) 
20:14:14   ├─ /Wingate/cabinet-services/cabinet-painting/index.html (+3ms) 
20:14:14   ├─ /Wingate/cabinet-services/storage-solutions/index.html (+3ms) 
20:14:14   ├─ /Wingate/cabinet-services/countertops-backsplash/index.html (+3ms) 
20:14:14   ├─ /Wingate/cabinet-services/uv-curing/index.html (+2ms) 
20:14:14   ├─ /Wingate/interior-painting/index.html (+2ms) 
20:14:14   ├─ /Wingate/interior-painting/full-interior-painting/index.html (+2ms) 
20:14:14   ├─ /Wingate/interior-painting/ceiling-services/index.html (+3ms) 
20:14:14   ├─ /Wingate/interior-painting/drywall-repair/index.html (+5ms) 
20:14:15   ├─ /Wingate/interior-painting/surface-preparation/index.html (+3ms) 
20:14:15   ├─ /Wingate/interior-painting/painter-for-a-day/index.html (+3ms) 
20:14:15   ├─ /Wingate/exterior-painting/index.html (+2ms) 
20:14:15   ├─ /Wingate/exterior-painting/exterior-house-painting/index.html (+2ms) 
20:14:15   ├─ /Wingate/exterior-painting/limewash/index.html (+4ms) 
20:14:15   ├─ /Wingate/exterior-painting/siding-repair/index.html (+2ms) 
20:14:15   ├─ /Wingate/exterior-painting/stucco-repair/index.html (+2ms) 
20:14:15   ├─ /Wingate/exterior-painting/deck-staining/index.html (+2ms) 
20:14:15   ├─ /Wingate/exterior-painting/metal-painting/index.html (+2ms) 
20:14:15   ├─ /Wingate/flooring/index.html (+2ms) 
20:14:15   ├─ /Wingate/flooring/floor-refinishing/index.html (+2ms) 
20:14:15   ├─ /Wingate/flooring/floor-sanding/index.html (+2ms) 
20:14:15   ├─ /Wingate/flooring/garage-floor-coatings/index.html (+3ms) 
20:14:15   ├─ /Wingate/flooring/concrete-flooring/index.html (+2ms) 
20:14:15   ├─ /Wingate/commercial-services/index.html (+6ms) 
20:14:15   ├─ /Wingate/commercial-services/commercial-painting/index.html (+2ms) 
20:14:15   ├─ /Wingate/commercial-services/multi-family-painting/index.html (+2ms) 
20:14:15   ├─ /Wingate/commercial-services/restoration-painting/index.html (+2ms) 
20:14:15   ├─ /Wingate/commercial-services/holiday-lighting/index.html (+2ms) 
20:14:15   ├─ /Wingate/28174/index.html (+2ms) 
20:14:15   ├─ /Wingate/28174/cabinet-services/index.html (+3ms) 
20:14:15   ├─ /Wingate/28174/cabinet-services/cabinet-refinishing/index.html (+2ms) 
20:14:15   ├─ /Wingate/28174/cabinet-services/cabinet-painting/index.html (+2ms) 
20:14:15   ├─ /Wingate/28174/cabinet-services/storage-solutions/index.html (+2ms) 
20:14:15   ├─ /Wingate/28174/cabinet-services/countertops-backsplash/index.html (+3ms) 
20:14:15   ├─ /Wingate/28174/cabinet-services/uv-curing/index.html (+6ms) 
20:14:15   ├─ /Wingate/28174/interior-painting/index.html (+3ms) 
20:14:15   ├─ /Wingate/28174/interior-painting/full-interior-painting/index.html (+2ms) 
20:14:15   ├─ /Wingate/28174/interior-painting/ceiling-services/index.html (+3ms) 
20:14:15   ├─ /Wingate/28174/interior-painting/drywall-repair/index.html (+3ms) 
20:14:15   ├─ /Wingate/28174/interior-painting/surface-preparation/index.html (+2ms) 
20:14:15   ├─ /Wingate/28174/interior-painting/painter-for-a-day/index.html (+7ms) 
20:14:15   ├─ /Wingate/28174/exterior-painting/index.html (+2ms) 
20:14:15   ├─ /Wingate/28174/exterior-painting/exterior-house-painting/index.html (+3ms) 
20:14:15   ├─ /Wingate/28174/exterior-painting/limewash/index.html (+3ms) 
20:14:15   ├─ /Wingate/28174/exterior-painting/siding-repair/index.html (+3ms) 
20:14:15   ├─ /Wingate/28174/exterior-painting/stucco-repair/index.html (+3ms) 
20:14:15   ├─ /Wingate/28174/exterior-painting/deck-staining/index.html (+2ms) 
20:14:15   ├─ /Wingate/28174/exterior-painting/metal-painting/index.html (+6ms) 
20:14:15   ├─ /Wingate/28174/flooring/index.html (+3ms) 
20:14:15   ├─ /Wingate/28174/flooring/floor-refinishing/index.html (+3ms) 
20:14:15   ├─ /Wingate/28174/flooring/floor-sanding/index.html (+7ms) 
20:14:15   ├─ /Wingate/28174/flooring/garage-floor-coatings/index.html (+3ms) 
20:14:15   ├─ /Wingate/28174/flooring/concrete-flooring/index.html (+2ms) 
20:14:15   ├─ /Wingate/28174/commercial-services/index.html (+2ms) 
20:14:15   ├─ /Wingate/28174/commercial-services/commercial-painting/index.html (+2ms) 
20:14:15   ├─ /Wingate/28174/commercial-services/multi-family-painting/index.html (+2ms) 
20:14:15   ├─ /Wingate/28174/commercial-services/restoration-painting/index.html (+2ms) 
20:14:15   ├─ /Wingate/28174/commercial-services/holiday-lighting/index.html (+2ms) 
20:14:15   ├─ /Chester/index.html (+2ms) 
20:14:15   ├─ /Chester/cabinet-services/index.html (+8ms) 
20:14:15   ├─ /Chester/cabinet-services/cabinet-refinishing/index.html (+5ms) 
20:14:15   ├─ /Chester/cabinet-services/cabinet-painting/index.html (+4ms) 
20:14:15   ├─ /Chester/cabinet-services/storage-solutions/index.html (+4ms) 
20:14:15   ├─ /Chester/cabinet-services/countertops-backsplash/index.html (+2ms) 
20:14:15   ├─ /Chester/cabinet-services/uv-curing/index.html (+3ms) 
20:14:15   ├─ /Chester/interior-painting/index.html (+2ms) 
20:14:15   ├─ /Chester/interior-painting/full-interior-painting/index.html (+4ms) 
20:14:15   ├─ /Chester/interior-painting/ceiling-services/index.html (+2ms) 
20:14:15   ├─ /Chester/interior-painting/drywall-repair/index.html (+2ms) 
20:14:15   ├─ /Chester/interior-painting/surface-preparation/index.html (+2ms) 
20:14:15   ├─ /Chester/interior-painting/painter-for-a-day/index.html (+5ms) 
20:14:15   ├─ /Chester/exterior-painting/index.html (+6ms) 
20:14:15   ├─ /Chester/exterior-painting/exterior-house-painting/index.html (+3ms) 
20:14:15   ├─ /Chester/exterior-painting/limewash/index.html (+2ms) 
20:14:15   ├─ /Chester/exterior-painting/siding-repair/index.html (+2ms) 
20:14:15   ├─ /Chester/exterior-painting/stucco-repair/index.html (+2ms) 
20:14:15   ├─ /Chester/exterior-painting/deck-staining/index.html (+2ms) 
20:14:15   ├─ /Chester/exterior-painting/metal-painting/index.html (+4ms) 
20:14:15   ├─ /Chester/flooring/index.html (+5ms) 
20:14:15   ├─ /Chester/flooring/floor-refinishing/index.html (+5ms) 
20:14:15   ├─ /Chester/flooring/floor-sanding/index.html (+3ms) 
20:14:15   ├─ /Chester/flooring/garage-floor-coatings/index.html (+2ms) 
20:14:15   ├─ /Chester/flooring/concrete-flooring/index.html (+2ms) 
20:14:15   ├─ /Chester/commercial-services/index.html (+4ms) 
20:14:15   ├─ /Chester/commercial-services/commercial-painting/index.html (+3ms) 
20:14:15   ├─ /Chester/commercial-services/multi-family-painting/index.html (+2ms) 
20:14:15   ├─ /Chester/commercial-services/restoration-painting/index.html (+2ms) 
20:14:15   ├─ /Chester/commercial-services/holiday-lighting/index.html (+2ms) 
20:14:15   ├─ /Chester/29706/index.html (+4ms) 
20:14:15   ├─ /Chester/29706/cabinet-services/index.html (+5ms) 
20:14:15   ├─ /Chester/29706/cabinet-services/cabinet-refinishing/index.html (+2ms) 
20:14:15   ├─ /Chester/29706/cabinet-services/cabinet-painting/index.html (+2ms) 
20:14:15   ├─ /Chester/29706/cabinet-services/storage-solutions/index.html (+2ms) 
20:14:15   ├─ /Chester/29706/cabinet-services/countertops-backsplash/index.html (+4ms) 
20:14:15   ├─ /Chester/29706/cabinet-services/uv-curing/index.html (+4ms) 
20:14:15   ├─ /Chester/29706/interior-painting/index.html (+4ms) 
20:14:15   ├─ /Chester/29706/interior-painting/full-interior-painting/index.html (+3ms) 
20:14:15   ├─ /Chester/29706/interior-painting/ceiling-services/index.html (+2ms) 
20:14:15   ├─ /Chester/29706/interior-painting/drywall-repair/index.html (+2ms) 
20:14:15   ├─ /Chester/29706/interior-painting/surface-preparation/index.html (+2ms) 
20:14:15   ├─ /Chester/29706/interior-painting/painter-for-a-day/index.html (+2ms) 
20:14:15   ├─ /Chester/29706/exterior-painting/index.html (+4ms) 
20:14:15   ├─ /Chester/29706/exterior-painting/exterior-house-painting/index.html (+2ms) 
20:14:15   ├─ /Chester/29706/exterior-painting/limewash/index.html (+2ms) 
20:14:15   ├─ /Chester/29706/exterior-painting/siding-repair/index.html (+3ms) 
20:14:15   ├─ /Chester/29706/exterior-painting/stucco-repair/index.html (+3ms) 
20:14:15   ├─ /Chester/29706/exterior-painting/deck-staining/index.html (+3ms) 
20:14:15   ├─ /Chester/29706/exterior-painting/metal-painting/index.html (+3ms) 
20:14:15   ├─ /Chester/29706/flooring/index.html (+3ms) 
20:14:15   ├─ /Chester/29706/flooring/floor-refinishing/index.html (+2ms) 
20:14:15   ├─ /Chester/29706/flooring/floor-sanding/index.html (+3ms) 
20:14:15   ├─ /Chester/29706/flooring/garage-floor-coatings/index.html (+5ms) 
20:14:15   ├─ /Chester/29706/flooring/concrete-flooring/index.html (+4ms) 
20:14:15   ├─ /Chester/29706/commercial-services/index.html (+3ms) 
20:14:15   ├─ /Chester/29706/commercial-services/commercial-painting/index.html (+2ms) 
20:14:15   ├─ /Chester/29706/commercial-services/multi-family-painting/index.html (+2ms) 
20:14:15   ├─ /Chester/29706/commercial-services/restoration-painting/index.html (+3ms) 
20:14:15   ├─ /Chester/29706/commercial-services/holiday-lighting/index.html (+4ms) 
20:14:15   ├─ /Indian-Land/index.html (+3ms) 
20:14:15   ├─ /Indian-Land/cabinet-services/index.html (+2ms) 
20:14:15   ├─ /Indian-Land/cabinet-services/cabinet-refinishing/index.html (+2ms) 
20:14:15   ├─ /Indian-Land/cabinet-services/cabinet-painting/index.html (+2ms) 
20:14:15   ├─ /Indian-Land/cabinet-services/storage-solutions/index.html (+2ms) 
20:14:15   ├─ /Indian-Land/cabinet-services/countertops-backsplash/index.html (+3ms) 
20:14:15   ├─ /Indian-Land/cabinet-services/uv-curing/index.html (+2ms) 
20:14:15   ├─ /Indian-Land/interior-painting/index.html (+3ms) 
20:14:15   ├─ /Indian-Land/interior-painting/full-interior-painting/index.html (+5ms) 
20:14:15   ├─ /Indian-Land/interior-painting/ceiling-services/index.html (+4ms) 
20:14:15   ├─ /Indian-Land/interior-painting/drywall-repair/index.html (+2ms) 
20:14:15   ├─ /Indian-Land/interior-painting/surface-preparation/index.html (+2ms) 
20:14:15   ├─ /Indian-Land/interior-painting/painter-for-a-day/index.html (+3ms) 
20:14:15   ├─ /Indian-Land/exterior-painting/index.html (+3ms) 
20:14:15   ├─ /Indian-Land/exterior-painting/exterior-house-painting/index.html (+5ms) 
20:14:15   ├─ /Indian-Land/exterior-painting/limewash/index.html (+5ms) 
20:14:15   ├─ /Indian-Land/exterior-painting/siding-repair/index.html (+3ms) 
20:14:15   ├─ /Indian-Land/exterior-painting/stucco-repair/index.html (+2ms) 
20:14:15   ├─ /Indian-Land/exterior-painting/deck-staining/index.html (+2ms) 
20:14:15   ├─ /Indian-Land/exterior-painting/metal-painting/index.html (+2ms) 
20:14:15   ├─ /Indian-Land/flooring/index.html (+3ms) 
20:14:15   ├─ /Indian-Land/flooring/floor-refinishing/index.html (+3ms) 
20:14:15   ├─ /Indian-Land/flooring/floor-sanding/index.html (+10ms) 
20:14:15   ├─ /Indian-Land/flooring/garage-floor-coatings/index.html (+2ms) 
20:14:15   ├─ /Indian-Land/flooring/concrete-flooring/index.html (+2ms) 
20:14:15   ├─ /Indian-Land/commercial-services/index.html (+2ms) 
20:14:15   ├─ /Indian-Land/commercial-services/commercial-painting/index.html (+2ms) 
20:14:15   ├─ /Indian-Land/commercial-services/multi-family-painting/index.html (+2ms) 
20:14:15   ├─ /Indian-Land/commercial-services/restoration-painting/index.html (+2ms) 
20:14:15   ├─ /Indian-Land/commercial-services/holiday-lighting/index.html (+2ms) 
20:14:15   ├─ /Indian-Land/Sun-City-Carolina-Lakes/index.html (+3ms) 
20:14:15   ├─ /Indian-Land/Sun-City-Carolina-Lakes/cabinet-services/index.html (+3ms) 
20:14:15   ├─ /Indian-Land/Sun-City-Carolina-Lakes/cabinet-services/cabinet-refinishing/index.html (+2ms) 
20:14:15   ├─ /Indian-Land/Sun-City-Carolina-Lakes/cabinet-services/cabinet-painting/index.html (+3ms) 
20:14:15   ├─ /Indian-Land/Sun-City-Carolina-Lakes/cabinet-services/storage-solutions/index.html (+2ms) 
20:14:15   ├─ /Indian-Land/Sun-City-Carolina-Lakes/cabinet-services/countertops-backsplash/index.html (+2ms) 
20:14:15   ├─ /Indian-Land/Sun-City-Carolina-Lakes/cabinet-services/uv-curing/index.html (+1ms) 
20:14:15   ├─ /Indian-Land/Sun-City-Carolina-Lakes/interior-painting/index.html (+2ms) 
20:14:15   ├─ /Indian-Land/Sun-City-Carolina-Lakes/interior-painting/full-interior-painting/index.html (+2ms) 
20:14:15   ├─ /Indian-Land/Sun-City-Carolina-Lakes/interior-painting/ceiling-services/index.html (+2ms) 
20:14:15   ├─ /Indian-Land/Sun-City-Carolina-Lakes/interior-painting/drywall-repair/index.html (+2ms) 
20:14:15   ├─ /Indian-Land/Sun-City-Carolina-Lakes/interior-painting/surface-preparation/index.html (+2ms) 
20:14:15   ├─ /Indian-Land/Sun-City-Carolina-Lakes/interior-painting/painter-for-a-day/index.html (+2ms) 
20:14:15   ├─ /Indian-Land/Sun-City-Carolina-Lakes/exterior-painting/index.html (+3ms) 
20:14:15   ├─ /Indian-Land/Sun-City-Carolina-Lakes/exterior-painting/exterior-house-painting/index.html (+11ms) 
20:14:15   ├─ /Indian-Land/Sun-City-Carolina-Lakes/exterior-painting/limewash/index.html (+19ms) 
20:14:15   ├─ /Indian-Land/Sun-City-Carolina-Lakes/exterior-painting/siding-repair/index.html (+3ms) 
20:14:15   ├─ /Indian-Land/Sun-City-Carolina-Lakes/exterior-painting/stucco-repair/index.html (+4ms) 
20:14:15   ├─ /Indian-Land/Sun-City-Carolina-Lakes/exterior-painting/deck-staining/index.html (+2ms) 
20:14:15   ├─ /Indian-Land/Sun-City-Carolina-Lakes/exterior-painting/metal-painting/index.html (+3ms) 
20:14:15   ├─ /Indian-Land/Sun-City-Carolina-Lakes/flooring/index.html (+3ms) 
20:14:15   ├─ /Indian-Land/Sun-City-Carolina-Lakes/flooring/floor-refinishing/index.html (+4ms) 
20:14:15   ├─ /Indian-Land/Sun-City-Carolina-Lakes/flooring/floor-sanding/index.html (+4ms) 
20:14:15   ├─ /Indian-Land/Sun-City-Carolina-Lakes/flooring/garage-floor-coatings/index.html (+3ms) 
20:14:15   ├─ /Indian-Land/Sun-City-Carolina-Lakes/flooring/concrete-flooring/index.html (+3ms) 
20:14:15   ├─ /Indian-Land/Sun-City-Carolina-Lakes/commercial-services/index.html (+3ms) 
20:14:15   ├─ /Indian-Land/Sun-City-Carolina-Lakes/commercial-services/commercial-painting/index.html (+6ms) 
20:14:15   ├─ /Indian-Land/Sun-City-Carolina-Lakes/commercial-services/multi-family-painting/index.html (+3ms) 
20:14:15   ├─ /Indian-Land/Sun-City-Carolina-Lakes/commercial-services/restoration-painting/index.html (+2ms) 
20:14:15   ├─ /Indian-Land/Sun-City-Carolina-Lakes/commercial-services/holiday-lighting/index.html (+2ms) 
20:14:15   ├─ /Indian-Land/29707/index.html (+3ms) 
20:14:15   ├─ /Indian-Land/29707/cabinet-services/index.html (+3ms) 
20:14:15   ├─ /Indian-Land/29707/cabinet-services/cabinet-refinishing/index.html (+2ms) 
20:14:15   ├─ /Indian-Land/29707/cabinet-services/cabinet-painting/index.html (+3ms) 
20:14:15   ├─ /Indian-Land/29707/cabinet-services/storage-solutions/index.html (+9ms) 
20:14:15   ├─ /Indian-Land/29707/cabinet-services/countertops-backsplash/index.html (+3ms) 
20:14:15   ├─ /Indian-Land/29707/cabinet-services/uv-curing/index.html (+2ms) 
20:14:15   ├─ /Indian-Land/29707/interior-painting/index.html (+5ms) 
20:14:15   ├─ /Indian-Land/29707/interior-painting/full-interior-painting/index.html (+3ms) 
20:14:15   ├─ /Indian-Land/29707/interior-painting/ceiling-services/index.html (+3ms) 
20:14:15   ├─ /Indian-Land/29707/interior-painting/drywall-repair/index.html (+3ms) 
20:14:15   ├─ /Indian-Land/29707/interior-painting/surface-preparation/index.html (+3ms) 
20:14:15   ├─ /Indian-Land/29707/interior-painting/painter-for-a-day/index.html (+3ms) 
20:14:15   ├─ /Indian-Land/29707/exterior-painting/index.html (+3ms) 
20:14:15   ├─ /Indian-Land/29707/exterior-painting/exterior-house-painting/index.html (+5ms) 
20:14:15   ├─ /Indian-Land/29707/exterior-painting/limewash/index.html (+5ms) 
20:14:15   ├─ /Indian-Land/29707/exterior-painting/siding-repair/index.html (+4ms) 
20:14:15   ├─ /Indian-Land/29707/exterior-painting/stucco-repair/index.html (+3ms) 
20:14:15   ├─ /Indian-Land/29707/exterior-painting/deck-staining/index.html (+3ms) 
20:14:15   ├─ /Indian-Land/29707/exterior-painting/metal-painting/index.html (+2ms) 
20:14:15   ├─ /Indian-Land/29707/flooring/index.html (+3ms) 
20:14:15   ├─ /Indian-Land/29707/flooring/floor-refinishing/index.html (+2ms) 
20:14:15   ├─ /Indian-Land/29707/flooring/floor-sanding/index.html (+2ms) 
20:14:15   ├─ /Indian-Land/29707/flooring/garage-floor-coatings/index.html (+4ms) 
20:14:15   ├─ /Indian-Land/29707/flooring/concrete-flooring/index.html (+3ms) 
20:14:15   ├─ /Indian-Land/29707/commercial-services/index.html (+3ms) 
20:14:15   ├─ /Indian-Land/29707/commercial-services/commercial-painting/index.html (+7ms) 
20:14:15   ├─ /Indian-Land/29707/commercial-services/multi-family-painting/index.html (+2ms) 
20:14:15   ├─ /Indian-Land/29707/commercial-services/restoration-painting/index.html (+2ms) 
20:14:15   ├─ /Indian-Land/29707/commercial-services/holiday-lighting/index.html (+3ms) 
20:14:15   ├─ /Fort-Mill/index.html (+3ms) 
20:14:15   ├─ /Fort-Mill/cabinet-services/index.html (+7ms) 
20:14:15   ├─ /Fort-Mill/cabinet-services/cabinet-refinishing/index.html (+4ms) 
20:14:15   ├─ /Fort-Mill/cabinet-services/cabinet-painting/index.html (+4ms) 
20:14:15   ├─ /Fort-Mill/cabinet-services/storage-solutions/index.html (+4ms) 
20:14:15   ├─ /Fort-Mill/cabinet-services/countertops-backsplash/index.html (+4ms) 
20:14:15   ├─ /Fort-Mill/cabinet-services/uv-curing/index.html (+2ms) 
20:14:15   ├─ /Fort-Mill/interior-painting/index.html (+3ms) 
20:14:15   ├─ /Fort-Mill/interior-painting/full-interior-painting/index.html (+3ms) 
20:14:15   ├─ /Fort-Mill/interior-painting/ceiling-services/index.html (+2ms) 
20:14:15   ├─ /Fort-Mill/interior-painting/drywall-repair/index.html (+2ms) 
20:14:15   ├─ /Fort-Mill/interior-painting/surface-preparation/index.html (+2ms) 
20:14:15   ├─ /Fort-Mill/interior-painting/painter-for-a-day/index.html (+2ms) 
20:14:15   ├─ /Fort-Mill/exterior-painting/index.html (+2ms) 
20:14:15   ├─ /Fort-Mill/exterior-painting/exterior-house-painting/index.html (+3ms) 
20:14:15   ├─ /Fort-Mill/exterior-painting/limewash/index.html (+6ms) 
20:14:15   ├─ /Fort-Mill/exterior-painting/siding-repair/index.html (+4ms) 
20:14:15   ├─ /Fort-Mill/exterior-painting/stucco-repair/index.html (+4ms) 
20:14:15   ├─ /Fort-Mill/exterior-painting/deck-staining/index.html (+3ms) 
20:14:15   ├─ /Fort-Mill/exterior-painting/metal-painting/index.html (+2ms) 
20:14:15   ├─ /Fort-Mill/flooring/index.html (+3ms) 
20:14:15   ├─ /Fort-Mill/flooring/floor-refinishing/index.html (+5ms) 
20:14:15   ├─ /Fort-Mill/flooring/floor-sanding/index.html (+4ms) 
20:14:15   ├─ /Fort-Mill/flooring/garage-floor-coatings/index.html (+3ms) 
20:14:15   ├─ /Fort-Mill/flooring/concrete-flooring/index.html (+3ms) 
20:14:15   ├─ /Fort-Mill/commercial-services/index.html (+3ms) 
20:14:15   ├─ /Fort-Mill/commercial-services/commercial-painting/index.html (+3ms) 
20:14:15   ├─ /Fort-Mill/commercial-services/multi-family-painting/index.html (+3ms) 
20:14:15   ├─ /Fort-Mill/commercial-services/restoration-painting/index.html (+6ms) 
20:14:15   ├─ /Fort-Mill/commercial-services/holiday-lighting/index.html (+4ms) 
20:14:15   ├─ /Fort-Mill/Baxter-Village/index.html (+4ms) 
20:14:15   ├─ /Fort-Mill/Baxter-Village/cabinet-services/index.html (+3ms) 
20:14:15   ├─ /Fort-Mill/Baxter-Village/cabinet-services/cabinet-refinishing/index.html (+2ms) 
20:14:15   ├─ /Fort-Mill/Baxter-Village/cabinet-services/cabinet-painting/index.html (+6ms) 
20:14:15   ├─ /Fort-Mill/Baxter-Village/cabinet-services/storage-solutions/index.html (+5ms) 
20:14:15   ├─ /Fort-Mill/Baxter-Village/cabinet-services/countertops-backsplash/index.html (+4ms) 
20:14:15   ├─ /Fort-Mill/Baxter-Village/cabinet-services/uv-curing/index.html (+3ms) 
20:14:15   ├─ /Fort-Mill/Baxter-Village/interior-painting/index.html (+3ms) 
20:14:15   ├─ /Fort-Mill/Baxter-Village/interior-painting/full-interior-painting/index.html (+3ms) 
20:14:15   ├─ /Fort-Mill/Baxter-Village/interior-painting/ceiling-services/index.html (+3ms) 
20:14:15   ├─ /Fort-Mill/Baxter-Village/interior-painting/drywall-repair/index.html (+5ms) 
20:14:15   ├─ /Fort-Mill/Baxter-Village/interior-painting/surface-preparation/index.html (+5ms) 
20:14:15   ├─ /Fort-Mill/Baxter-Village/interior-painting/painter-for-a-day/index.html (+4ms) 
20:14:15   ├─ /Fort-Mill/Baxter-Village/exterior-painting/index.html (+4ms) 
20:14:15   ├─ /Fort-Mill/Baxter-Village/exterior-painting/exterior-house-painting/index.html (+6ms) 
20:14:15   ├─ /Fort-Mill/Baxter-Village/exterior-painting/limewash/index.html (+3ms) 
20:14:15   ├─ /Fort-Mill/Baxter-Village/exterior-painting/siding-repair/index.html (+3ms) 
20:14:15   ├─ /Fort-Mill/Baxter-Village/exterior-painting/stucco-repair/index.html (+3ms) 
20:14:15   ├─ /Fort-Mill/Baxter-Village/exterior-painting/deck-staining/index.html (+3ms) 
20:14:15   ├─ /Fort-Mill/Baxter-Village/exterior-painting/metal-painting/index.html (+5ms) 
20:14:15   ├─ /Fort-Mill/Baxter-Village/flooring/index.html (+4ms) 
20:14:15   ├─ /Fort-Mill/Baxter-Village/flooring/floor-refinishing/index.html (+2ms) 
20:14:15   ├─ /Fort-Mill/Baxter-Village/flooring/floor-sanding/index.html (+3ms) 
20:14:15   ├─ /Fort-Mill/Baxter-Village/flooring/garage-floor-coatings/index.html (+11ms) 
20:14:15   ├─ /Fort-Mill/Baxter-Village/flooring/concrete-flooring/index.html (+9ms) 
20:14:15   ├─ /Fort-Mill/Baxter-Village/commercial-services/index.html (+5ms) 
20:14:15   ├─ /Fort-Mill/Baxter-Village/commercial-services/commercial-painting/index.html (+7ms) 
20:14:15   ├─ /Fort-Mill/Baxter-Village/commercial-services/multi-family-painting/index.html (+7ms) 
20:14:15   ├─ /Fort-Mill/Baxter-Village/commercial-services/restoration-painting/index.html (+7ms) 
20:14:15   ├─ /Fort-Mill/Baxter-Village/commercial-services/holiday-lighting/index.html (+6ms) 
20:14:15   ├─ /Fort-Mill/Lake-Wylie-(partial)/index.html (+5ms) 
20:14:15   ├─ /Fort-Mill/Lake-Wylie-(partial)/cabinet-services/index.html (+5ms) 
20:14:15   ├─ /Fort-Mill/Lake-Wylie-(partial)/cabinet-services/cabinet-refinishing/index.html (+6ms) 
20:14:15   ├─ /Fort-Mill/Lake-Wylie-(partial)/cabinet-services/cabinet-painting/index.html (+3ms) 
20:14:15   ├─ /Fort-Mill/Lake-Wylie-(partial)/cabinet-services/storage-solutions/index.html (+3ms) 
20:14:15   ├─ /Fort-Mill/Lake-Wylie-(partial)/cabinet-services/countertops-backsplash/index.html (+3ms) 
20:14:15   ├─ /Fort-Mill/Lake-Wylie-(partial)/cabinet-services/uv-curing/index.html (+4ms) 
20:14:15   ├─ /Fort-Mill/Lake-Wylie-(partial)/interior-painting/index.html (+5ms) 
20:14:15   ├─ /Fort-Mill/Lake-Wylie-(partial)/interior-painting/full-interior-painting/index.html (+4ms) 
20:14:15   ├─ /Fort-Mill/Lake-Wylie-(partial)/interior-painting/ceiling-services/index.html (+2ms) 
20:14:15   ├─ /Fort-Mill/Lake-Wylie-(partial)/interior-painting/drywall-repair/index.html (+3ms) 
20:14:15   ├─ /Fort-Mill/Lake-Wylie-(partial)/interior-painting/surface-preparation/index.html (+3ms) 
20:14:15   ├─ /Fort-Mill/Lake-Wylie-(partial)/interior-painting/painter-for-a-day/index.html (+3ms) 
20:14:15   ├─ /Fort-Mill/Lake-Wylie-(partial)/exterior-painting/index.html (+3ms) 
20:14:15   ├─ /Fort-Mill/Lake-Wylie-(partial)/exterior-painting/exterior-house-painting/index.html (+3ms) 
20:14:15   ├─ /Fort-Mill/Lake-Wylie-(partial)/exterior-painting/limewash/index.html (+3ms) 
20:14:15   ├─ /Fort-Mill/Lake-Wylie-(partial)/exterior-painting/siding-repair/index.html (+6ms) 
20:14:15   ├─ /Fort-Mill/Lake-Wylie-(partial)/exterior-painting/stucco-repair/index.html (+4ms) 
20:14:15   ├─ /Fort-Mill/Lake-Wylie-(partial)/exterior-painting/deck-staining/index.html (+3ms) 
20:14:15   ├─ /Fort-Mill/Lake-Wylie-(partial)/exterior-painting/metal-painting/index.html (+9ms) 
20:14:15   ├─ /Fort-Mill/Lake-Wylie-(partial)/flooring/index.html (+3ms) 
20:14:15   ├─ /Fort-Mill/Lake-Wylie-(partial)/flooring/floor-refinishing/index.html (+4ms) 
20:14:15   ├─ /Fort-Mill/Lake-Wylie-(partial)/flooring/floor-sanding/index.html (+3ms) 
20:14:15   ├─ /Fort-Mill/Lake-Wylie-(partial)/flooring/garage-floor-coatings/index.html (+6ms) 
20:14:15   ├─ /Fort-Mill/Lake-Wylie-(partial)/flooring/concrete-flooring/index.html (+3ms) 
20:14:15   ├─ /Fort-Mill/Lake-Wylie-(partial)/commercial-services/index.html (+3ms) 
20:14:15   ├─ /Fort-Mill/Lake-Wylie-(partial)/commercial-services/commercial-painting/index.html (+2ms) 
20:14:15   ├─ /Fort-Mill/Lake-Wylie-(partial)/commercial-services/multi-family-painting/index.html (+2ms) 
20:14:15   ├─ /Fort-Mill/Lake-Wylie-(partial)/commercial-services/restoration-painting/index.html (+4ms) 
20:14:15   ├─ /Fort-Mill/Lake-Wylie-(partial)/commercial-services/holiday-lighting/index.html (+5ms) 
20:14:15   ├─ /Fort-Mill/29708/index.html (+3ms) 
20:14:15   ├─ /Fort-Mill/29708/cabinet-services/index.html (+3ms) 
20:14:15   ├─ /Fort-Mill/29708/cabinet-services/cabinet-refinishing/index.html (+2ms) 
20:14:15   ├─ /Fort-Mill/29708/cabinet-services/cabinet-painting/index.html (+3ms) 
20:14:15   ├─ /Fort-Mill/29708/cabinet-services/storage-solutions/index.html (+4ms) 
20:14:15   ├─ /Fort-Mill/29708/cabinet-services/countertops-backsplash/index.html (+2ms) 
20:14:15   ├─ /Fort-Mill/29708/cabinet-services/uv-curing/index.html (+2ms) 
20:14:16   ├─ /Fort-Mill/29708/interior-painting/index.html (+2ms) 
20:14:16   ├─ /Fort-Mill/29708/interior-painting/full-interior-painting/index.html (+3ms) 
20:14:16   ├─ /Fort-Mill/29708/interior-painting/ceiling-services/index.html (+3ms) 
20:14:16   ├─ /Fort-Mill/29708/interior-painting/drywall-repair/index.html (+5ms) 
20:14:16   ├─ /Fort-Mill/29708/interior-painting/surface-preparation/index.html (+5ms) 
20:14:16   ├─ /Fort-Mill/29708/interior-painting/painter-for-a-day/index.html (+10ms) 
20:14:16   ├─ /Fort-Mill/29708/exterior-painting/index.html (+5ms) 
20:14:16   ├─ /Fort-Mill/29708/exterior-painting/exterior-house-painting/index.html (+3ms) 
20:14:16   ├─ /Fort-Mill/29708/exterior-painting/limewash/index.html (+3ms) 
20:14:16   ├─ /Fort-Mill/29708/exterior-painting/siding-repair/index.html (+4ms) 
20:14:16   ├─ /Fort-Mill/29708/exterior-painting/stucco-repair/index.html (+3ms) 
20:14:16   ├─ /Fort-Mill/29708/exterior-painting/deck-staining/index.html (+2ms) 
20:14:16   ├─ /Fort-Mill/29708/exterior-painting/metal-painting/index.html (+5ms) 
20:14:16   ├─ /Fort-Mill/29708/flooring/index.html (+6ms) 
20:14:16   ├─ /Fort-Mill/29708/flooring/floor-refinishing/index.html (+4ms) 
20:14:16   ├─ /Fort-Mill/29708/flooring/floor-sanding/index.html (+9ms) 
20:14:16   ├─ /Fort-Mill/29708/flooring/garage-floor-coatings/index.html (+4ms) 
20:14:16   ├─ /Fort-Mill/29708/flooring/concrete-flooring/index.html (+4ms) 
20:14:16   ├─ /Fort-Mill/29708/commercial-services/index.html (+5ms) 
20:14:16   ├─ /Fort-Mill/29708/commercial-services/commercial-painting/index.html (+2ms) 
20:14:16   ├─ /Fort-Mill/29708/commercial-services/multi-family-painting/index.html (+4ms) 
20:14:16   ├─ /Fort-Mill/29708/commercial-services/restoration-painting/index.html (+3ms) 
20:14:16   ├─ /Fort-Mill/29708/commercial-services/holiday-lighting/index.html (+4ms) 
20:14:16   ├─ /Fort-Mill/29715/index.html (+7ms) 
20:14:16   ├─ /Fort-Mill/29715/cabinet-services/index.html (+3ms) 
20:14:16   ├─ /Fort-Mill/29715/cabinet-services/cabinet-refinishing/index.html (+3ms) 
20:14:16   ├─ /Fort-Mill/29715/cabinet-services/cabinet-painting/index.html (+2ms) 
20:14:16   ├─ /Fort-Mill/29715/cabinet-services/storage-solutions/index.html (+10ms) 
20:14:16   ├─ /Fort-Mill/29715/cabinet-services/countertops-backsplash/index.html (+3ms) 
20:14:16   ├─ /Fort-Mill/29715/cabinet-services/uv-curing/index.html (+3ms) 
20:14:16   ├─ /Fort-Mill/29715/interior-painting/index.html (+3ms) 
20:14:16   ├─ /Fort-Mill/29715/interior-painting/full-interior-painting/index.html (+2ms) 
20:14:16   ├─ /Fort-Mill/29715/interior-painting/ceiling-services/index.html (+3ms) 
20:14:16   ├─ /Fort-Mill/29715/interior-painting/drywall-repair/index.html (+3ms) 
20:14:16   ├─ /Fort-Mill/29715/interior-painting/surface-preparation/index.html (+3ms) 
20:14:16   ├─ /Fort-Mill/29715/interior-painting/painter-for-a-day/index.html (+3ms) 
20:14:16   ├─ /Fort-Mill/29715/exterior-painting/index.html (+3ms) 
20:14:16   ├─ /Fort-Mill/29715/exterior-painting/exterior-house-painting/index.html (+2ms) 
20:14:16   ├─ /Fort-Mill/29715/exterior-painting/limewash/index.html (+2ms) 
20:14:16   ├─ /Fort-Mill/29715/exterior-painting/siding-repair/index.html (+2ms) 
20:14:16   ├─ /Fort-Mill/29715/exterior-painting/stucco-repair/index.html (+4ms) 
20:14:16   ├─ /Fort-Mill/29715/exterior-painting/deck-staining/index.html (+5ms) 
20:14:16   ├─ /Fort-Mill/29715/exterior-painting/metal-painting/index.html (+4ms) 
20:14:16   ├─ /Fort-Mill/29715/flooring/index.html (+3ms) 
20:14:16   ├─ /Fort-Mill/29715/flooring/floor-refinishing/index.html (+3ms) 
20:14:16   ├─ /Fort-Mill/29715/flooring/floor-sanding/index.html (+3ms) 
20:14:16   ├─ /Fort-Mill/29715/flooring/garage-floor-coatings/index.html (+4ms) 
20:14:16   ├─ /Fort-Mill/29715/flooring/concrete-flooring/index.html (+3ms) 
20:14:16   ├─ /Fort-Mill/29715/commercial-services/index.html (+4ms) 
20:14:16   ├─ /Fort-Mill/29715/commercial-services/commercial-painting/index.html (+7ms) 
20:14:16   ├─ /Fort-Mill/29715/commercial-services/multi-family-painting/index.html (+3ms) 
20:14:16   ├─ /Fort-Mill/29715/commercial-services/restoration-painting/index.html (+3ms) 
20:14:16   ├─ /Fort-Mill/29715/commercial-services/holiday-lighting/index.html (+3ms) 
20:14:16   ├─ /Clover/index.html (+3ms) 
20:14:16   ├─ /Clover/cabinet-services/index.html (+4ms) 
20:14:16   ├─ /Clover/cabinet-services/cabinet-refinishing/index.html (+2ms) 
20:14:16   ├─ /Clover/cabinet-services/cabinet-painting/index.html (+2ms) 
20:14:16   ├─ /Clover/cabinet-services/storage-solutions/index.html (+2ms) 
20:14:16   ├─ /Clover/cabinet-services/countertops-backsplash/index.html (+2ms) 
20:14:16   ├─ /Clover/cabinet-services/uv-curing/index.html (+4ms) 
20:14:16   ├─ /Clover/interior-painting/index.html (+3ms) 
20:14:16   ├─ /Clover/interior-painting/full-interior-painting/index.html (+3ms) 
20:14:16   ├─ /Clover/interior-painting/ceiling-services/index.html (+2ms) 
20:14:16   ├─ /Clover/interior-painting/drywall-repair/index.html (+2ms) 
20:14:16   ├─ /Clover/interior-painting/surface-preparation/index.html (+2ms) 
20:14:16   ├─ /Clover/interior-painting/painter-for-a-day/index.html (+2ms) 
20:14:16   ├─ /Clover/exterior-painting/index.html (+2ms) 
20:14:16   ├─ /Clover/exterior-painting/exterior-house-painting/index.html (+2ms) 
20:14:16   ├─ /Clover/exterior-painting/limewash/index.html (+3ms) 
20:14:16   ├─ /Clover/exterior-painting/siding-repair/index.html (+3ms) 
20:14:16   ├─ /Clover/exterior-painting/stucco-repair/index.html (+3ms) 
20:14:16   ├─ /Clover/exterior-painting/deck-staining/index.html (+5ms) 
20:14:16   ├─ /Clover/exterior-painting/metal-painting/index.html (+8ms) 
20:14:16   ├─ /Clover/flooring/index.html (+6ms) 
20:14:16   ├─ /Clover/flooring/floor-refinishing/index.html (+4ms) 
20:14:16   ├─ /Clover/flooring/floor-sanding/index.html (+3ms) 
20:14:16   ├─ /Clover/flooring/garage-floor-coatings/index.html (+3ms) 
20:14:16   ├─ /Clover/flooring/concrete-flooring/index.html (+5ms) 
20:14:16   ├─ /Clover/commercial-services/index.html (+3ms) 
20:14:16   ├─ /Clover/commercial-services/commercial-painting/index.html (+3ms) 
20:14:16   ├─ /Clover/commercial-services/multi-family-painting/index.html (+5ms) 
20:14:16   ├─ /Clover/commercial-services/restoration-painting/index.html (+4ms) 
20:14:16   ├─ /Clover/commercial-services/holiday-lighting/index.html (+3ms) 
20:14:16   ├─ /Clover/29710/index.html (+2ms) 
20:14:16   ├─ /Clover/29710/cabinet-services/index.html (+3ms) 
20:14:16   ├─ /Clover/29710/cabinet-services/cabinet-refinishing/index.html (+3ms) 
20:14:16   ├─ /Clover/29710/cabinet-services/cabinet-painting/index.html (+5ms) 
20:14:16   ├─ /Clover/29710/cabinet-services/storage-solutions/index.html (+2ms) 
20:14:16   ├─ /Clover/29710/cabinet-services/countertops-backsplash/index.html (+2ms) 
20:14:16   ├─ /Clover/29710/cabinet-services/uv-curing/index.html (+4ms) 
20:14:16   ├─ /Clover/29710/interior-painting/index.html (+5ms) 
20:14:16   ├─ /Clover/29710/interior-painting/full-interior-painting/index.html (+3ms) 
20:14:16   ├─ /Clover/29710/interior-painting/ceiling-services/index.html (+2ms) 
20:14:16   ├─ /Clover/29710/interior-painting/drywall-repair/index.html (+2ms) 
20:14:16   ├─ /Clover/29710/interior-painting/surface-preparation/index.html (+3ms) 
20:14:16   ├─ /Clover/29710/interior-painting/painter-for-a-day/index.html (+5ms) 
20:14:16   ├─ /Clover/29710/exterior-painting/index.html (+2ms) 
20:14:16   ├─ /Clover/29710/exterior-painting/exterior-house-painting/index.html (+2ms) 
20:14:16   ├─ /Clover/29710/exterior-painting/limewash/index.html (+2ms) 
20:14:16   ├─ /Clover/29710/exterior-painting/siding-repair/index.html (+3ms) 
20:14:16   ├─ /Clover/29710/exterior-painting/stucco-repair/index.html (+5ms) 
20:14:16   ├─ /Clover/29710/exterior-painting/deck-staining/index.html (+2ms) 
20:14:16   ├─ /Clover/29710/exterior-painting/metal-painting/index.html (+2ms) 
20:14:16   ├─ /Clover/29710/flooring/index.html (+3ms) 
20:14:16   ├─ /Clover/29710/flooring/floor-refinishing/index.html (+4ms) 
20:14:16   ├─ /Clover/29710/flooring/floor-sanding/index.html (+5ms) 
20:14:16   ├─ /Clover/29710/flooring/garage-floor-coatings/index.html (+3ms) 
20:14:16   ├─ /Clover/29710/flooring/concrete-flooring/index.html (+2ms) 
20:14:16   ├─ /Clover/29710/commercial-services/index.html (+3ms) 
20:14:16   ├─ /Clover/29710/commercial-services/commercial-painting/index.html (+5ms) 
20:14:16   ├─ /Clover/29710/commercial-services/multi-family-painting/index.html (+2ms) 
20:14:16   ├─ /Clover/29710/commercial-services/restoration-painting/index.html (+2ms) 
20:14:16   ├─ /Clover/29710/commercial-services/holiday-lighting/index.html (+4ms) 
20:14:16   ├─ /Lancaster/index.html (+3ms) 
20:14:16   ├─ /Lancaster/cabinet-services/index.html (+3ms) 
20:14:16   ├─ /Lancaster/cabinet-services/cabinet-refinishing/index.html (+2ms) 
20:14:16   ├─ /Lancaster/cabinet-services/cabinet-painting/index.html (+6ms) 
20:14:16   ├─ /Lancaster/cabinet-services/storage-solutions/index.html (+3ms) 
20:14:16   ├─ /Lancaster/cabinet-services/countertops-backsplash/index.html (+4ms) 
20:14:16   ├─ /Lancaster/cabinet-services/uv-curing/index.html (+2ms) 
20:14:16   ├─ /Lancaster/interior-painting/index.html (+2ms) 
20:14:16   ├─ /Lancaster/interior-painting/full-interior-painting/index.html (+2ms) 
20:14:16   ├─ /Lancaster/interior-painting/ceiling-services/index.html (+4ms) 
20:14:16   ├─ /Lancaster/interior-painting/drywall-repair/index.html (+3ms) 
20:14:16   ├─ /Lancaster/interior-painting/surface-preparation/index.html (+3ms) 
20:14:16   ├─ /Lancaster/interior-painting/painter-for-a-day/index.html (+2ms) 
20:14:16   ├─ /Lancaster/exterior-painting/index.html (+2ms) 
20:14:16   ├─ /Lancaster/exterior-painting/exterior-house-painting/index.html (+2ms) 
20:14:16   ├─ /Lancaster/exterior-painting/limewash/index.html (+2ms) 
20:14:16   ├─ /Lancaster/exterior-painting/siding-repair/index.html (+2ms) 
20:14:16   ├─ /Lancaster/exterior-painting/stucco-repair/index.html (+2ms) 
20:14:16   ├─ /Lancaster/exterior-painting/deck-staining/index.html (+2ms) 
20:14:16   ├─ /Lancaster/exterior-painting/metal-painting/index.html (+2ms) 
20:14:16   ├─ /Lancaster/flooring/index.html (+2ms) 
20:14:16   ├─ /Lancaster/flooring/floor-refinishing/index.html (+2ms) 
20:14:16   ├─ /Lancaster/flooring/floor-sanding/index.html (+2ms) 
20:14:16   ├─ /Lancaster/flooring/garage-floor-coatings/index.html (+2ms) 
20:14:16   ├─ /Lancaster/flooring/concrete-flooring/index.html (+2ms) 
20:14:16   ├─ /Lancaster/commercial-services/index.html (+2ms) 
20:14:16   ├─ /Lancaster/commercial-services/commercial-painting/index.html (+2ms) 
20:14:16   ├─ /Lancaster/commercial-services/multi-family-painting/index.html (+2ms) 
20:14:16   ├─ /Lancaster/commercial-services/restoration-painting/index.html (+26ms) 
20:14:16   ├─ /Lancaster/commercial-services/holiday-lighting/index.html (+4ms) 
20:14:16   ├─ /Lancaster/29720/index.html (+4ms) 
20:14:16   ├─ /Lancaster/29720/cabinet-services/index.html (+8ms) 
20:14:16   ├─ /Lancaster/29720/cabinet-services/cabinet-refinishing/index.html (+3ms) 
20:14:16   ├─ /Lancaster/29720/cabinet-services/cabinet-painting/index.html (+5ms) 
20:14:16   ├─ /Lancaster/29720/cabinet-services/storage-solutions/index.html (+2ms) 
20:14:16   ├─ /Lancaster/29720/cabinet-services/countertops-backsplash/index.html (+2ms) 
20:14:16   ├─ /Lancaster/29720/cabinet-services/uv-curing/index.html (+2ms) 
20:14:16   ├─ /Lancaster/29720/interior-painting/index.html (+2ms) 
20:14:16   ├─ /Lancaster/29720/interior-painting/full-interior-painting/index.html (+2ms) 
20:14:16   ├─ /Lancaster/29720/interior-painting/ceiling-services/index.html (+3ms) 
20:14:16   ├─ /Lancaster/29720/interior-painting/drywall-repair/index.html (+2ms) 
20:14:16   ├─ /Lancaster/29720/interior-painting/surface-preparation/index.html (+2ms) 
20:14:16   ├─ /Lancaster/29720/interior-painting/painter-for-a-day/index.html (+4ms) 
20:14:16   ├─ /Lancaster/29720/exterior-painting/index.html (+4ms) 
20:14:16   ├─ /Lancaster/29720/exterior-painting/exterior-house-painting/index.html (+6ms) 
20:14:16   ├─ /Lancaster/29720/exterior-painting/limewash/index.html (+2ms) 
20:14:16   ├─ /Lancaster/29720/exterior-painting/siding-repair/index.html (+2ms) 
20:14:16   ├─ /Lancaster/29720/exterior-painting/stucco-repair/index.html (+2ms) 
20:14:16   ├─ /Lancaster/29720/exterior-painting/deck-staining/index.html (+2ms) 
20:14:16   ├─ /Lancaster/29720/exterior-painting/metal-painting/index.html (+2ms) 
20:14:16   ├─ /Lancaster/29720/flooring/index.html (+8ms) 
20:14:16   ├─ /Lancaster/29720/flooring/floor-refinishing/index.html (+6ms) 
20:14:16   ├─ /Lancaster/29720/flooring/floor-sanding/index.html (+11ms) 
20:14:16   ├─ /Lancaster/29720/flooring/garage-floor-coatings/index.html (+3ms) 
20:14:16   ├─ /Lancaster/29720/flooring/concrete-flooring/index.html (+6ms) 
20:14:16   ├─ /Lancaster/29720/commercial-services/index.html (+6ms) 
20:14:16   ├─ /Lancaster/29720/commercial-services/commercial-painting/index.html (+6ms) 
20:14:16   ├─ /Lancaster/29720/commercial-services/multi-family-painting/index.html (+10ms) 
20:14:16   ├─ /Lancaster/29720/commercial-services/restoration-painting/index.html (+3ms) 
20:14:16   ├─ /Lancaster/29720/commercial-services/holiday-lighting/index.html (+4ms) 
20:14:16   ├─ /Rock-Hill/index.html (+4ms) 
20:14:16   ├─ /Rock-Hill/cabinet-services/index.html (+3ms) 
20:14:16   ├─ /Rock-Hill/cabinet-services/cabinet-refinishing/index.html (+3ms) 
20:14:16   ├─ /Rock-Hill/cabinet-services/cabinet-painting/index.html (+3ms) 
20:14:16   ├─ /Rock-Hill/cabinet-services/storage-solutions/index.html (+2ms) 
20:14:16   ├─ /Rock-Hill/cabinet-services/countertops-backsplash/index.html (+2ms) 
20:14:16   ├─ /Rock-Hill/cabinet-services/uv-curing/index.html (+3ms) 
20:14:16   ├─ /Rock-Hill/interior-painting/index.html (+3ms) 
20:14:16   ├─ /Rock-Hill/interior-painting/full-interior-painting/index.html (+2ms) 
20:14:16   ├─ /Rock-Hill/interior-painting/ceiling-services/index.html (+2ms) 
20:14:16   ├─ /Rock-Hill/interior-painting/drywall-repair/index.html (+2ms) 
20:14:16   ├─ /Rock-Hill/interior-painting/surface-preparation/index.html (+2ms) 
20:14:16   ├─ /Rock-Hill/interior-painting/painter-for-a-day/index.html (+2ms) 
20:14:16   ├─ /Rock-Hill/exterior-painting/index.html (+2ms) 
20:14:16   ├─ /Rock-Hill/exterior-painting/exterior-house-painting/index.html (+11ms) 
20:14:16   ├─ /Rock-Hill/exterior-painting/limewash/index.html (+3ms) 
20:14:16   ├─ /Rock-Hill/exterior-painting/siding-repair/index.html (+3ms) 
20:14:16   ├─ /Rock-Hill/exterior-painting/stucco-repair/index.html (+3ms) 
20:14:16   ├─ /Rock-Hill/exterior-painting/deck-staining/index.html (+4ms) 
20:14:16   ├─ /Rock-Hill/exterior-painting/metal-painting/index.html (+3ms) 
20:14:16   ├─ /Rock-Hill/flooring/index.html (+4ms) 
20:14:16   ├─ /Rock-Hill/flooring/floor-refinishing/index.html (+3ms) 
20:14:16   ├─ /Rock-Hill/flooring/floor-sanding/index.html (+2ms) 
20:14:16   ├─ /Rock-Hill/flooring/garage-floor-coatings/index.html (+2ms) 
20:14:16   ├─ /Rock-Hill/flooring/concrete-flooring/index.html (+2ms) 
20:14:16   ├─ /Rock-Hill/commercial-services/index.html (+2ms) 
20:14:16   ├─ /Rock-Hill/commercial-services/commercial-painting/index.html (+2ms) 
20:14:16   ├─ /Rock-Hill/commercial-services/multi-family-painting/index.html (+3ms) 
20:14:16   ├─ /Rock-Hill/commercial-services/restoration-painting/index.html (+3ms) 
20:14:16   ├─ /Rock-Hill/commercial-services/holiday-lighting/index.html (+4ms) 
20:14:16   ├─ /Rock-Hill/29730/index.html (+3ms) 
20:14:16   ├─ /Rock-Hill/29730/cabinet-services/index.html (+3ms) 
20:14:16   ├─ /Rock-Hill/29730/cabinet-services/cabinet-refinishing/index.html (+3ms) 
20:14:16   ├─ /Rock-Hill/29730/cabinet-services/cabinet-painting/index.html (+3ms) 
20:14:16   ├─ /Rock-Hill/29730/cabinet-services/storage-solutions/index.html (+4ms) 
20:14:16   ├─ /Rock-Hill/29730/cabinet-services/countertops-backsplash/index.html (+4ms) 
20:14:16   ├─ /Rock-Hill/29730/cabinet-services/uv-curing/index.html (+18ms) 
20:14:16   ├─ /Rock-Hill/29730/interior-painting/index.html (+4ms) 
20:14:16   ├─ /Rock-Hill/29730/interior-painting/full-interior-painting/index.html (+3ms) 
20:14:16   ├─ /Rock-Hill/29730/interior-painting/ceiling-services/index.html (+2ms) 
20:14:16   ├─ /Rock-Hill/29730/interior-painting/drywall-repair/index.html (+2ms) 
20:14:16   ├─ /Rock-Hill/29730/interior-painting/surface-preparation/index.html (+2ms) 
20:14:16   ├─ /Rock-Hill/29730/interior-painting/painter-for-a-day/index.html (+2ms) 
20:14:16   ├─ /Rock-Hill/29730/exterior-painting/index.html (+5ms) 
20:14:16   ├─ /Rock-Hill/29730/exterior-painting/exterior-house-painting/index.html (+5ms) 
20:14:16   ├─ /Rock-Hill/29730/exterior-painting/limewash/index.html (+4ms) 
20:14:16   ├─ /Rock-Hill/29730/exterior-painting/siding-repair/index.html (+5ms) 
20:14:16   ├─ /Rock-Hill/29730/exterior-painting/stucco-repair/index.html (+4ms) 
20:14:16   ├─ /Rock-Hill/29730/exterior-painting/deck-staining/index.html (+3ms) 
20:14:16   ├─ /Rock-Hill/29730/exterior-painting/metal-painting/index.html (+3ms) 
20:14:16   ├─ /Rock-Hill/29730/flooring/index.html (+2ms) 
20:14:16   ├─ /Rock-Hill/29730/flooring/floor-refinishing/index.html (+2ms) 
20:14:16   ├─ /Rock-Hill/29730/flooring/floor-sanding/index.html (+2ms) 
20:14:16   ├─ /Rock-Hill/29730/flooring/garage-floor-coatings/index.html (+2ms) 
20:14:16   ├─ /Rock-Hill/29730/flooring/concrete-flooring/index.html (+2ms) 
20:14:16   ├─ /Rock-Hill/29730/commercial-services/index.html (+2ms) 
20:14:16   ├─ /Rock-Hill/29730/commercial-services/commercial-painting/index.html (+2ms) 
20:14:16   ├─ /Rock-Hill/29730/commercial-services/multi-family-painting/index.html (+1ms) 
20:14:16   ├─ /Rock-Hill/29730/commercial-services/restoration-painting/index.html (+7ms) 
20:14:16   ├─ /Rock-Hill/29730/commercial-services/holiday-lighting/index.html (+3ms) 
20:14:16   ├─ /Rock-Hill/29732/index.html (+2ms) 
20:14:16   ├─ /Rock-Hill/29732/cabinet-services/index.html (+2ms) 
20:14:16   ├─ /Rock-Hill/29732/cabinet-services/cabinet-refinishing/index.html (+2ms) 
20:14:16   ├─ /Rock-Hill/29732/cabinet-services/cabinet-painting/index.html (+2ms) 
20:14:16   ├─ /Rock-Hill/29732/cabinet-services/storage-solutions/index.html (+2ms) 
20:14:16   ├─ /Rock-Hill/29732/cabinet-services/countertops-backsplash/index.html (+2ms) 
20:14:16   ├─ /Rock-Hill/29732/cabinet-services/uv-curing/index.html (+2ms) 
20:14:16   ├─ /Rock-Hill/29732/interior-painting/index.html (+2ms) 
20:14:16   ├─ /Rock-Hill/29732/interior-painting/full-interior-painting/index.html (+3ms) 
20:14:16   ├─ /Rock-Hill/29732/interior-painting/ceiling-services/index.html (+2ms) 
20:14:16   ├─ /Rock-Hill/29732/interior-painting/drywall-repair/index.html (+2ms) 
20:14:16   ├─ /Rock-Hill/29732/interior-painting/surface-preparation/index.html (+3ms) 
20:14:16   ├─ /Rock-Hill/29732/interior-painting/painter-for-a-day/index.html (+2ms) 
20:14:16   ├─ /Rock-Hill/29732/exterior-painting/index.html (+2ms) 
20:14:16   ├─ /Rock-Hill/29732/exterior-painting/exterior-house-painting/index.html (+2ms) 
20:14:16   ├─ /Rock-Hill/29732/exterior-painting/limewash/index.html (+3ms) 
20:14:16   ├─ /Rock-Hill/29732/exterior-painting/siding-repair/index.html (+2ms) 
20:14:16   ├─ /Rock-Hill/29732/exterior-painting/stucco-repair/index.html (+2ms) 
20:14:16   ├─ /Rock-Hill/29732/exterior-painting/deck-staining/index.html (+2ms) 
20:14:16   ├─ /Rock-Hill/29732/exterior-painting/metal-painting/index.html (+2ms) 
20:14:16   ├─ /Rock-Hill/29732/flooring/index.html (+4ms) 
20:14:16   ├─ /Rock-Hill/29732/flooring/floor-refinishing/index.html (+2ms) 
20:14:16   ├─ /Rock-Hill/29732/flooring/floor-sanding/index.html (+2ms) 
20:14:16   ├─ /Rock-Hill/29732/flooring/garage-floor-coatings/index.html (+2ms) 
20:14:16   ├─ /Rock-Hill/29732/flooring/concrete-flooring/index.html (+2ms) 
20:14:16   ├─ /Rock-Hill/29732/commercial-services/index.html (+2ms) 
20:14:16   ├─ /Rock-Hill/29732/commercial-services/commercial-painting/index.html (+2ms) 
20:14:16   ├─ /Rock-Hill/29732/commercial-services/multi-family-painting/index.html (+2ms) 
20:14:16   ├─ /Rock-Hill/29732/commercial-services/restoration-painting/index.html (+2ms) 
20:14:16   ├─ /Rock-Hill/29732/commercial-services/holiday-lighting/index.html (+2ms) 
20:14:16   ├─ /Rock-Hill/29733/index.html (+2ms) 
20:14:16   ├─ /Rock-Hill/29733/cabinet-services/index.html (+2ms) 
20:14:16   ├─ /Rock-Hill/29733/cabinet-services/cabinet-refinishing/index.html (+2ms) 
20:14:16   ├─ /Rock-Hill/29733/cabinet-services/cabinet-painting/index.html (+2ms) 
20:14:16   ├─ /Rock-Hill/29733/cabinet-services/storage-solutions/index.html (+3ms) 
20:14:16   ├─ /Rock-Hill/29733/cabinet-services/countertops-backsplash/index.html (+2ms) 
20:14:16   ├─ /Rock-Hill/29733/cabinet-services/uv-curing/index.html (+2ms) 
20:14:16   ├─ /Rock-Hill/29733/interior-painting/index.html (+3ms) 
20:14:16   ├─ /Rock-Hill/29733/interior-painting/full-interior-painting/index.html (+3ms) 
20:14:16   ├─ /Rock-Hill/29733/interior-painting/ceiling-services/index.html (+3ms) 
20:14:16   ├─ /Rock-Hill/29733/interior-painting/drywall-repair/index.html (+4ms) 
20:14:16   ├─ /Rock-Hill/29733/interior-painting/surface-preparation/index.html (+5ms) 
20:14:16   ├─ /Rock-Hill/29733/interior-painting/painter-for-a-day/index.html (+7ms) 
20:14:16   ├─ /Rock-Hill/29733/exterior-painting/index.html (+4ms) 
20:14:16   ├─ /Rock-Hill/29733/exterior-painting/exterior-house-painting/index.html (+5ms) 
20:14:16   ├─ /Rock-Hill/29733/exterior-painting/limewash/index.html (+5ms) 
20:14:16   ├─ /Rock-Hill/29733/exterior-painting/siding-repair/index.html (+3ms) 
20:14:16   ├─ /Rock-Hill/29733/exterior-painting/stucco-repair/index.html (+3ms) 
20:14:16   ├─ /Rock-Hill/29733/exterior-painting/deck-staining/index.html (+4ms) 
20:14:16   ├─ /Rock-Hill/29733/exterior-painting/metal-painting/index.html (+4ms) 
20:14:16   ├─ /Rock-Hill/29733/flooring/index.html (+4ms) 
20:14:16   ├─ /Rock-Hill/29733/flooring/floor-refinishing/index.html (+2ms) 
20:14:16   ├─ /Rock-Hill/29733/flooring/floor-sanding/index.html (+3ms) 
20:14:16   ├─ /Rock-Hill/29733/flooring/garage-floor-coatings/index.html (+5ms) 
20:14:16   ├─ /Rock-Hill/29733/flooring/concrete-flooring/index.html (+3ms) 
20:14:16   ├─ /Rock-Hill/29733/commercial-services/index.html (+2ms) 
20:14:16   ├─ /Rock-Hill/29733/commercial-services/commercial-painting/index.html (+2ms) 
20:14:16   ├─ /Rock-Hill/29733/commercial-services/multi-family-painting/index.html (+2ms) 
20:14:16   ├─ /Rock-Hill/29733/commercial-services/restoration-painting/index.html (+2ms) 
20:14:16   ├─ /Rock-Hill/29733/commercial-services/holiday-lighting/index.html (+2ms) 
20:14:16   ├─ /York/index.html (+2ms) 
20:14:16   ├─ /York/cabinet-services/index.html (+2ms) 
20:14:16   ├─ /York/cabinet-services/cabinet-refinishing/index.html (+2ms) 
20:14:16   ├─ /York/cabinet-services/cabinet-painting/index.html (+2ms) 
20:14:16   ├─ /York/cabinet-services/storage-solutions/index.html (+4ms) 
20:14:16   ├─ /York/cabinet-services/countertops-backsplash/index.html (+2ms) 
20:14:16   ├─ /York/cabinet-services/uv-curing/index.html (+2ms) 
20:14:16   ├─ /York/interior-painting/index.html (+3ms) 
20:14:16   ├─ /York/interior-painting/full-interior-painting/index.html (+4ms) 
20:14:16   ├─ /York/interior-painting/ceiling-services/index.html (+2ms) 
20:14:17   ├─ /York/interior-painting/drywall-repair/index.html (+2ms) 
20:14:17   ├─ /York/interior-painting/surface-preparation/index.html (+2ms) 
20:14:17   ├─ /York/interior-painting/painter-for-a-day/index.html (+2ms) 
20:14:17   ├─ /York/exterior-painting/index.html (+3ms) 
20:14:17   ├─ /York/exterior-painting/exterior-house-painting/index.html (+4ms) 
20:14:17   ├─ /York/exterior-painting/limewash/index.html (+3ms) 
20:14:17   ├─ /York/exterior-painting/siding-repair/index.html (+3ms) 
20:14:17   ├─ /York/exterior-painting/stucco-repair/index.html (+3ms) 
20:14:17   ├─ /York/exterior-painting/deck-staining/index.html (+2ms) 
20:14:17   ├─ /York/exterior-painting/metal-painting/index.html (+2ms) 
20:14:17   ├─ /York/flooring/index.html (+2ms) 
20:14:17   ├─ /York/flooring/floor-refinishing/index.html (+2ms) 
20:14:17   ├─ /York/flooring/floor-sanding/index.html (+2ms) 
20:14:17   ├─ /York/flooring/garage-floor-coatings/index.html (+2ms) 
20:14:17   ├─ /York/flooring/concrete-flooring/index.html (+4ms) 
20:14:17   ├─ /York/commercial-services/index.html (+7ms) 
20:14:17   ├─ /York/commercial-services/commercial-painting/index.html (+12ms) 
20:14:17   ├─ /York/commercial-services/multi-family-painting/index.html (+11ms) 
20:14:17   ├─ /York/commercial-services/restoration-painting/index.html (+3ms) 
20:14:17   ├─ /York/commercial-services/holiday-lighting/index.html (+4ms) 
20:14:17   ├─ /York/29745/index.html (+6ms) 
20:14:17   ├─ /York/29745/cabinet-services/index.html (+3ms) 
20:14:17   ├─ /York/29745/cabinet-services/cabinet-refinishing/index.html (+2ms) 
20:14:17   ├─ /York/29745/cabinet-services/cabinet-painting/index.html (+2ms) 
20:14:17   ├─ /York/29745/cabinet-services/storage-solutions/index.html (+3ms) 
20:14:17   ├─ /York/29745/cabinet-services/countertops-backsplash/index.html (+3ms) 
20:14:17   ├─ /York/29745/cabinet-services/uv-curing/index.html (+2ms) 
20:14:17   ├─ /York/29745/interior-painting/index.html (+2ms) 
20:14:17   ├─ /York/29745/interior-painting/full-interior-painting/index.html (+2ms) 
20:14:17   ├─ /York/29745/interior-painting/ceiling-services/index.html (+2ms) 
20:14:17   ├─ /York/29745/interior-painting/drywall-repair/index.html (+4ms) 
20:14:17   ├─ /York/29745/interior-painting/surface-preparation/index.html (+3ms) 
20:14:17   ├─ /York/29745/interior-painting/painter-for-a-day/index.html (+2ms) 
20:14:17   ├─ /York/29745/exterior-painting/index.html (+2ms) 
20:14:17   ├─ /York/29745/exterior-painting/exterior-house-painting/index.html (+2ms) 
20:14:17   ├─ /York/29745/exterior-painting/limewash/index.html (+2ms) 
20:14:17   ├─ /York/29745/exterior-painting/siding-repair/index.html (+2ms) 
20:14:17   ├─ /York/29745/exterior-painting/stucco-repair/index.html (+3ms) 
20:14:17   ├─ /York/29745/exterior-painting/deck-staining/index.html (+2ms) 
20:14:17   ├─ /York/29745/exterior-painting/metal-painting/index.html (+2ms) 
20:14:17   ├─ /York/29745/flooring/index.html (+3ms) 
20:14:17   ├─ /York/29745/flooring/floor-refinishing/index.html (+7ms) 
20:14:17   ├─ /York/29745/flooring/floor-sanding/index.html (+3ms) 
20:14:17   ├─ /York/29745/flooring/garage-floor-coatings/index.html (+2ms) 
20:14:17   ├─ /York/29745/flooring/concrete-flooring/index.html (+6ms) 
20:14:17   ├─ /York/29745/commercial-services/index.html (+6ms) 
20:14:17   ├─ /York/29745/commercial-services/commercial-painting/index.html (+3ms) 
20:14:17   ├─ /York/29745/commercial-services/multi-family-painting/index.html (+4ms) 
20:14:17   ├─ /York/29745/commercial-services/restoration-painting/index.html (+2ms) 
20:14:17   ├─ /York/29745/commercial-services/holiday-lighting/index.html (+2ms) 
20:14:17   ├─ /NC/index.html (+2ms) 
20:14:17   ├─ /NC/cabinet-services/index.html (+2ms) 
20:14:17   ├─ /NC/cabinet-services/cabinet-refinishing/index.html (+2ms) 
20:14:17   ├─ /NC/cabinet-services/cabinet-painting/index.html (+2ms) 
20:14:17   ├─ /NC/cabinet-services/storage-solutions/index.html (+2ms) 
20:14:17   ├─ /NC/cabinet-services/countertops-backsplash/index.html (+2ms) 
20:14:17   ├─ /NC/cabinet-services/uv-curing/index.html (+2ms) 
20:14:17   ├─ /NC/interior-painting/index.html (+2ms) 
20:14:17   ├─ /NC/interior-painting/full-interior-painting/index.html (+2ms) 
20:14:17   ├─ /NC/interior-painting/ceiling-services/index.html (+1ms) 
20:14:17   ├─ /NC/interior-painting/drywall-repair/index.html (+2ms) 
20:14:17   ├─ /NC/interior-painting/surface-preparation/index.html (+2ms) 
20:14:17   ├─ /NC/interior-painting/painter-for-a-day/index.html (+2ms) 
20:14:17   ├─ /NC/exterior-painting/index.html (+5ms) 
20:14:17   ├─ /NC/exterior-painting/exterior-house-painting/index.html (+4ms) 
20:14:17   ├─ /NC/exterior-painting/limewash/index.html (+7ms) 
20:14:17   ├─ /NC/exterior-painting/siding-repair/index.html (+2ms) 
20:14:17   ├─ /NC/exterior-painting/stucco-repair/index.html (+2ms) 
20:14:17   ├─ /NC/exterior-painting/deck-staining/index.html (+3ms) 
20:14:17   ├─ /NC/exterior-painting/metal-painting/index.html (+3ms) 
20:14:17   ├─ /NC/flooring/index.html (+3ms) 
20:14:17   ├─ /NC/flooring/floor-refinishing/index.html (+2ms) 
20:14:17   ├─ /NC/flooring/floor-sanding/index.html (+2ms) 
20:14:17   ├─ /NC/flooring/garage-floor-coatings/index.html (+3ms) 
20:14:17   ├─ /NC/flooring/concrete-flooring/index.html (+2ms) 
20:14:17   ├─ /NC/commercial-services/index.html (+2ms) 
20:14:17   ├─ /NC/commercial-services/commercial-painting/index.html (+2ms) 
20:14:17   ├─ /NC/commercial-services/multi-family-painting/index.html (+2ms) 
20:14:17   ├─ /NC/commercial-services/restoration-painting/index.html (+3ms) 
20:14:17   ├─ /NC/commercial-services/holiday-lighting/index.html (+4ms) 
20:14:17   ├─ /SC/index.html (+5ms) 
20:14:17   ├─ /SC/cabinet-services/index.html (+5ms) 
20:14:17   ├─ /SC/cabinet-services/cabinet-refinishing/index.html (+2ms) 
20:14:17   ├─ /SC/cabinet-services/cabinet-painting/index.html (+2ms) 
20:14:17   ├─ /SC/cabinet-services/storage-solutions/index.html (+2ms) 
20:14:17   ├─ /SC/cabinet-services/countertops-backsplash/index.html (+2ms) 
20:14:17   ├─ /SC/cabinet-services/uv-curing/index.html (+2ms) 
20:14:17   ├─ /SC/interior-painting/index.html (+2ms) 
20:14:17   ├─ /SC/interior-painting/full-interior-painting/index.html (+4ms) 
20:14:17   ├─ /SC/interior-painting/ceiling-services/index.html (+2ms) 
20:14:17   ├─ /SC/interior-painting/drywall-repair/index.html (+3ms) 
20:14:17   ├─ /SC/interior-painting/surface-preparation/index.html (+2ms) 
20:14:17   ├─ /SC/interior-painting/painter-for-a-day/index.html (+2ms) 
20:14:17   ├─ /SC/exterior-painting/index.html (+2ms) 
20:14:17   ├─ /SC/exterior-painting/exterior-house-painting/index.html (+3ms) 
20:14:17   ├─ /SC/exterior-painting/limewash/index.html (+2ms) 
20:14:17   ├─ /SC/exterior-painting/siding-repair/index.html (+3ms) 
20:14:17   ├─ /SC/exterior-painting/stucco-repair/index.html (+3ms) 
20:14:17   ├─ /SC/exterior-painting/deck-staining/index.html (+3ms) 
20:14:17   ├─ /SC/exterior-painting/metal-painting/index.html (+2ms) 
20:14:17   ├─ /SC/flooring/index.html (+2ms) 
20:14:17   ├─ /SC/flooring/floor-refinishing/index.html (+2ms) 
20:14:17   ├─ /SC/flooring/floor-sanding/index.html (+2ms) 
20:14:17   ├─ /SC/flooring/garage-floor-coatings/index.html (+2ms) 
20:14:17   ├─ /SC/flooring/concrete-flooring/index.html (+2ms) 
20:14:17   ├─ /SC/commercial-services/index.html (+2ms) 
20:14:17   ├─ /SC/commercial-services/commercial-painting/index.html (+2ms) 
20:14:17   ├─ /SC/commercial-services/multi-family-painting/index.html (+2ms) 
20:14:17   ├─ /SC/commercial-services/restoration-painting/index.html (+1ms) 
20:14:17   ├─ /SC/commercial-services/holiday-lighting/index.html (+1ms) 
20:14:17   ├─ /Mecklenburg-County/index.html (+2ms) 
20:14:17   ├─ /Mecklenburg-County/cabinet-services/index.html (+3ms) 
20:14:17   ├─ /Mecklenburg-County/cabinet-services/cabinet-refinishing/index.html (+4ms) 
20:14:17   ├─ /Mecklenburg-County/cabinet-services/cabinet-painting/index.html (+1ms) 
20:14:17   ├─ /Mecklenburg-County/cabinet-services/storage-solutions/index.html (+1ms) 
20:14:17   ├─ /Mecklenburg-County/cabinet-services/countertops-backsplash/index.html (+1ms) 
20:14:17   ├─ /Mecklenburg-County/cabinet-services/uv-curing/index.html (+1ms) 
20:14:17   ├─ /Mecklenburg-County/interior-painting/index.html (+2ms) 
20:14:17   ├─ /Mecklenburg-County/interior-painting/full-interior-painting/index.html (+2ms) 
20:14:17   ├─ /Mecklenburg-County/interior-painting/ceiling-services/index.html (+1ms) 
20:14:17   ├─ /Mecklenburg-County/interior-painting/drywall-repair/index.html (+1ms) 
20:14:17   ├─ /Mecklenburg-County/interior-painting/surface-preparation/index.html (+1ms) 
20:14:17   ├─ /Mecklenburg-County/interior-painting/painter-for-a-day/index.html (+2ms) 
20:14:17   ├─ /Mecklenburg-County/exterior-painting/index.html (+1ms) 
20:14:17   ├─ /Mecklenburg-County/exterior-painting/exterior-house-painting/index.html (+1ms) 
20:14:17   ├─ /Mecklenburg-County/exterior-painting/limewash/index.html (+1ms) 
20:14:17   ├─ /Mecklenburg-County/exterior-painting/siding-repair/index.html (+2ms) 
20:14:17   ├─ /Mecklenburg-County/exterior-painting/stucco-repair/index.html (+2ms) 
20:14:17   ├─ /Mecklenburg-County/exterior-painting/deck-staining/index.html (+1ms) 
20:14:17   ├─ /Mecklenburg-County/exterior-painting/metal-painting/index.html (+1ms) 
20:14:17   ├─ /Mecklenburg-County/flooring/index.html (+1ms) 
20:14:17   ├─ /Mecklenburg-County/flooring/floor-refinishing/index.html (+2ms) 
20:14:17   ├─ /Mecklenburg-County/flooring/floor-sanding/index.html (+1ms) 
20:14:17   ├─ /Mecklenburg-County/flooring/garage-floor-coatings/index.html (+2ms) 
20:14:17   ├─ /Mecklenburg-County/flooring/concrete-flooring/index.html (+3ms) 
20:14:17   ├─ /Mecklenburg-County/commercial-services/index.html (+4ms) 
20:14:17   ├─ /Mecklenburg-County/commercial-services/commercial-painting/index.html (+2ms) 
20:14:17   ├─ /Mecklenburg-County/commercial-services/multi-family-painting/index.html (+2ms) 
20:14:17   ├─ /Mecklenburg-County/commercial-services/restoration-painting/index.html (+2ms) 
20:14:17   ├─ /Mecklenburg-County/commercial-services/holiday-lighting/index.html (+2ms) 
20:14:17   ├─ /Gaston-County/index.html (+2ms) 
20:14:17   ├─ /Gaston-County/cabinet-services/index.html (+2ms) 
20:14:17   ├─ /Gaston-County/cabinet-services/cabinet-refinishing/index.html (+3ms) 
20:14:17   ├─ /Gaston-County/cabinet-services/cabinet-painting/index.html (+5ms) 
20:14:17   ├─ /Gaston-County/cabinet-services/storage-solutions/index.html (+3ms) 
20:14:17   ├─ /Gaston-County/cabinet-services/countertops-backsplash/index.html (+2ms) 
20:14:17   ├─ /Gaston-County/cabinet-services/uv-curing/index.html (+3ms) 
20:14:17   ├─ /Gaston-County/interior-painting/index.html (+2ms) 
20:14:17   ├─ /Gaston-County/interior-painting/full-interior-painting/index.html (+3ms) 
20:14:17   ├─ /Gaston-County/interior-painting/ceiling-services/index.html (+3ms) 
20:14:17   ├─ /Gaston-County/interior-painting/drywall-repair/index.html (+3ms) 
20:14:17   ├─ /Gaston-County/interior-painting/surface-preparation/index.html (+3ms) 
20:14:17   ├─ /Gaston-County/interior-painting/painter-for-a-day/index.html (+2ms) 
20:14:17   ├─ /Gaston-County/exterior-painting/index.html (+7ms) 
20:14:17   ├─ /Gaston-County/exterior-painting/exterior-house-painting/index.html (+4ms) 
20:14:17   ├─ /Gaston-County/exterior-painting/limewash/index.html (+4ms) 
20:14:17   ├─ /Gaston-County/exterior-painting/siding-repair/index.html (+2ms) 
20:14:17   ├─ /Gaston-County/exterior-painting/stucco-repair/index.html (+2ms) 
20:14:17   ├─ /Gaston-County/exterior-painting/deck-staining/index.html (+2ms) 
20:14:17   ├─ /Gaston-County/exterior-painting/metal-painting/index.html (+6ms) 
20:14:17   ├─ /Gaston-County/flooring/index.html (+3ms) 
20:14:17   ├─ /Gaston-County/flooring/floor-refinishing/index.html (+2ms) 
20:14:17   ├─ /Gaston-County/flooring/floor-sanding/index.html (+2ms) 
20:14:17   ├─ /Gaston-County/flooring/garage-floor-coatings/index.html (+2ms) 
20:14:17   ├─ /Gaston-County/flooring/concrete-flooring/index.html (+3ms) 
20:14:17   ├─ /Gaston-County/commercial-services/index.html (+3ms) 
20:14:17   ├─ /Gaston-County/commercial-services/commercial-painting/index.html (+2ms) 
20:14:17   ├─ /Gaston-County/commercial-services/multi-family-painting/index.html (+2ms) 
20:14:17   ├─ /Gaston-County/commercial-services/restoration-painting/index.html (+2ms) 
20:14:17   ├─ /Gaston-County/commercial-services/holiday-lighting/index.html (+5ms) 
20:14:17   ├─ /Cabarrus-County/index.html (+5ms) 
20:14:17   ├─ /Cabarrus-County/cabinet-services/index.html (+3ms) 
20:14:17   ├─ /Cabarrus-County/cabinet-services/cabinet-refinishing/index.html (+2ms) 
20:14:17   ├─ /Cabarrus-County/cabinet-services/cabinet-painting/index.html (+2ms) 
20:14:17   ├─ /Cabarrus-County/cabinet-services/storage-solutions/index.html (+5ms) 
20:14:17   ├─ /Cabarrus-County/cabinet-services/countertops-backsplash/index.html (+5ms) 
20:14:17   ├─ /Cabarrus-County/cabinet-services/uv-curing/index.html (+2ms) 
20:14:17   ├─ /Cabarrus-County/interior-painting/index.html (+2ms) 
20:14:17   ├─ /Cabarrus-County/interior-painting/full-interior-painting/index.html (+3ms) 
20:14:17   ├─ /Cabarrus-County/interior-painting/ceiling-services/index.html (+4ms) 
20:14:17   ├─ /Cabarrus-County/interior-painting/drywall-repair/index.html (+2ms) 
20:14:17   ├─ /Cabarrus-County/interior-painting/surface-preparation/index.html (+2ms) 
20:14:17   ├─ /Cabarrus-County/interior-painting/painter-for-a-day/index.html (+8ms) 
20:14:17   ├─ /Cabarrus-County/exterior-painting/index.html (+5ms) 
20:14:17   ├─ /Cabarrus-County/exterior-painting/exterior-house-painting/index.html (+2ms) 
20:14:17   ├─ /Cabarrus-County/exterior-painting/limewash/index.html (+2ms) 
20:14:17   ├─ /Cabarrus-County/exterior-painting/siding-repair/index.html (+2ms) 
20:14:17   ├─ /Cabarrus-County/exterior-painting/stucco-repair/index.html (+3ms) 
20:14:17   ├─ /Cabarrus-County/exterior-painting/deck-staining/index.html (+3ms) 
20:14:17   ├─ /Cabarrus-County/exterior-painting/metal-painting/index.html (+3ms) 
20:14:17   ├─ /Cabarrus-County/flooring/index.html (+3ms) 
20:14:17   ├─ /Cabarrus-County/flooring/floor-refinishing/index.html (+2ms) 
20:14:17   ├─ /Cabarrus-County/flooring/floor-sanding/index.html (+2ms) 
20:14:17   ├─ /Cabarrus-County/flooring/garage-floor-coatings/index.html (+3ms) 
20:14:17   ├─ /Cabarrus-County/flooring/concrete-flooring/index.html (+4ms) 
20:14:17   ├─ /Cabarrus-County/commercial-services/index.html (+2ms) 
20:14:17   ├─ /Cabarrus-County/commercial-services/commercial-painting/index.html (+2ms) 
20:14:17   ├─ /Cabarrus-County/commercial-services/multi-family-painting/index.html (+4ms) 
20:14:17   ├─ /Cabarrus-County/commercial-services/restoration-painting/index.html (+2ms) 
20:14:17   ├─ /Cabarrus-County/commercial-services/holiday-lighting/index.html (+5ms) 
20:14:17   ├─ /Lincoln-County/index.html (+3ms) 
20:14:17   ├─ /Lincoln-County/cabinet-services/index.html (+3ms) 
20:14:17   ├─ /Lincoln-County/cabinet-services/cabinet-refinishing/index.html (+2ms) 
20:14:17   ├─ /Lincoln-County/cabinet-services/cabinet-painting/index.html (+3ms) 
20:14:17   ├─ /Lincoln-County/cabinet-services/storage-solutions/index.html (+3ms) 
20:14:17   ├─ /Lincoln-County/cabinet-services/countertops-backsplash/index.html (+2ms) 
20:14:17   ├─ /Lincoln-County/cabinet-services/uv-curing/index.html (+5ms) 
20:14:17   ├─ /Lincoln-County/interior-painting/index.html (+3ms) 
20:14:17   ├─ /Lincoln-County/interior-painting/full-interior-painting/index.html (+2ms) 
20:14:17   ├─ /Lincoln-County/interior-painting/ceiling-services/index.html (+3ms) 
20:14:17   ├─ /Lincoln-County/interior-painting/drywall-repair/index.html (+3ms) 
20:14:17   ├─ /Lincoln-County/interior-painting/surface-preparation/index.html (+3ms) 
20:14:17   ├─ /Lincoln-County/interior-painting/painter-for-a-day/index.html (+3ms) 
20:14:17   ├─ /Lincoln-County/exterior-painting/index.html (+3ms) 
20:14:17   ├─ /Lincoln-County/exterior-painting/exterior-house-painting/index.html (+2ms) 
20:14:17   ├─ /Lincoln-County/exterior-painting/limewash/index.html (+4ms) 
20:14:17   ├─ /Lincoln-County/exterior-painting/siding-repair/index.html (+3ms) 
20:14:17   ├─ /Lincoln-County/exterior-painting/stucco-repair/index.html (+2ms) 
20:14:17   ├─ /Lincoln-County/exterior-painting/deck-staining/index.html (+2ms) 
20:14:17   ├─ /Lincoln-County/exterior-painting/metal-painting/index.html (+2ms) 
20:14:17   ├─ /Lincoln-County/flooring/index.html (+2ms) 
20:14:17   ├─ /Lincoln-County/flooring/floor-refinishing/index.html (+2ms) 
20:14:17   ├─ /Lincoln-County/flooring/floor-sanding/index.html (+2ms) 
20:14:17   ├─ /Lincoln-County/flooring/garage-floor-coatings/index.html (+3ms) 
20:14:17   ├─ /Lincoln-County/flooring/concrete-flooring/index.html (+4ms) 
20:14:17   ├─ /Lincoln-County/commercial-services/index.html (+3ms) 
20:14:17   ├─ /Lincoln-County/commercial-services/commercial-painting/index.html (+2ms) 
20:14:17   ├─ /Lincoln-County/commercial-services/multi-family-painting/index.html (+2ms) 
20:14:17   ├─ /Lincoln-County/commercial-services/restoration-painting/index.html (+2ms) 
20:14:17   ├─ /Lincoln-County/commercial-services/holiday-lighting/index.html (+15ms) 
20:14:17   ├─ /Rowan-County/index.html (+3ms) 
20:14:17   ├─ /Rowan-County/cabinet-services/index.html (+4ms) 
20:14:17   ├─ /Rowan-County/cabinet-services/cabinet-refinishing/index.html (+3ms) 
20:14:17   ├─ /Rowan-County/cabinet-services/cabinet-painting/index.html (+2ms) 
20:14:17   ├─ /Rowan-County/cabinet-services/storage-solutions/index.html (+2ms) 
20:14:17   ├─ /Rowan-County/cabinet-services/countertops-backsplash/index.html (+2ms) 
20:14:17   ├─ /Rowan-County/cabinet-services/uv-curing/index.html (+2ms) 
20:14:17   ├─ /Rowan-County/interior-painting/index.html (+10ms) 
20:14:17   ├─ /Rowan-County/interior-painting/full-interior-painting/index.html (+2ms) 
20:14:17   ├─ /Rowan-County/interior-painting/ceiling-services/index.html (+4ms) 
20:14:17   ├─ /Rowan-County/interior-painting/drywall-repair/index.html (+2ms) 
20:14:17   ├─ /Rowan-County/interior-painting/surface-preparation/index.html (+2ms) 
20:14:17   ├─ /Rowan-County/interior-painting/painter-for-a-day/index.html (+3ms) 
20:14:17   ├─ /Rowan-County/exterior-painting/index.html (+2ms) 
20:14:17   ├─ /Rowan-County/exterior-painting/exterior-house-painting/index.html (+2ms) 
20:14:17   ├─ /Rowan-County/exterior-painting/limewash/index.html (+6ms) 
20:14:17   ├─ /Rowan-County/exterior-painting/siding-repair/index.html (+2ms) 
20:14:17   ├─ /Rowan-County/exterior-painting/stucco-repair/index.html (+7ms) 
20:14:17   ├─ /Rowan-County/exterior-painting/deck-staining/index.html (+4ms) 
20:14:17   ├─ /Rowan-County/exterior-painting/metal-painting/index.html (+3ms) 
20:14:17   ├─ /Rowan-County/flooring/index.html (+2ms) 
20:14:17   ├─ /Rowan-County/flooring/floor-refinishing/index.html (+2ms) 
20:14:17   ├─ /Rowan-County/flooring/floor-sanding/index.html (+2ms) 
20:14:17   ├─ /Rowan-County/flooring/garage-floor-coatings/index.html (+19ms) 
20:14:17   ├─ /Rowan-County/flooring/concrete-flooring/index.html (+2ms) 
20:14:17   ├─ /Rowan-County/commercial-services/index.html (+1ms) 
20:14:17   ├─ /Rowan-County/commercial-services/commercial-painting/index.html (+2ms) 
20:14:17   ├─ /Rowan-County/commercial-services/multi-family-painting/index.html (+2ms) 
20:14:17   ├─ /Rowan-County/commercial-services/restoration-painting/index.html (+2ms) 
20:14:17   ├─ /Rowan-County/commercial-services/holiday-lighting/index.html (+1ms) 
20:14:17   ├─ /Union-County/index.html (+2ms) 
20:14:17   ├─ /Union-County/cabinet-services/index.html (+1ms) 
20:14:17   ├─ /Union-County/cabinet-services/cabinet-refinishing/index.html (+1ms) 
20:14:17   ├─ /Union-County/cabinet-services/cabinet-painting/index.html (+2ms) 
20:14:17   ├─ /Union-County/cabinet-services/storage-solutions/index.html (+4ms) 
20:14:17   ├─ /Union-County/cabinet-services/countertops-backsplash/index.html (+4ms) 
20:14:17   ├─ /Union-County/cabinet-services/uv-curing/index.html (+3ms) 
20:14:17   ├─ /Union-County/interior-painting/index.html (+2ms) 
20:14:17   ├─ /Union-County/interior-painting/full-interior-painting/index.html (+2ms) 
20:14:17   ├─ /Union-County/interior-painting/ceiling-services/index.html (+1ms) 
20:14:17   ├─ /Union-County/interior-painting/drywall-repair/index.html (+1ms) 
20:14:17   ├─ /Union-County/interior-painting/surface-preparation/index.html (+1ms) 
20:14:17   ├─ /Union-County/interior-painting/painter-for-a-day/index.html (+1ms) 
20:14:17   ├─ /Union-County/exterior-painting/index.html (+2ms) 
20:14:17   ├─ /Union-County/exterior-painting/exterior-house-painting/index.html (+2ms) 
20:14:17   ├─ /Union-County/exterior-painting/limewash/index.html (+2ms) 
20:14:17   ├─ /Union-County/exterior-painting/siding-repair/index.html (+2ms) 
20:14:17   ├─ /Union-County/exterior-painting/stucco-repair/index.html (+9ms) 
20:14:17   ├─ /Union-County/exterior-painting/deck-staining/index.html (+2ms) 
20:14:17   ├─ /Union-County/exterior-painting/metal-painting/index.html (+2ms) 
20:14:17   ├─ /Union-County/flooring/index.html (+3ms) 
20:14:17   ├─ /Union-County/flooring/floor-refinishing/index.html (+2ms) 
20:14:17   ├─ /Union-County/flooring/floor-sanding/index.html (+1ms) 
20:14:17   ├─ /Union-County/flooring/garage-floor-coatings/index.html (+1ms) 
20:14:17   ├─ /Union-County/flooring/concrete-flooring/index.html (+1ms) 
20:14:17   ├─ /Union-County/commercial-services/index.html (+1ms) 
20:14:17   ├─ /Union-County/commercial-services/commercial-painting/index.html (+1ms) 
20:14:17   ├─ /Union-County/commercial-services/multi-family-painting/index.html (+2ms) 
20:14:17   ├─ /Union-County/commercial-services/restoration-painting/index.html (+2ms) 
20:14:17   ├─ /Union-County/commercial-services/holiday-lighting/index.html (+4ms) 
20:14:17   ├─ /Iredell-County/index.html (+3ms) 
20:14:17   ├─ /Iredell-County/cabinet-services/index.html (+2ms) 
20:14:17   ├─ /Iredell-County/cabinet-services/cabinet-refinishing/index.html (+1ms) 
20:14:17   ├─ /Iredell-County/cabinet-services/cabinet-painting/index.html (+1ms) 
20:14:17   ├─ /Iredell-County/cabinet-services/storage-solutions/index.html (+1ms) 
20:14:17   ├─ /Iredell-County/cabinet-services/countertops-backsplash/index.html (+1ms) 
20:14:17   ├─ /Iredell-County/cabinet-services/uv-curing/index.html (+1ms) 
20:14:17   ├─ /Iredell-County/interior-painting/index.html (+1ms) 
20:14:17   ├─ /Iredell-County/interior-painting/full-interior-painting/index.html (+1ms) 
20:14:17   ├─ /Iredell-County/interior-painting/ceiling-services/index.html (+1ms) 
20:14:17   ├─ /Iredell-County/interior-painting/drywall-repair/index.html (+6ms) 
20:14:17   ├─ /Iredell-County/interior-painting/surface-preparation/index.html (+1ms) 
20:14:17   ├─ /Iredell-County/interior-painting/painter-for-a-day/index.html (+1ms) 
20:14:17   ├─ /Iredell-County/exterior-painting/index.html (+1ms) 
20:14:17   ├─ /Iredell-County/exterior-painting/exterior-house-painting/index.html (+1ms) 
20:14:17   ├─ /Iredell-County/exterior-painting/limewash/index.html (+1ms) 
20:14:17   ├─ /Iredell-County/exterior-painting/siding-repair/index.html (+1ms) 
20:14:17   ├─ /Iredell-County/exterior-painting/stucco-repair/index.html (+1ms) 
20:14:17   ├─ /Iredell-County/exterior-painting/deck-staining/index.html (+1ms) 
20:14:17   ├─ /Iredell-County/exterior-painting/metal-painting/index.html (+1ms) 
20:14:17   ├─ /Iredell-County/flooring/index.html (+1ms) 
20:14:17   ├─ /Iredell-County/flooring/floor-refinishing/index.html (+1ms) 
20:14:17   ├─ /Iredell-County/flooring/floor-sanding/index.html (+1ms) 
20:14:17   ├─ /Iredell-County/flooring/garage-floor-coatings/index.html (+1ms) 
20:14:17   ├─ /Iredell-County/flooring/concrete-flooring/index.html (+1ms) 
20:14:17   ├─ /Iredell-County/commercial-services/index.html (+1ms) 
20:14:17   ├─ /Iredell-County/commercial-services/commercial-painting/index.html (+2ms) 
20:14:17   ├─ /Iredell-County/commercial-services/multi-family-painting/index.html (+2ms) 
20:14:17   ├─ /Iredell-County/commercial-services/restoration-painting/index.html (+3ms) 
20:14:17   ├─ /Iredell-County/commercial-services/holiday-lighting/index.html (+2ms) 
20:14:17   ├─ /Chester-County/index.html (+2ms) 
20:14:17   ├─ /Chester-County/cabinet-services/index.html (+3ms) 
20:14:17   ├─ /Chester-County/cabinet-services/cabinet-refinishing/index.html (+2ms) 
20:14:17   ├─ /Chester-County/cabinet-services/cabinet-painting/index.html (+2ms) 
20:14:17   ├─ /Chester-County/cabinet-services/storage-solutions/index.html (+9ms) 
20:14:17   ├─ /Chester-County/cabinet-services/countertops-backsplash/index.html (+2ms) 
20:14:17   ├─ /Chester-County/cabinet-services/uv-curing/index.html (+6ms) 
20:14:17   ├─ /Chester-County/interior-painting/index.html (+2ms) 
20:14:17   ├─ /Chester-County/interior-painting/full-interior-painting/index.html (+1ms) 
20:14:17   ├─ /Chester-County/interior-painting/ceiling-services/index.html (+1ms) 
20:14:17   ├─ /Chester-County/interior-painting/drywall-repair/index.html (+2ms) 
20:14:17   ├─ /Chester-County/interior-painting/surface-preparation/index.html (+8ms) 
20:14:17   ├─ /Chester-County/interior-painting/painter-for-a-day/index.html (+3ms) 
20:14:17   ├─ /Chester-County/exterior-painting/index.html (+3ms) 
20:14:17   ├─ /Chester-County/exterior-painting/exterior-house-painting/index.html (+2ms) 
20:14:17   ├─ /Chester-County/exterior-painting/limewash/index.html (+5ms) 
20:14:17   ├─ /Chester-County/exterior-painting/siding-repair/index.html (+9ms) 
20:14:17   ├─ /Chester-County/exterior-painting/stucco-repair/index.html (+9ms) 
20:14:17   ├─ /Chester-County/exterior-painting/deck-staining/index.html (+4ms) 
20:14:17   ├─ /Chester-County/exterior-painting/metal-painting/index.html (+4ms) 
20:14:17   ├─ /Chester-County/flooring/index.html (+2ms) 
20:14:17   ├─ /Chester-County/flooring/floor-refinishing/index.html (+4ms) 
20:14:17   ├─ /Chester-County/flooring/floor-sanding/index.html (+2ms) 
20:14:17   ├─ /Chester-County/flooring/garage-floor-coatings/index.html (+1ms) 
20:14:17   ├─ /Chester-County/flooring/concrete-flooring/index.html (+1ms) 
20:14:17   ├─ /Chester-County/commercial-services/index.html (+1ms) 
20:14:17   ├─ /Chester-County/commercial-services/commercial-painting/index.html (+2ms) 
20:14:17   ├─ /Chester-County/commercial-services/multi-family-painting/index.html (+1ms) 
20:14:17   ├─ /Chester-County/commercial-services/restoration-painting/index.html (+7ms) 
20:14:17   ├─ /Chester-County/commercial-services/holiday-lighting/index.html (+2ms) 
20:14:17   ├─ /Lancaster-County/index.html (+1ms) 
20:14:17   ├─ /Lancaster-County/cabinet-services/index.html (+1ms) 
20:14:17   ├─ /Lancaster-County/cabinet-services/cabinet-refinishing/index.html (+3ms) 
20:14:17   ├─ /Lancaster-County/cabinet-services/cabinet-painting/index.html (+2ms) 
20:14:17   ├─ /Lancaster-County/cabinet-services/storage-solutions/index.html (+4ms) 
20:14:17   ├─ /Lancaster-County/cabinet-services/countertops-backsplash/index.html (+2ms) 
20:14:17   ├─ /Lancaster-County/cabinet-services/uv-curing/index.html (+1ms) 
20:14:17   ├─ /Lancaster-County/interior-painting/index.html (+4ms) 
20:14:17   ├─ /Lancaster-County/interior-painting/full-interior-painting/index.html (+6ms) 
20:14:17   ├─ /Lancaster-County/interior-painting/ceiling-services/index.html (+3ms) 
20:14:17   ├─ /Lancaster-County/interior-painting/drywall-repair/index.html (+1ms) 
20:14:17   ├─ /Lancaster-County/interior-painting/surface-preparation/index.html (+1ms) 
20:14:17   ├─ /Lancaster-County/interior-painting/painter-for-a-day/index.html (+1ms) 
20:14:17   ├─ /Lancaster-County/exterior-painting/index.html (+1ms) 
20:14:17   ├─ /Lancaster-County/exterior-painting/exterior-house-painting/index.html (+3ms) 
20:14:18   ├─ /Lancaster-County/exterior-painting/limewash/index.html (+2ms) 
20:14:18   ├─ /Lancaster-County/exterior-painting/siding-repair/index.html (+2ms) 
20:14:18   ├─ /Lancaster-County/exterior-painting/stucco-repair/index.html (+2ms) 
20:14:18   ├─ /Lancaster-County/exterior-painting/deck-staining/index.html (+2ms) 
20:14:18   ├─ /Lancaster-County/exterior-painting/metal-painting/index.html (+1ms) 
20:14:18   ├─ /Lancaster-County/flooring/index.html (+1ms) 
20:14:18   ├─ /Lancaster-County/flooring/floor-refinishing/index.html (+18ms) 
20:14:18   ├─ /Lancaster-County/flooring/floor-sanding/index.html (+4ms) 
20:14:18   ├─ /Lancaster-County/flooring/garage-floor-coatings/index.html (+1ms) 
20:14:18   ├─ /Lancaster-County/flooring/concrete-flooring/index.html (+1ms) 
20:14:18   ├─ /Lancaster-County/commercial-services/index.html (+1ms) 
20:14:18   ├─ /Lancaster-County/commercial-services/commercial-painting/index.html (+1ms) 
20:14:18   ├─ /Lancaster-County/commercial-services/multi-family-painting/index.html (+1ms) 
20:14:18   ├─ /Lancaster-County/commercial-services/restoration-painting/index.html (+12ms) 
20:14:18   ├─ /Lancaster-County/commercial-services/holiday-lighting/index.html (+2ms) 
20:14:18   ├─ /York-County/index.html (+1ms) 
20:14:18   ├─ /York-County/cabinet-services/index.html (+1ms) 
20:14:18   ├─ /York-County/cabinet-services/cabinet-refinishing/index.html (+1ms) 
20:14:18   ├─ /York-County/cabinet-services/cabinet-painting/index.html (+2ms) 
20:14:18   ├─ /York-County/cabinet-services/storage-solutions/index.html (+1ms) 
20:14:18   ├─ /York-County/cabinet-services/countertops-backsplash/index.html (+1ms) 
20:14:18   ├─ /York-County/cabinet-services/uv-curing/index.html (+1ms) 
20:14:18   ├─ /York-County/interior-painting/index.html (+2ms) 
20:14:18   ├─ /York-County/interior-painting/full-interior-painting/index.html (+3ms) 
20:14:18   ├─ /York-County/interior-painting/ceiling-services/index.html (+1ms) 
20:14:18   ├─ /York-County/interior-painting/drywall-repair/index.html (+2ms) 
20:14:18   ├─ /York-County/interior-painting/surface-preparation/index.html (+1ms) 
20:14:18   ├─ /York-County/interior-painting/painter-for-a-day/index.html (+1ms) 
20:14:18   ├─ /York-County/exterior-painting/index.html (+2ms) 
20:14:18   ├─ /York-County/exterior-painting/exterior-house-painting/index.html (+3ms) 
20:14:18   ├─ /York-County/exterior-painting/limewash/index.html (+12ms) 
20:14:18   ├─ /York-County/exterior-painting/siding-repair/index.html (+2ms) 
20:14:18   ├─ /York-County/exterior-painting/stucco-repair/index.html (+1ms) 
20:14:18   ├─ /York-County/exterior-painting/deck-staining/index.html (+1ms) 
20:14:18   ├─ /York-County/exterior-painting/metal-painting/index.html (+2ms) 
20:14:18   ├─ /York-County/flooring/index.html (+1ms) 
20:14:18   ├─ /York-County/flooring/floor-refinishing/index.html (+1ms) 
20:14:18   ├─ /York-County/flooring/floor-sanding/index.html (+1ms) 
20:14:18   ├─ /York-County/flooring/garage-floor-coatings/index.html (+1ms) 
20:14:18   ├─ /York-County/flooring/concrete-flooring/index.html (+1ms) 
20:14:18   ├─ /York-County/commercial-services/index.html (+2ms) 
20:14:18   ├─ /York-County/commercial-services/commercial-painting/index.html (+1ms) 
20:14:18   ├─ /York-County/commercial-services/multi-family-painting/index.html (+1ms) 
20:14:18   ├─ /York-County/commercial-services/restoration-painting/index.html (+2ms) 
20:14:18   └─ /York-County/commercial-services/holiday-lighting/index.html (+1ms) 
20:14:18 ✓ Completed in 18.01s.

20:14:19 [@astrojs/sitemap] `sitemap-index.xml` created at `dist`
20:14:19 [build] 4359 page(s) built in 27.24s
20:14:19 [build] Complete!
